Archive member included to satisfy reference by file (symbol)

/Users/gavin/Documents/ChatGPT/worklouder-sdk-knob-1/.toolchains/xtensa-esp-elf-13.2.0_20240530/bin/../lib/gcc/xtensa-esp-elf/13.2.0/esp32s3/libgcc.a(_ashldi3.o)
                              /var/folders/n9/hdh7883x683d2htsf466jfwr0000gn/T/framer-mqjs-module-loader-Hx0uZ8/module-0-runtime.o (__ashldi3)
/Users/gavin/Documents/ChatGPT/worklouder-sdk-knob-1/.toolchains/xtensa-esp-elf-13.2.0_20240530/bin/../lib/gcc/xtensa-esp-elf/13.2.0/esp32s3/libgcc.a(_lshrdi3.o)
                              /var/folders/n9/hdh7883x683d2htsf466jfwr0000gn/T/framer-mqjs-module-loader-Hx0uZ8/module-0-runtime.o (__lshrdi3)
/Users/gavin/Documents/ChatGPT/worklouder-sdk-knob-1/.toolchains/xtensa-esp-elf-13.2.0_20240530/bin/../lib/gcc/xtensa-esp-elf/13.2.0/esp32s3/libgcc.a(_bswapsi2.o)
                              /var/folders/n9/hdh7883x683d2htsf466jfwr0000gn/T/framer-mqjs-module-loader-Hx0uZ8/module-0-runtime.o (__bswapsi2)
/Users/gavin/Documents/ChatGPT/worklouder-sdk-knob-1/.toolchains/xtensa-esp-elf-13.2.0_20240530/bin/../lib/gcc/xtensa-esp-elf/13.2.0/esp32s3/libgcc.a(_addsubdf3.o)
                              /var/folders/n9/hdh7883x683d2htsf466jfwr0000gn/T/framer-mqjs-module-loader-Hx0uZ8/module-0-runtime.o (__adddf3)
/Users/gavin/Documents/ChatGPT/worklouder-sdk-knob-1/.toolchains/xtensa-esp-elf-13.2.0_20240530/bin/../lib/gcc/xtensa-esp-elf/13.2.0/esp32s3/libgcc.a(_muldf3.o)
                              /var/folders/n9/hdh7883x683d2htsf466jfwr0000gn/T/framer-mqjs-module-loader-Hx0uZ8/module-0-runtime.o (__muldf3)
/Users/gavin/Documents/ChatGPT/worklouder-sdk-knob-1/.toolchains/xtensa-esp-elf-13.2.0_20240530/bin/../lib/gcc/xtensa-esp-elf/13.2.0/esp32s3/libgcc.a(_divdf3.o)
                              /var/folders/n9/hdh7883x683d2htsf466jfwr0000gn/T/framer-mqjs-module-loader-Hx0uZ8/module-0-runtime.o (__divdf3)
/Users/gavin/Documents/ChatGPT/worklouder-sdk-knob-1/.toolchains/xtensa-esp-elf-13.2.0_20240530/bin/../lib/gcc/xtensa-esp-elf/13.2.0/esp32s3/libgcc.a(_cmpdf2.o)
                              /var/folders/n9/hdh7883x683d2htsf466jfwr0000gn/T/framer-mqjs-module-loader-Hx0uZ8/module-0-runtime.o (__eqdf2)
/Users/gavin/Documents/ChatGPT/worklouder-sdk-knob-1/.toolchains/xtensa-esp-elf-13.2.0_20240530/bin/../lib/gcc/xtensa-esp-elf/13.2.0/esp32s3/libgcc.a(_fixdfsi.o)
                              /var/folders/n9/hdh7883x683d2htsf466jfwr0000gn/T/framer-mqjs-module-loader-Hx0uZ8/module-0-runtime.o (__fixdfsi)
/Users/gavin/Documents/ChatGPT/worklouder-sdk-knob-1/.toolchains/xtensa-esp-elf-13.2.0_20240530/bin/../lib/gcc/xtensa-esp-elf/13.2.0/esp32s3/libgcc.a(_floatsidf.o)
                              /var/folders/n9/hdh7883x683d2htsf466jfwr0000gn/T/framer-mqjs-module-loader-Hx0uZ8/module-0-runtime.o (__floatunsidf)
/Users/gavin/Documents/ChatGPT/worklouder-sdk-knob-1/.toolchains/xtensa-esp-elf-13.2.0_20240530/bin/../lib/gcc/xtensa-esp-elf/13.2.0/esp32s3/libgcc.a(_floatdidf.o)
                              /var/folders/n9/hdh7883x683d2htsf466jfwr0000gn/T/framer-mqjs-module-loader-Hx0uZ8/module-0-runtime.o (__floatdidf)
/Users/gavin/Documents/ChatGPT/worklouder-sdk-knob-1/.toolchains/xtensa-esp-elf-13.2.0_20240530/bin/../lib/gcc/xtensa-esp-elf/13.2.0/esp32s3/libgcc.a(_truncdfsf2.o)
                              /var/folders/n9/hdh7883x683d2htsf466jfwr0000gn/T/framer-mqjs-module-loader-Hx0uZ8/module-0-runtime.o (__truncdfsf2)
/Users/gavin/Documents/ChatGPT/worklouder-sdk-knob-1/.toolchains/xtensa-esp-elf-13.2.0_20240530/bin/../lib/gcc/xtensa-esp-elf/13.2.0/esp32s3/libgcc.a(_extendsfdf2.o)
                              /var/folders/n9/hdh7883x683d2htsf466jfwr0000gn/T/framer-mqjs-module-loader-Hx0uZ8/module-0-runtime.o (__extendsfdf2)
/Users/gavin/Documents/ChatGPT/worklouder-sdk-knob-1/.toolchains/xtensa-esp-elf-13.2.0_20240530/bin/../lib/gcc/xtensa-esp-elf/13.2.0/esp32s3/libgcc.a(_divdi3.o)
                              /var/folders/n9/hdh7883x683d2htsf466jfwr0000gn/T/framer-mqjs-module-loader-Hx0uZ8/module-0-dtoa.o (__divdi3)
/Users/gavin/Documents/ChatGPT/worklouder-sdk-knob-1/.toolchains/xtensa-esp-elf-13.2.0_20240530/bin/../lib/gcc/xtensa-esp-elf/13.2.0/esp32s3/libgcc.a(_moddi3.o)
                              /var/folders/n9/hdh7883x683d2htsf466jfwr0000gn/T/framer-mqjs-module-loader-Hx0uZ8/module-0-dtoa.o (__moddi3)
/Users/gavin/Documents/ChatGPT/worklouder-sdk-knob-1/.toolchains/xtensa-esp-elf-13.2.0_20240530/bin/../lib/gcc/xtensa-esp-elf/13.2.0/esp32s3/libgcc.a(_udivdi3.o)
                              /var/folders/n9/hdh7883x683d2htsf466jfwr0000gn/T/framer-mqjs-module-loader-Hx0uZ8/module-0-runtime.o (__udivdi3)
/Users/gavin/Documents/ChatGPT/worklouder-sdk-knob-1/.toolchains/xtensa-esp-elf-13.2.0_20240530/bin/../lib/gcc/xtensa-esp-elf/13.2.0/esp32s3/libgcc.a(_umoddi3.o)
                              /var/folders/n9/hdh7883x683d2htsf466jfwr0000gn/T/framer-mqjs-module-loader-Hx0uZ8/module-0-dtoa.o (__umoddi3)
[...]
Memory Configuration

Name             Origin             Length             Attributes
module_text      0x423d0000         0x00020000         xr
module_rodata    0x3c3f0000         0x00010000         r
*default*        0x00000000         0xffffffff

Linker script and memory map


.text           0x423d0000    0x10a4c
 *(.literal .literal.* .gnu.linkonce.literal.*)
 .literal       0x423d0000        0x8 /Users/gavin/Documents/ChatGPT/worklouder-sdk-knob-1/.toolchains/xtensa-esp-elf-13.2.0_20240530/bin/../lib/gcc/xtensa-esp-elf/13.2.0/esp32s3/libgcc.a(_addsubdf3.o)
                                 0x10 (size before relaxing)
 .literal       0x423d0008        0x4 /Users/gavin/Documents/ChatGPT/worklouder-sdk-knob-1/.toolchains/xtensa-esp-elf-13.2.0_20240530/bin/../lib/gcc/xtensa-esp-elf/13.2.0/esp32s3/libgcc.a(_muldf3.o)
                                  0xc (size before relaxing)
 .literal       0x423d000c        0x0 /Users/gavin/Documents/ChatGPT/worklouder-sdk-knob-1/.toolchains/xtensa-esp-elf-13.2.0_20240530/bin/../lib/gcc/xtensa-esp-elf/13.2.0/esp32s3/libgcc.a(_divdf3.o)
                                 0x10 (size before relaxing)
 .literal       0x423d000c        0x0 /Users/gavin/Documents/ChatGPT/worklouder-sdk-knob-1/.toolchains/xtensa-esp-elf-13.2.0_20240530/bin/../lib/gcc/xtensa-esp-elf/13.2.0/esp32s3/libgcc.a(_cmpdf2.o)
                                 0x18 (size before relaxing)
 .literal       0x423d000c        0x0 /Users/gavin/Documents/ChatGPT/worklouder-sdk-knob-1/.toolchains/xtensa-esp-elf-13.2.0_20240530/bin/../lib/gcc/xtensa-esp-elf/13.2.0/esp32s3/libgcc.a(_fixdfsi.o)
                                  0x4 (size before relaxing)
 .literal       0x423d000c        0x4 /Users/gavin/Documents/ChatGPT/worklouder-sdk-knob-1/.toolchains/xtensa-esp-elf-13.2.0_20240530/bin/../lib/gcc/xtensa-esp-elf/13.2.0/esp32s3/libgcc.a(_truncdfsf2.o)
                                  0x8 (size before relaxing)
 .literal       0x423d0010        0x0 /Users/gavin/Documents/ChatGPT/worklouder-sdk-knob-1/.toolchains/xtensa-esp-elf-13.2.0_20240530/bin/../lib/gcc/xtensa-esp-elf/13.2.0/esp32s3/libgcc.a(_extendsfdf2.o)
                                  0x8 (size before relaxing)
 .literal       0x423d0010       0x14 /Users/gavin/Documents/ChatGPT/worklouder-sdk-knob-1/.toolchains/xtensa-esp-elf-13.2.0_20240530/bin/../lib/gcc/xtensa-esp-elf/13.2.0/../../../../xtensa-esp-elf/lib/esp32s3/libc.a(libc_a-strcmp.o)
                                 0x1c (size before relaxing)
 .literal       0x423d0024        0x0 /Users/gavin/Documents/ChatGPT/worklouder-sdk-knob-1/.toolchains/xtensa-esp-elf-13.2.0_20240530/bin/../lib/gcc/xtensa-esp-elf/13.2.0/../../../../xtensa-esp-elf/lib/esp32s3/libc.a(libc_a-strlen.o)
                                  0xc (size before relaxing)
 *(.text .text.* .gnu.linkonce.t.*)
 .text.bswap32  0x423d0024        0xc /var/folders/n9/hdh7883x683d2htsf466jfwr0000gn/T/framer-mqjs-module-loader-Hx0uZ8/module-0-runtime.o
                                 0x14 (size before relaxing)
 .text.js_rehash_props
                0x423d0030       0x74 /var/folders/n9/hdh7883x683d2htsf466jfwr0000gn/T/framer-mqjs-module-loader-Hx0uZ8/module-0-runtime.o
                                 0x78 (size before relaxing)
 .text.is_ident_next
                0x423d00a4       0x1a /var/folders/n9/hdh7883x683d2htsf466jfwr0000gn/T/framer-mqjs-module-loader-Hx0uZ8/module-0-runtime.o
                                 0x22 (size before relaxing)
 *fill*         0x423d00be        0x2 
 .text.is_regexp_allowed
                0x423d00c0       0x6e /var/folders/n9/hdh7883x683d2htsf466jfwr0000gn/T/framer-mqjs-module-loader-Hx0uZ8/module-0-runtime.o
 *fill*         0x423d012e        0x2 
 .text.js_parse_escape
                0x423d0130      0x116 /var/folders/n9/hdh7883x683d2htsf466jfwr0000gn/T/framer-mqjs-module-loader-Hx0uZ8/module-0-runtime.o
                                0x12e (size before relaxing)
 *fill*         0x423d0246        0x2 
 .text.get_mblock_size
                0x423d0248       0x64 /var/folders/n9/hdh7883x683d2htsf466jfwr0000gn/T/framer-mqjs-module-loader-Hx0uZ8/module-0-runtime.o
 .text.js_free  0x423d02ac       0x18 /var/folders/n9/hdh7883x683d2htsf466jfwr0000gn/T/framer-mqjs-module-loader-Hx0uZ8/module-0-runtime.o
                                 0x1c (size before relaxing)
 .text.js_shrink
                0x423d02c4       0x36 /var/folders/n9/hdh7883x683d2htsf466jfwr0000gn/T/framer-mqjs-module-loader-Hx0uZ8/module-0-runtime.o
                                 0x42 (size before relaxing)
 *fill*         0x423d02fa        0x2 
 .text.js_shrink_byte_array
                0x423d02fc       0x33 /var/folders/n9/hdh7883x683d2htsf466jfwr0000gn/T/framer-mqjs-module-loader-Hx0uZ8/module-0-runtime.o
                                 0x3b (size before relaxing)
 *fill*         0x423d032f        0x1 
 .text.js_shrink_value_array
                0x423d0330       0x37 /var/folders/n9/hdh7883x683d2htsf466jfwr0000gn/T/framer-mqjs-module-loader-Hx0uZ8/module-0-runtime.o
                                 0x3f (size before relaxing)
 *fill*         0x423d0367        0x1 
 .text.gc_mark  0x423d0368       0x5c /var/folders/n9/hdh7883x683d2htsf466jfwr0000gn/T/framer-mqjs-module-loader-Hx0uZ8/module-0-runtime.o
                                 0x60 (size before relaxing)
 .text.gc_mark_flush
                0x423d03c4      0x140 /var/folders/n9/hdh7883x683d2htsf466jfwr0000gn/T/framer-mqjs-module-loader-Hx0uZ8/module-0-runtime.o
                                0x188 (size before relaxing)
 .text.gc_mark_root
                0x423d0504       0x13 /var/folders/n9/hdh7883x683d2htsf466jfwr0000gn/T/framer-mqjs-module-loader-Hx0uZ8/module-0-runtime.o
                                 0x1f (size before relaxing)
 *fill*         0x423d0517        0x1 
 .text.js_parse_regexp_flags
                0x423d0518       0x69 /var/folders/n9/hdh7883x683d2htsf466jfwr0000gn/T/framer-mqjs-module-loader-Hx0uZ8/module-0-runtime.o
 *fill*         0x423d0581        0x3 
 .text.interrupt_handler
                0x423d0584       0x51 /var/folders/n9/hdh7883x683d2htsf466jfwr0000gn/T/framer-mqjs-module-loader-Hx0uZ8/module-0-runtime.o
                                 0x55 (size before relaxing)
 *fill*         0x423d05d5        0x3 
 .text.snprintf_write_func
                0x423d05d8       0x28 /var/folders/n9/hdh7883x683d2htsf466jfwr0000gn/T/framer-mqjs-module-loader-Hx0uZ8/module-0-runtime.o
                                 0x2c (size before relaxing)
 .text.unicode_to_utf8
                0x423d0600       0x1c /var/folders/n9/hdh7883x683d2htsf466jfwr0000gn/T/framer-mqjs-module-loader-Hx0uZ8/module-0-runtime.o
                                 0x23 (size before relaxing)
 *fill*         0x423d061c        0x0 
 .text.get_short_string
                0x423d061c       0x1b /var/folders/n9/hdh7883x683d2htsf466jfwr0000gn/T/framer-mqjs-module-loader-Hx0uZ8/module-0-runtime.o
                                 0x1f (size before relaxing)
 *fill*         0x423d0637        0x1 
 .text.emit_input_event
                0x423d0638       0xa5 /var/folders/n9/hdh7883x683d2htsf466jfwr0000gn/T/framer-mqjs-module-loader-Hx0uZ8/module-0-runtime.o
                                 0xa9 (size before relaxing)
 *fill*         0x423d06dd        0x3 
 .text.reconcile_chord
                0x423d06e0       0x88 /var/folders/n9/hdh7883x683d2htsf466jfwr0000gn/T/framer-mqjs-module-loader-Hx0uZ8/module-0-runtime.o
                                 0x94 (size before relaxing)
 .text.advance_input_to
                0x423d0768      0x217 /var/folders/n9/hdh7883x683d2htsf466jfwr0000gn/T/framer-mqjs-module-loader-Hx0uZ8/module-0-runtime.o
                                0x22b (size before relaxing)
 *fill*         0x423d097f        0x1 
 .text.string_get_cp
                0x423d0980       0x2c /var/folders/n9/hdh7883x683d2htsf466jfwr0000gn/T/framer-mqjs-module-loader-Hx0uZ8/module-0-runtime.o
                                 0x30 (size before relaxing)
 .text.js_byte_array_to_string
                0x423d09ac       0x90 /var/folders/n9/hdh7883x683d2htsf466jfwr0000gn/T/framer-mqjs-module-loader-Hx0uZ8/module-0-runtime.o
                                 0x9c (size before relaxing)
 .text.event_from_name
                0x423d0a3c      0x168 /var/folders/n9/hdh7883x683d2htsf466jfwr0000gn/T/framer-mqjs-module-loader-Hx0uZ8/module-0-runtime.o
                                0x1a4 (size before relaxing)
 .text.pad      0x423d0ba4       0x2e /var/folders/n9/hdh7883x683d2htsf466jfwr0000gn/T/framer-mqjs-module-loader-Hx0uZ8/module-0-runtime.o
                                 0x36 (size before relaxing)
 *fill*         0x423d0bd2        0x2 
 .text.js_vprintf
                0x423d0bd4      0x448 /var/folders/n9/hdh7883x683d2htsf466jfwr0000gn/T/framer-mqjs-module-loader-Hx0uZ8/module-0-runtime.o
                                0x490 (size before relaxing)
 .text.js_vsnprintf
                0x423d101c       0x34 /var/folders/n9/hdh7883x683d2htsf466jfwr0000gn/T/framer-mqjs-module-loader-Hx0uZ8/module-0-runtime.o
                                 0x3c (size before relaxing)
 .text.cprintf  0x423d1050       0x37 /var/folders/n9/hdh7883x683d2htsf466jfwr0000gn/T/framer-mqjs-module-loader-Hx0uZ8/module-0-runtime.o
                                 0x43 (size before relaxing)
 *fill*         0x423d1087        0x1 
 .text.js_snprintf
                0x423d1088       0x29 /var/folders/n9/hdh7883x683d2htsf466jfwr0000gn/T/framer-mqjs-module-loader-Hx0uZ8/module-0-runtime.o
                                 0x2d (size before relaxing)
 *fill*         0x423d10b1        0x3 
 .text.js_parse_error
                0x423d10b4       0x31 /var/folders/n9/hdh7883x683d2htsf466jfwr0000gn/T/framer-mqjs-module-loader-Hx0uZ8/module-0-runtime.o
                                 0x3d (size before relaxing)
 *fill*         0x423d10e5        0x3 
 .text.js_parse_error_mem
                0x423d10e8        0xf /var/folders/n9/hdh7883x683d2htsf466jfwr0000gn/T/framer-mqjs-module-loader-Hx0uZ8/module-0-runtime.o
                                 0x16 (size before relaxing)
 *fill*         0x423d10f7        0x1 
 .text.re_parse_expect
                0x423d10f8       0x26 /var/folders/n9/hdh7883x683d2htsf466jfwr0000gn/T/framer-mqjs-module-loader-Hx0uZ8/module-0-runtime.o
                                 0x2a (size before relaxing)
 *fill*         0x423d111e        0x2 
 .text.js_parse_expect1
                0x423d1120       0x17 /var/folders/n9/hdh7883x683d2htsf466jfwr0000gn/T/framer-mqjs-module-loader-Hx0uZ8/module-0-runtime.o
                                 0x1f (size before relaxing)
 *fill*         0x423d1137        0x1 
 .text.string_buffer_pop
                0x423d1138       0x32 /var/folders/n9/hdh7883x683d2htsf466jfwr0000gn/T/framer-mqjs-module-loader-Hx0uZ8/module-0-runtime.o
                                 0x3e (size before relaxing)
 *fill*         0x423d116a        0x2 
 .text.JS_IsFunction$constprop$0
                0x423d116c       0x23 /var/folders/n9/hdh7883x683d2htsf466jfwr0000gn/T/framer-mqjs-module-loader-Hx0uZ8/module-0-runtime.o
                                 0x2a (size before relaxing)
 *fill*         0x423d118f        0x1 
 .text.unicode_from_utf8$constprop$0
                0x423d1190       0x24 /var/folders/n9/hdh7883x683d2htsf466jfwr0000gn/T/framer-mqjs-module-loader-Hx0uZ8/module-0-runtime.o
                                 0x28 (size before relaxing)
 .text.get_class_atom
                0x423d11b4      0x181 /var/folders/n9/hdh7883x683d2htsf466jfwr0000gn/T/framer-mqjs-module-loader-Hx0uZ8/module-0-runtime.o
                                0x191 (size before relaxing)
 *fill*         0x423d1335        0x3 
 .text.may_drop_result
                0x423d1338       0x2a /var/folders/n9/hdh7883x683d2htsf466jfwr0000gn/T/framer-mqjs-module-loader-Hx0uZ8/module-0-runtime.o
 *fill*         0x423d1362        0x2 
 .text.JS_HasProperty$isra$0
                0x423d1364       0x36 /var/folders/n9/hdh7883x683d2htsf466jfwr0000gn/T/framer-mqjs-module-loader-Hx0uZ8/module-0-runtime.o
                                 0x3a (size before relaxing)
 *fill*         0x423d139a        0x2 
 .text.JS_ToBool$isra$0
                0x423d139c       0x90 /var/folders/n9/hdh7883x683d2htsf466jfwr0000gn/T/framer-mqjs-module-loader-Hx0uZ8/module-0-runtime.o
                                 0x9c (size before relaxing)
 .text.get_string_ptr$isra$0
                0x423d142c       0x4a /var/folders/n9/hdh7883x683d2htsf466jfwr0000gn/T/framer-mqjs-module-loader-Hx0uZ8/module-0-runtime.o
                                 0x4e (size before relaxing)
 *fill*         0x423d1476        0x2 
 .text.js_string_compare$isra$0
                0x423d1478       0xb6 /var/folders/n9/hdh7883x683d2htsf466jfwr0000gn/T/framer-mqjs-module-loader-Hx0uZ8/module-0-runtime.o
                                 0xce (size before relaxing)
 *fill*         0x423d152e        0x2 
 .text.find_atom$isra$0
                0x423d1530       0x3c /var/folders/n9/hdh7883x683d2htsf466jfwr0000gn/T/framer-mqjs-module-loader-Hx0uZ8/module-0-runtime.o
                                 0x40 (size before relaxing)
 .text.get_ugolomb
                0x423d156c       0xca /var/folders/n9/hdh7883x683d2htsf466jfwr0000gn/T/framer-mqjs-module-loader-Hx0uZ8/module-0-runtime.o
                                 0xce (size before relaxing)
 *fill*         0x423d1636        0x2 
 .text.js_string_convert_pos
                0x423d1638      0x1e4 /var/folders/n9/hdh7883x683d2htsf466jfwr0000gn/T/framer-mqjs-module-loader-Hx0uZ8/module-0-runtime.o
                                0x1e8 (size before relaxing)
 .text.js_string_len
                0x423d181c       0x3a /var/folders/n9/hdh7883x683d2htsf466jfwr0000gn/T/framer-mqjs-module-loader-Hx0uZ8/module-0-runtime.o
                                 0x3e (size before relaxing)
 *fill*         0x423d1856        0x2 
 .text.string_getcp
                0x423d1858       0x74 /var/folders/n9/hdh7883x683d2htsf466jfwr0000gn/T/framer-mqjs-module-loader-Hx0uZ8/module-0-runtime.o
                                 0x84 (size before relaxing)
 .text.gc_compact_heap
                0x423d18cc      0x273 /var/folders/n9/hdh7883x683d2htsf466jfwr0000gn/T/framer-mqjs-module-loader-Hx0uZ8/module-0-runtime.o
                                0x323 (size before relaxing)
 *fill*         0x423d1b3f        0x1 
 .text.gc_mark_all
                0x423d1b40      0x21b /var/folders/n9/hdh7883x683d2htsf466jfwr0000gn/T/framer-mqjs-module-loader-Hx0uZ8/module-0-runtime.o
                                0x277 (size before relaxing)
 *fill*         0x423d1d5b        0x1 
 .text.JS_DeleteGCRef
                0x423d1d5c       0x20 /var/folders/n9/hdh7883x683d2htsf466jfwr0000gn/T/framer-mqjs-module-loader-Hx0uZ8/module-0-runtime.o
                                 0x24 (size before relaxing)
                0x423d1d5c                JS_DeleteGCRef
 .text.JS_FreeContext
                0x423d1d7c       0x45 /var/folders/n9/hdh7883x683d2htsf466jfwr0000gn/T/framer-mqjs-module-loader-Hx0uZ8/module-0-runtime.o
                                 0x49 (size before relaxing)
                0x423d1d80                JS_FreeContext
 *fill*         0x423d1dc1        0x3 
 .text.release_context
                0x423d1dc4       0x46 /var/folders/n9/hdh7883x683d2htsf466jfwr0000gn/T/framer-mqjs-module-loader-Hx0uZ8/module-0-runtime.o
                                 0x4e (size before relaxing)
 *fill*         0x423d1e0a        0x2 
 .text.JS_GC    0x423d1e0c       0x13 /var/folders/n9/hdh7883x683d2htsf466jfwr0000gn/T/framer-mqjs-module-loader-Hx0uZ8/module-0-runtime.o
                                 0x1f (size before relaxing)
                0x423d1e0c                JS_GC
 *fill*         0x423d1e1f        0x1 
 .text.js_object_keys
                0x423d1e20       0xed /var/folders/n9/hdh7883x683d2htsf466jfwr0000gn/T/framer-mqjs-module-loader-Hx0uZ8/module-0-runtime.o
                                0x109 (size before relaxing)
                0x423d1e20                js_object_keys
 *fill*         0x423d1f0d        0x3 
 .text.JS_Call  0x423d1f10     0x1d39 /var/folders/n9/hdh7883x683d2htsf466jfwr0000gn/T/framer-mqjs-module-loader-Hx0uZ8/module-0-runtime.o
                               0x1ebd (size before relaxing)
                0x423d1f3c                JS_Call
 *fill*         0x423d3c49        0x3 
 .text.JS_ToPrimitive
                0x423d3c4c       0xd8 /var/folders/n9/hdh7883x683d2htsf466jfwr0000gn/T/framer-mqjs-module-loader-Hx0uZ8/module-0-runtime.o
                                 0xfc (size before relaxing)
 .text.JS_ToString
                0x423d3d24       0xd6 /var/folders/n9/hdh7883x683d2htsf466jfwr0000gn/T/framer-mqjs-module-loader-Hx0uZ8/module-0-runtime.o
                                 0xee (size before relaxing)
                0x423d3d2c                JS_ToString
 *fill*         0x423d3dfa        0x2 
 .text.JS_ToCStringLen
                0x423d3dfc       0x37 /var/folders/n9/hdh7883x683d2htsf466jfwr0000gn/T/framer-mqjs-module-loader-Hx0uZ8/module-0-runtime.o
                                 0x43 (size before relaxing)
                0x423d3dfc                JS_ToCStringLen
 *fill*         0x423d3e33        0x1 
 .text.JS_ToCString
                0x423d3e34       0x15 /var/folders/n9/hdh7883x683d2htsf466jfwr0000gn/T/framer-mqjs-module-loader-Hx0uZ8/module-0-runtime.o
                                 0x19 (size before relaxing)
                0x423d3e34                JS_ToCString
 *fill*         0x423d3e49        0x3 
 .text.build_backtrace
                0x423d3e4c      0x267 /var/folders/n9/hdh7883x683d2htsf466jfwr0000gn/T/framer-mqjs-module-loader-Hx0uZ8/module-0-runtime.o
                                0x2cf (size before relaxing)
 *fill*         0x423d40b3        0x1 
 .text.JS_ThrowError
                0x423d40b4       0x9d /var/folders/n9/hdh7883x683d2htsf466jfwr0000gn/T/framer-mqjs-module-loader-Hx0uZ8/module-0-runtime.o
                                 0xb9 (size before relaxing)
                0x423d40b4                JS_ThrowError
 *fill*         0x423d4151        0x3 
 .text.JS_ThrowOutOfMemory
                0x423d4154       0x44 /var/folders/n9/hdh7883x683d2htsf466jfwr0000gn/T/framer-mqjs-module-loader-Hx0uZ8/module-0-runtime.o
                                 0x48 (size before relaxing)
                0x423d4158                JS_ThrowOutOfMemory
 .text.JS_StackCheck
                0x423d4198       0x3e /var/folders/n9/hdh7883x683d2htsf466jfwr0000gn/T/framer-mqjs-module-loader-Hx0uZ8/module-0-runtime.o
                                 0x4a (size before relaxing)
                0x423d4198                JS_StackCheck
 *fill*         0x423d41d6        0x2 
 .text.push_break_entry
                0x423d41d8       0x52 /var/folders/n9/hdh7883x683d2htsf466jfwr0000gn/T/framer-mqjs-module-loader-Hx0uZ8/module-0-runtime.o
                                 0x5e (size before relaxing)
 *fill*         0x423d422a        0x2 
 .text.js_parse_push_val
                0x423d422c       0x3b /var/folders/n9/hdh7883x683d2htsf466jfwr0000gn/T/framer-mqjs-module-loader-Hx0uZ8/module-0-runtime.o
                                 0x4b (size before relaxing)
 *fill*         0x423d4267        0x1 
 .text.js_parse_call
                0x423d4268       0x5b /var/folders/n9/hdh7883x683d2htsf466jfwr0000gn/T/framer-mqjs-module-loader-Hx0uZ8/module-0-runtime.o
                                 0x63 (size before relaxing)
 *fill*         0x423d42c3        0x1 
 .text.js_parse_expr
                0x423d42c4        0xe /var/folders/n9/hdh7883x683d2htsf466jfwr0000gn/T/framer-mqjs-module-loader-Hx0uZ8/module-0-runtime.o
                                 0x16 (size before relaxing)
 *fill*         0x423d42d2        0x2 
 .text.compute_stack_size_push
                0x423d42d4       0x62 /var/folders/n9/hdh7883x683d2htsf466jfwr0000gn/T/framer-mqjs-module-loader-Hx0uZ8/module-0-runtime.o
                                 0x7e (size before relaxing)
 *fill*         0x423d4336        0x2 
 .text.js_malloc
                0x423d4338       0x45 /var/folders/n9/hdh7883x683d2htsf466jfwr0000gn/T/framer-mqjs-module-loader-Hx0uZ8/module-0-runtime.o
                                 0x51 (size before relaxing)
 *fill*         0x423d437d        0x3 
 .text.JS_NewObjectProtoClass1
                0x423d4380       0x4a /var/folders/n9/hdh7883x683d2htsf466jfwr0000gn/T/framer-mqjs-module-loader-Hx0uZ8/module-0-runtime.o
                                 0x52 (size before relaxing)
 *fill*         0x423d43ca        0x2 
 .text.JS_NewObjectProtoClass
                0x423d43cc       0x16 /var/folders/n9/hdh7883x683d2htsf466jfwr0000gn/T/framer-mqjs-module-loader-Hx0uZ8/module-0-runtime.o
                                 0x1e (size before relaxing)
 *fill*         0x423d43e2        0x2 
 .text.JS_NewObjectClass
                0x423d43e4       0x19 /var/folders/n9/hdh7883x683d2htsf466jfwr0000gn/T/framer-mqjs-module-loader-Hx0uZ8/module-0-runtime.o
                                 0x1d (size before relaxing)
 *fill*         0x423d43fd        0x3 
 .text.JS_NewObject
                0x423d4400       0x10 /var/folders/n9/hdh7883x683d2htsf466jfwr0000gn/T/framer-mqjs-module-loader-Hx0uZ8/module-0-runtime.o
                                 0x18 (size before relaxing)
                0x423d4400                JS_NewObject
 .text.js_object_constructor
                0x423d4410       0x21 /var/folders/n9/hdh7883x683d2htsf466jfwr0000gn/T/framer-mqjs-module-loader-Hx0uZ8/module-0-runtime.o
                                 0x25 (size before relaxing)
                0x423d4414                js_object_constructor
 *fill*         0x423d4431        0x3 
 .text.stdlib_init_class
                0x423d4434       0xcb /var/folders/n9/hdh7883x683d2htsf466jfwr0000gn/T/framer-mqjs-module-loader-Hx0uZ8/module-0-runtime.o
                                 0xd7 (size before relaxing)
 *fill*         0x423d44ff        0x1 
 .text.__JS_NewFloat64
                0x423d4500       0x2c /var/folders/n9/hdh7883x683d2htsf466jfwr0000gn/T/framer-mqjs-module-loader-Hx0uZ8/module-0-runtime.o
                                 0x30 (size before relaxing)
 .text.JS_NewFloat64
                0x423d452c       0x54 /var/folders/n9/hdh7883x683d2htsf466jfwr0000gn/T/framer-mqjs-module-loader-Hx0uZ8/module-0-runtime.o
                                 0x74 (size before relaxing)
                0x423d4530                JS_NewFloat64
 .text.JS_NewInt64
                0x423d4580       0x34 /var/folders/n9/hdh7883x683d2htsf466jfwr0000gn/T/framer-mqjs-module-loader-Hx0uZ8/module-0-runtime.o
                                 0x40 (size before relaxing)
                0x423d4580                JS_NewInt64
 .text.JS_NewInt32
                0x423d45b4       0x14 /var/folders/n9/hdh7883x683d2htsf466jfwr0000gn/T/framer-mqjs-module-loader-Hx0uZ8/module-0-runtime.o
                                 0x18 (size before relaxing)
                0x423d45b4                JS_NewInt32
 .text.JS_NewUint32
                0x423d45c8       0x10 /var/folders/n9/hdh7883x683d2htsf466jfwr0000gn/T/framer-mqjs-module-loader-Hx0uZ8/module-0-runtime.o
                                 0x18 (size before relaxing)
                0x423d45c8                JS_NewUint32
 .text.get_var_ref
                0x423d45d8       0x36 /var/folders/n9/hdh7883x683d2htsf466jfwr0000gn/T/framer-mqjs-module-loader-Hx0uZ8/module-0-runtime.o
                                 0x3e (size before relaxing)
 *fill*         0x423d460e        0x2 
 .text.js_alloc_value_array
                0x423d4610       0x4b /var/folders/n9/hdh7883x683d2htsf466jfwr0000gn/T/framer-mqjs-module-loader-Hx0uZ8/module-0-runtime.o
                                 0x57 (size before relaxing)
 *fill*         0x423d465b        0x1 
 .text.js_alloc_props
                0x423d465c       0x7e /var/folders/n9/hdh7883x683d2htsf466jfwr0000gn/T/framer-mqjs-module-loader-Hx0uZ8/module-0-runtime.o
                                 0x8a (size before relaxing)
 *fill*         0x423d46da        0x2 
 .text.JS_NewObjectPrealloc
                0x423d46dc       0x42 /var/folders/n9/hdh7883x683d2htsf466jfwr0000gn/T/framer-mqjs-module-loader-Hx0uZ8/module-0-runtime.o
                                 0x4e (size before relaxing)
                0x423d46dc                JS_NewObjectPrealloc
 *fill*         0x423d471e        0x2 
 .text.JS_NewArray
                0x423d4720       0x4b /var/folders/n9/hdh7883x683d2htsf466jfwr0000gn/T/framer-mqjs-module-loader-Hx0uZ8/module-0-runtime.o
                                 0x5b (size before relaxing)
                0x423d4720                JS_NewArray
 *fill*         0x423d476b        0x1 
 .text.js_resize_value_array2
                0x423d476c       0x74 /var/folders/n9/hdh7883x683d2htsf466jfwr0000gn/T/framer-mqjs-module-loader-Hx0uZ8/module-0-runtime.o
                                 0x80 (size before relaxing)
 .text.add_func_ext_var
                0x423d47e0       0x6e /var/folders/n9/hdh7883x683d2htsf466jfwr0000gn/T/framer-mqjs-module-loader-Hx0uZ8/module-0-runtime.o
                                 0x86 (size before relaxing)
 *fill*         0x423d484e        0x2 
 .text.add_var  0x423d4850       0x69 /var/folders/n9/hdh7883x683d2htsf466jfwr0000gn/T/framer-mqjs-module-loader-Hx0uZ8/module-0-runtime.o
                                 0x79 (size before relaxing)
 *fill*         0x423d48b9        0x3 
 .text.define_var
                0x423d48bc       0x73 /var/folders/n9/hdh7883x683d2htsf466jfwr0000gn/T/framer-mqjs-module-loader-Hx0uZ8/module-0-runtime.o
                                 0x8b (size before relaxing)
 *fill*         0x423d492f        0x1 
 .text.cpool_add
                0x423d4930       0x6a /var/folders/n9/hdh7883x683d2htsf466jfwr0000gn/T/framer-mqjs-module-loader-Hx0uZ8/module-0-runtime.o
                                 0x76 (size before relaxing)
 *fill*         0x423d499a        0x2 
 .text.js_update_props
                0x423d499c       0x90 /var/folders/n9/hdh7883x683d2htsf466jfwr0000gn/T/framer-mqjs-module-loader-Hx0uZ8/module-0-runtime.o
                                 0xa4 (size before relaxing)
 .text.js_alloc_byte_array
                0x423d4a2c       0x33 /var/folders/n9/hdh7883x683d2htsf466jfwr0000gn/T/framer-mqjs-module-loader-Hx0uZ8/module-0-runtime.o
                                 0x3f (size before relaxing)
 *fill*         0x423d4a5f        0x1 
 .text.JS_MakeUniqueString
                0x423d4a60      0x190 /var/folders/n9/hdh7883x683d2htsf466jfwr0000gn/T/framer-mqjs-module-loader-Hx0uZ8/module-0-runtime.o
                                0x1cc (size before relaxing)
 .text.js_dtoa2
                0x423d4bf0       0x72 /var/folders/n9/hdh7883x683d2htsf466jfwr0000gn/T/framer-mqjs-module-loader-Hx0uZ8/module-0-runtime.o
                                 0x9a (size before relaxing)
 *fill*         0x423d4c62        0x2 
 .text.js_atod1
                0x423d4c64       0xd4 /var/folders/n9/hdh7883x683d2htsf466jfwr0000gn/T/framer-mqjs-module-loader-Hx0uZ8/module-0-runtime.o
                                 0xf8 (size before relaxing)
 .text.string_buffer_push
                0x423d4d38       0x36 /var/folders/n9/hdh7883x683d2htsf466jfwr0000gn/T/framer-mqjs-module-loader-Hx0uZ8/module-0-runtime.o
                                 0x3a (size before relaxing)
 *fill*         0x423d4d6e        0x2 
 .text.js_resize_byte_array
                0x423d4d70       0x4a /var/folders/n9/hdh7883x683d2htsf466jfwr0000gn/T/framer-mqjs-module-loader-Hx0uZ8/module-0-runtime.o
                                 0x56 (size before relaxing)
 *fill*         0x423d4dba        0x2 
 .text.emit_claim_size
                0x423d4dbc       0x22 /var/folders/n9/hdh7883x683d2htsf466jfwr0000gn/T/framer-mqjs-module-loader-Hx0uZ8/module-0-runtime.o
                                 0x2e (size before relaxing)
 *fill*         0x423d4dde        0x2 
 .text.emit_insert
                0x423d4de0       0x2a /var/folders/n9/hdh7883x683d2htsf466jfwr0000gn/T/framer-mqjs-module-loader-Hx0uZ8/module-0-runtime.o
                                 0x36 (size before relaxing)
 *fill*         0x423d4e0a        0x2 
 .text.emit_u8  0x423d4e0c       0x1f /var/folders/n9/hdh7883x683d2htsf466jfwr0000gn/T/framer-mqjs-module-loader-Hx0uZ8/module-0-runtime.o
                                 0x23 (size before relaxing)
 *fill*         0x423d4e2b        0x1 
 .text.re_emit_op_u8
                0x423d4e2c       0x16 /var/folders/n9/hdh7883x683d2htsf466jfwr0000gn/T/framer-mqjs-module-loader-Hx0uZ8/module-0-runtime.o
                                 0x22 (size before relaxing)
 *fill*         0x423d4e42        0x2 
 .text.emit_u32
                0x423d4e44       0x33 /var/folders/n9/hdh7883x683d2htsf466jfwr0000gn/T/framer-mqjs-module-loader-Hx0uZ8/module-0-runtime.o
                                 0x37 (size before relaxing)
 *fill*         0x423d4e77        0x1 
 .text.re_parse_disjunction
                0x423d4e78       0xe6 /var/folders/n9/hdh7883x683d2htsf466jfwr0000gn/T/framer-mqjs-module-loader-Hx0uZ8/module-0-runtime.o
                                0x12a (size before relaxing)
 *fill*         0x423d4f5e        0x2 
 .text.add_interval_intersect
                0x423d4f60       0x2c /var/folders/n9/hdh7883x683d2htsf466jfwr0000gn/T/framer-mqjs-module-loader-Hx0uZ8/module-0-runtime.o
                                 0x48 (size before relaxing)
 .text.re_range_optimize
                0x423d4f8c      0x165 /var/folders/n9/hdh7883x683d2htsf466jfwr0000gn/T/framer-mqjs-module-loader-Hx0uZ8/module-0-runtime.o
                                0x19d (size before relaxing)
 *fill*         0x423d50f1        0x3 
 .text.re_emit_goto_u8_u32$constprop$0$isra$0
                0x423d50f4       0x2b /var/folders/n9/hdh7883x683d2htsf466jfwr0000gn/T/framer-mqjs-module-loader-Hx0uZ8/module-0-runtime.o
                                 0x47 (size before relaxing)
 *fill*         0x423d511f        0x1 
 .text.re_emit_range_base
                0x423d5120       0x7f /var/folders/n9/hdh7883x683d2htsf466jfwr0000gn/T/framer-mqjs-module-loader-Hx0uZ8/module-0-runtime.o
                                 0xab (size before relaxing)
 *fill*         0x423d519f        0x1 
 .text.emit_u16
                0x423d51a0       0x25 /var/folders/n9/hdh7883x683d2htsf466jfwr0000gn/T/framer-mqjs-module-loader-Hx0uZ8/module-0-runtime.o
                                 0x29 (size before relaxing)
 *fill*         0x423d51c5        0x3 
 .text.js_parse_regexp
                0x423d51c8      0x171 /var/folders/n9/hdh7883x683d2htsf466jfwr0000gn/T/framer-mqjs-module-loader-Hx0uZ8/module-0-runtime.o
                                0x1cd (size before relaxing)
 *fill*         0x423d5339        0x3 
 .text.re_parse_alternative
                0x423d533c      0x9db /var/folders/n9/hdh7883x683d2htsf466jfwr0000gn/T/framer-mqjs-module-loader-Hx0uZ8/module-0-runtime.o
                                0xc17 (size before relaxing)
 *fill*         0x423d5d17        0x1 
 .text.pc2line_put_bits_short
                0x423d5d18       0x98 /var/folders/n9/hdh7883x683d2htsf466jfwr0000gn/T/framer-mqjs-module-loader-Hx0uZ8/module-0-runtime.o
                                 0xb0 (size before relaxing)
 .text.pc2line_put_bits
                0x423d5db0       0x2c /var/folders/n9/hdh7883x683d2htsf466jfwr0000gn/T/framer-mqjs-module-loader-Hx0uZ8/module-0-runtime.o
                                 0x34 (size before relaxing)
 .text.put_ugolomb
                0x423d5ddc       0x2a /var/folders/n9/hdh7883x683d2htsf466jfwr0000gn/T/framer-mqjs-module-loader-Hx0uZ8/module-0-runtime.o
                                 0x36 (size before relaxing)
 *fill*         0x423d5e06        0x2 
 .text.emit_op_pos
                0x423d5e08       0xb7 /var/folders/n9/hdh7883x683d2htsf466jfwr0000gn/T/framer-mqjs-module-loader-Hx0uZ8/module-0-runtime.o
                                 0xd3 (size before relaxing)
 *fill*         0x423d5ebf        0x1 
 .text.emit_op  0x423d5ec0       0x12 /var/folders/n9/hdh7883x683d2htsf466jfwr0000gn/T/framer-mqjs-module-loader-Hx0uZ8/module-0-runtime.o
                                 0x16 (size before relaxing)
 *fill*         0x423d5ed2        0x2 
 .text.emit_goto
                0x423d5ed4       0x3c /var/folders/n9/hdh7883x683d2htsf466jfwr0000gn/T/framer-mqjs-module-loader-Hx0uZ8/module-0-runtime.o
                                 0x4c (size before relaxing)
 .text.emit_push_short_int
                0x423d5f10       0x62 /var/folders/n9/hdh7883x683d2htsf466jfwr0000gn/T/framer-mqjs-module-loader-Hx0uZ8/module-0-runtime.o
                                 0x8e (size before relaxing)
 *fill*         0x423d5f72        0x2 
 .text.js_emit_push_const
                0x423d5f74       0x3a /var/folders/n9/hdh7883x683d2htsf466jfwr0000gn/T/framer-mqjs-module-loader-Hx0uZ8/module-0-runtime.o
                                 0x5a (size before relaxing)
 *fill*         0x423d5fae        0x2 
 .text.js_emit_push_number
                0x423d5fb0       0x30 /var/folders/n9/hdh7883x683d2htsf466jfwr0000gn/T/framer-mqjs-module-loader-Hx0uZ8/module-0-runtime.o
                                 0x4b (size before relaxing)
 *fill*         0x423d5fe0        0x0 
 .text.emit_var
                0x423d5fe0       0x8a /var/folders/n9/hdh7883x683d2htsf466jfwr0000gn/T/framer-mqjs-module-loader-Hx0uZ8/module-0-runtime.o
                                 0xaa (size before relaxing)
 *fill*         0x423d606a        0x2 
 .text.set_eval_ret_undefined
                0x423d606c       0x22 /var/folders/n9/hdh7883x683d2htsf466jfwr0000gn/T/framer-mqjs-module-loader-Hx0uZ8/module-0-runtime.o
                                 0x2e (size before relaxing)
 *fill*         0x423d608e        0x2 
 .text.get_lvalue
                0x423d6090      0x11c /var/folders/n9/hdh7883x683d2htsf466jfwr0000gn/T/framer-mqjs-module-loader-Hx0uZ8/module-0-runtime.o
                                0x14c (size before relaxing)
 .text.put_lvalue
                0x423d61ac       0xc5 /var/folders/n9/hdh7883x683d2htsf466jfwr0000gn/T/framer-mqjs-module-loader-Hx0uZ8/module-0-runtime.o
                                 0xf4 (size before relaxing)
 *fill*         0x423d6271        0x3 
 .text.emit_op_param
                0x423d6274       0x27 /var/folders/n9/hdh7883x683d2htsf466jfwr0000gn/T/framer-mqjs-module-loader-Hx0uZ8/module-0-runtime.o
                                 0x37 (size before relaxing)
 *fill*         0x423d629b        0x1 
 .text.define_hoisted_functions
                0x423d629c       0xc6 /var/folders/n9/hdh7883x683d2htsf466jfwr0000gn/T/framer-mqjs-module-loader-Hx0uZ8/module-0-runtime.o
                                 0xf2 (size before relaxing)
 *fill*         0x423d6362        0x2 
 .text.js_alloc_function_bytecode
                0x423d6364       0x33 /var/folders/n9/hdh7883x683d2htsf466jfwr0000gn/T/framer-mqjs-module-loader-Hx0uZ8/module-0-runtime.o
                                 0x3b (size before relaxing)
 *fill*         0x423d6397        0x1 
 .text.js_alloc_string
                0x423d6398       0x46 /var/folders/n9/hdh7883x683d2htsf466jfwr0000gn/T/framer-mqjs-module-loader-Hx0uZ8/module-0-runtime.o
                                 0x4e (size before relaxing)
 *fill*         0x423d63de        0x2 
 .text.JS_NewStringLen
                0x423d63e0       0x9e /var/folders/n9/hdh7883x683d2htsf466jfwr0000gn/T/framer-mqjs-module-loader-Hx0uZ8/module-0-runtime.o
                                 0xae (size before relaxing)
                0x423d63e0                JS_NewStringLen
 *fill*         0x423d647e        0x2 
 .text.JS_NewString
                0x423d6480       0x18 /var/folders/n9/hdh7883x683d2htsf466jfwr0000gn/T/framer-mqjs-module-loader-Hx0uZ8/module-0-runtime.o
                                 0x24 (size before relaxing)
                0x423d6480                JS_NewString
 .text.js_object_toString
                0x423d6498       0xc4 /var/folders/n9/hdh7883x683d2htsf466jfwr0000gn/T/framer-mqjs-module-loader-Hx0uZ8/module-0-runtime.o
                                 0xd0 (size before relaxing)
                0x423d64c0                js_object_toString
 .text.js_sub_string_utf8
                0x423d655c      0x1be /var/folders/n9/hdh7883x683d2htsf466jfwr0000gn/T/framer-mqjs-module-loader-Hx0uZ8/module-0-runtime.o
                                0x1fa (size before relaxing)
 *fill*         0x423d671a        0x2 
 .text.js_sub_string
                0x423d671c       0x38 /var/folders/n9/hdh7883x683d2htsf466jfwr0000gn/T/framer-mqjs-module-loader-Hx0uZ8/module-0-runtime.o
                                 0x4c (size before relaxing)
 .text.JS_ThrowTypeErrorNotAnObject
                0x423d6754       0x18 /var/folders/n9/hdh7883x683d2htsf466jfwr0000gn/T/framer-mqjs-module-loader-Hx0uZ8/module-0-runtime.o
                                 0x1c (size before relaxing)
 .text.JS_DefinePropertyInternal
                0x423d676c      0x31a /var/folders/n9/hdh7883x683d2htsf466jfwr0000gn/T/framer-mqjs-module-loader-Hx0uZ8/module-0-runtime.o
                                0x35e (size before relaxing)
 *fill*         0x423d6a86        0x2 
 .text.JS_NewContext2
                0x423d6a88      0x1a0 /var/folders/n9/hdh7883x683d2htsf466jfwr0000gn/T/framer-mqjs-module-loader-Hx0uZ8/module-0-runtime.o
                                0x1dc (size before relaxing)
                0x423d6a8c                JS_NewContext2
 .text.JS_NewContext
                0x423d6c28       0x15 /var/folders/n9/hdh7883x683d2htsf466jfwr0000gn/T/framer-mqjs-module-loader-Hx0uZ8/module-0-runtime.o
                                 0x19 (size before relaxing)
                0x423d6c28                JS_NewContext
 *fill*         0x423d6c3d        0x3 
 .text.create_context
                0x423d6c40       0x25 /var/folders/n9/hdh7883x683d2htsf466jfwr0000gn/T/framer-mqjs-module-loader-Hx0uZ8/module-0-runtime.o
                                 0x29 (size before relaxing)
 *fill*         0x423d6c65        0x3 
 .text.JS_DefinePropertyValue
                0x423d6c68       0x19 /var/folders/n9/hdh7883x683d2htsf466jfwr0000gn/T/framer-mqjs-module-loader-Hx0uZ8/module-0-runtime.o
                                 0x1d (size before relaxing)
 *fill*         0x423d6c81        0x3 
 .text.js_closure
                0x423d6c84      0x161 /var/folders/n9/hdh7883x683d2htsf466jfwr0000gn/T/framer-mqjs-module-loader-Hx0uZ8/module-0-runtime.o
                                0x181 (size before relaxing)
 *fill*         0x423d6de5        0x3 
 .text.__js_poll_interrupt
                0x423d6de8       0x3a /var/folders/n9/hdh7883x683d2htsf466jfwr0000gn/T/framer-mqjs-module-loader-Hx0uZ8/module-0-runtime.o
                                 0x3e (size before relaxing)
 *fill*         0x423d6e22        0x2 
 .text.js_set_prototype_internal
                0x423d6e24       0x3e /var/folders/n9/hdh7883x683d2htsf466jfwr0000gn/T/framer-mqjs-module-loader-Hx0uZ8/module-0-runtime.o
                                 0x42 (size before relaxing)
 *fill*         0x423d6e62        0x2 
 .text.string_buffer_concat_str
                0x423d6e64      0x18d /var/folders/n9/hdh7883x683d2htsf466jfwr0000gn/T/framer-mqjs-module-loader-Hx0uZ8/module-0-runtime.o
                                0x1d9 (size before relaxing)
 *fill*         0x423d6ff1        0x3 
 .text.JS_ConcatString
                0x423d6ff4       0x45 /var/folders/n9/hdh7883x683d2htsf466jfwr0000gn/T/framer-mqjs-module-loader-Hx0uZ8/module-0-runtime.o
                                 0x61 (size before relaxing)
 *fill*         0x423d7039        0x3 
 .text.string_buffer_putc
                0x423d703c       0x19 /var/folders/n9/hdh7883x683d2htsf466jfwr0000gn/T/framer-mqjs-module-loader-Hx0uZ8/module-0-runtime.o
                                 0x1d (size before relaxing)
 *fill*         0x423d7055        0x3 
 .text.js_parse_string
                0x423d7058       0xdd /var/folders/n9/hdh7883x683d2htsf466jfwr0000gn/T/framer-mqjs-module-loader-Hx0uZ8/module-0-runtime.o
                                0x101 (size before relaxing)
 *fill*         0x423d7135        0x3 
 .text.next_token
                0x423d7138      0x593 /var/folders/n9/hdh7883x683d2htsf466jfwr0000gn/T/framer-mqjs-module-loader-Hx0uZ8/module-0-runtime.o
                                0x61b (size before relaxing)
 *fill*         0x423d76cb        0x1 
 .text.js_parse_expect
                0x423d76cc       0x13 /var/folders/n9/hdh7883x683d2htsf466jfwr0000gn/T/framer-mqjs-module-loader-Hx0uZ8/module-0-runtime.o
                                 0x1f (size before relaxing)
 *fill*         0x423d76df        0x1 
 .text.js_parse_expr_paren
                0x423d76e0       0x1a /var/folders/n9/hdh7883x683d2htsf466jfwr0000gn/T/framer-mqjs-module-loader-Hx0uZ8/module-0-runtime.o
                                 0x2e (size before relaxing)
 *fill*         0x423d76fa        0x2 
 .text.js_parse_block
                0x423d76fc       0x39 /var/folders/n9/hdh7883x683d2htsf466jfwr0000gn/T/framer-mqjs-module-loader-Hx0uZ8/module-0-runtime.o
                                 0x4d (size before relaxing)
 *fill*         0x423d7735        0x3 
 .text.js_skip_parens
                0x423d7738       0xcd /var/folders/n9/hdh7883x683d2htsf466jfwr0000gn/T/framer-mqjs-module-loader-Hx0uZ8/module-0-runtime.o
                                 0xe4 (size before relaxing)
 *fill*         0x423d7805        0x3 
 .text.js_parse_var
                0x423d7808       0x8a /var/folders/n9/hdh7883x683d2htsf466jfwr0000gn/T/framer-mqjs-module-loader-Hx0uZ8/module-0-runtime.o
                                 0xb6 (size before relaxing)
 *fill*         0x423d7892        0x2 
 .text.js_parse_expect_semi
                0x423d7894       0x3a /var/folders/n9/hdh7883x683d2htsf466jfwr0000gn/T/framer-mqjs-module-loader-Hx0uZ8/module-0-runtime.o
                                 0x49 (size before relaxing)
 *fill*         0x423d78ce        0x2 
 .text.js_parse_function_decl
                0x423d78d0      0x128 /var/folders/n9/hdh7883x683d2htsf466jfwr0000gn/T/framer-mqjs-module-loader-Hx0uZ8/module-0-runtime.o
                                0x180 (size before relaxing)
 .text.js_parse_source_element
                0x423d79f8       0x24 /var/folders/n9/hdh7883x683d2htsf466jfwr0000gn/T/framer-mqjs-module-loader-Hx0uZ8/module-0-runtime.o
                                 0x30 (size before relaxing)
 .text.js_parse_unary
                0x423d7a1c      0x2fd /var/folders/n9/hdh7883x683d2htsf466jfwr0000gn/T/framer-mqjs-module-loader-Hx0uZ8/module-0-runtime.o
                                0x3d1 (size before relaxing)
 *fill*         0x423d7d19        0x3 
 .text.js_parse_expr_binary
                0x423d7d1c      0x19e /var/folders/n9/hdh7883x683d2htsf466jfwr0000gn/T/framer-mqjs-module-loader-Hx0uZ8/module-0-runtime.o
                                0x1e6 (size before relaxing)
 *fill*         0x423d7eba        0x2 
 .text.js_parse_logical_and_or
                0x423d7ebc       0xfa /var/folders/n9/hdh7883x683d2htsf466jfwr0000gn/T/framer-mqjs-module-loader-Hx0uZ8/module-0-runtime.o
                                0x14d (size before relaxing)
 *fill*         0x423d7fb6        0x2 
 .text.js_parse_cond_expr
                0x423d7fb8       0xeb /var/folders/n9/hdh7883x683d2htsf466jfwr0000gn/T/framer-mqjs-module-loader-Hx0uZ8/module-0-runtime.o
                                0x15f (size before relaxing)
 *fill*         0x423d80a3        0x1 
 .text.js_parse_assign_expr
                0x423d80a4      0x135 /var/folders/n9/hdh7883x683d2htsf466jfwr0000gn/T/framer-mqjs-module-loader-Hx0uZ8/module-0-runtime.o
                                0x1bd (size before relaxing)
 *fill*         0x423d81d9        0x3 
 .text.js_parse_expr_comma
                0x423d81dc       0x91 /var/folders/n9/hdh7883x683d2htsf466jfwr0000gn/T/framer-mqjs-module-loader-Hx0uZ8/module-0-runtime.o
                                 0xc1 (size before relaxing)
 *fill*         0x423d826d        0x3 
 .text.js_parse_statement
                0x423d8270      0xb66 /var/folders/n9/hdh7883x683d2htsf466jfwr0000gn/T/framer-mqjs-module-loader-Hx0uZ8/module-0-runtime.o
                               0x102e (size before relaxing)
 *fill*         0x423d8dd6        0x2 
 .text.js_boolean_constructor
                0x423d8dd8       0x2b /var/folders/n9/hdh7883x683d2htsf466jfwr0000gn/T/framer-mqjs-module-loader-Hx0uZ8/module-0-runtime.o
                                 0x37 (size before relaxing)
                0x423d8ddc                js_boolean_constructor
 *fill*         0x423d8e03        0x1 
 .text.js_string_toString
                0x423d8e04       0x20 /var/folders/n9/hdh7883x683d2htsf466jfwr0000gn/T/framer-mqjs-module-loader-Hx0uZ8/module-0-runtime.o
                                 0x30 (size before relaxing)
                0x423d8e08                js_string_toString
 .text.js_error_get_message
                0x423d8e24       0x2e /var/folders/n9/hdh7883x683d2htsf466jfwr0000gn/T/framer-mqjs-module-loader-Hx0uZ8/module-0-runtime.o
                                 0x3e (size before relaxing)
                0x423d8e28                js_error_get_message
 *fill*         0x423d8e52        0x2 
 .text.js_get_array
                0x423d8e54       0x22 /var/folders/n9/hdh7883x683d2htsf466jfwr0000gn/T/framer-mqjs-module-loader-Hx0uZ8/module-0-runtime.o
                                 0x2e (size before relaxing)
 *fill*         0x423d8e76        0x2 
 .text.js_array_get_length
                0x423d8e78       0x17 /var/folders/n9/hdh7883x683d2htsf466jfwr0000gn/T/framer-mqjs-module-loader-Hx0uZ8/module-0-runtime.o
                                 0x1b (size before relaxing)
                0x423d8e78                js_array_get_length
 *fill*         0x423d8e8f        0x1 
 .text.js_array_pop
                0x423d8e90       0x26 /var/folders/n9/hdh7883x683d2htsf466jfwr0000gn/T/framer-mqjs-module-loader-Hx0uZ8/module-0-runtime.o
                                 0x2a (size before relaxing)
                0x423d8e90                js_array_pop
 *fill*         0x423d8eb6        0x2 
 .text.js_array_resize
                0x423d8eb8       0x9b /var/folders/n9/hdh7883x683d2htsf466jfwr0000gn/T/framer-mqjs-module-loader-Hx0uZ8/module-0-runtime.o
                                 0xab (size before relaxing)
 *fill*         0x423d8f53        0x1 
 .text.js_array_push
                0x423d8f54       0x82 /var/folders/n9/hdh7883x683d2htsf466jfwr0000gn/T/framer-mqjs-module-loader-Hx0uZ8/module-0-runtime.o
                                 0xa2 (size before relaxing)
                0x423d8f54                js_array_push
 *fill*         0x423d8fd6        0x2 
 .text.js_framer_commit
                0x423d8fd8       0x2a /var/folders/n9/hdh7883x683d2htsf466jfwr0000gn/T/framer-mqjs-module-loader-Hx0uZ8/module-0-runtime.o
                                 0x32 (size before relaxing)
 *fill*         0x423d9002        0x2 
 .text.js_string_get_length
                0x423d9004       0x2c /var/folders/n9/hdh7883x683d2htsf466jfwr0000gn/T/framer-mqjs-module-loader-Hx0uZ8/module-0-runtime.o
                                 0x40 (size before relaxing)
                0x423d9004                js_string_get_length
 .text.JS_Parse2
                0x423d9030      0x8e4 /var/folders/n9/hdh7883x683d2htsf466jfwr0000gn/T/framer-mqjs-module-loader-Hx0uZ8/module-0-runtime.o
                                0xa54 (size before relaxing)
 .text.JS_Parse
                0x423d9914       0x19 /var/folders/n9/hdh7883x683d2htsf466jfwr0000gn/T/framer-mqjs-module-loader-Hx0uZ8/module-0-runtime.o
                                 0x1d (size before relaxing)
                0x423d9914                JS_Parse
 *fill*         0x423d992d        0x3 
 .text.js_framer_on
                0x423d9930       0xc2 /var/folders/n9/hdh7883x683d2htsf466jfwr0000gn/T/framer-mqjs-module-loader-Hx0uZ8/module-0-runtime.o
                                 0xee (size before relaxing)
 *fill*         0x423d99f2        0x2 
 .text.JS_ToPropertyKey
                0x423d99f4       0xd4 /var/folders/n9/hdh7883x683d2htsf466jfwr0000gn/T/framer-mqjs-module-loader-Hx0uZ8/module-0-runtime.o
                                 0xe4 (size before relaxing)
 .text.js_parse_postfix_expr
                0x423d9ac8      0x7e1 /var/folders/n9/hdh7883x683d2htsf466jfwr0000gn/T/framer-mqjs-module-loader-Hx0uZ8/module-0-runtime.o
                                0xa61 (size before relaxing)
 *fill*         0x423da2a9        0x3 
 .text.js_object_hasOwnProperty
                0x423da2ac       0x77 /var/folders/n9/hdh7883x683d2htsf466jfwr0000gn/T/framer-mqjs-module-loader-Hx0uZ8/module-0-runtime.o
                                 0x8e (size before relaxing)
                0x423da2b0                js_object_hasOwnProperty
 *fill*         0x423da323        0x1 
 .text.JS_ToStringCheckObject
                0x423da324       0x27 /var/folders/n9/hdh7883x683d2htsf466jfwr0000gn/T/framer-mqjs-module-loader-Hx0uZ8/module-0-runtime.o
                                 0x36 (size before relaxing)
 *fill*         0x423da34b        0x1 
 .text.js_string_constructor
                0x423da34c       0x30 /var/folders/n9/hdh7883x683d2htsf466jfwr0000gn/T/framer-mqjs-module-loader-Hx0uZ8/module-0-runtime.o
                                 0x3c (size before relaxing)
                0x423da350                js_string_constructor
 .text.js_error_constructor
                0x423da37c       0x7e /var/folders/n9/hdh7883x683d2htsf466jfwr0000gn/T/framer-mqjs-module-loader-Hx0uZ8/module-0-runtime.o
                                 0x8a (size before relaxing)
                0x423da37c                js_error_constructor
 *fill*         0x423da3fa        0x2 
 .text.JS_ToNumber
                0x423da3fc       0x99 /var/folders/n9/hdh7883x683d2htsf466jfwr0000gn/T/framer-mqjs-module-loader-Hx0uZ8/module-0-runtime.o
                                 0xa9 (size before relaxing)
                0x423da3fc                JS_ToNumber
 *fill*         0x423da495        0x3 
 .text.JS_ToInt32Internal
                0x423da498       0xa1 /var/folders/n9/hdh7883x683d2htsf466jfwr0000gn/T/framer-mqjs-module-loader-Hx0uZ8/module-0-runtime.o
                                 0xb1 (size before relaxing)
 *fill*         0x423da539        0x3 
 .text.JS_ToInt32
                0x423da53c       0x15 /var/folders/n9/hdh7883x683d2htsf466jfwr0000gn/T/framer-mqjs-module-loader-Hx0uZ8/module-0-runtime.o
                                 0x19 (size before relaxing)
                0x423da53c                JS_ToInt32
 *fill*         0x423da551        0x3 
 .text.js_array_set_length
                0x423da554       0x2f /var/folders/n9/hdh7883x683d2htsf466jfwr0000gn/T/framer-mqjs-module-loader-Hx0uZ8/module-0-runtime.o
                                 0x43 (size before relaxing)
                0x423da554                js_array_set_length
 *fill*         0x423da583        0x1 
 .text.js_array_constructor
                0x423da584       0x80 /var/folders/n9/hdh7883x683d2htsf466jfwr0000gn/T/framer-mqjs-module-loader-Hx0uZ8/module-0-runtime.o
                                 0x9c (size before relaxing)
                0x423da584                js_array_constructor
 .text.js_framer_get_int
                0x423da604       0x66 /var/folders/n9/hdh7883x683d2htsf466jfwr0000gn/T/framer-mqjs-module-loader-Hx0uZ8/module-0-runtime.o
                                 0x7e (size before relaxing)
 *fill*         0x423da66a        0x2 
 .text.js_binary_logic_slow
                0x423da66c       0x9c /var/folders/n9/hdh7883x683d2htsf466jfwr0000gn/T/framer-mqjs-module-loader-Hx0uZ8/module-0-runtime.o
                                 0xb8 (size before relaxing)
 .text.js_not_slow
                0x423da708       0x26 /var/folders/n9/hdh7883x683d2htsf466jfwr0000gn/T/framer-mqjs-module-loader-Hx0uZ8/module-0-runtime.o
                                 0x32 (size before relaxing)
 *fill*         0x423da72e        0x2 
 .text.js_framer_set_int
                0x423da730       0x67 /var/folders/n9/hdh7883x683d2htsf466jfwr0000gn/T/framer-mqjs-module-loader-Hx0uZ8/module-0-runtime.o
                                 0x83 (size before relaxing)
 *fill*         0x423da797        0x1 
 .text.JS_ToInt32Sat
                0x423da798       0x15 /var/folders/n9/hdh7883x683d2htsf466jfwr0000gn/T/framer-mqjs-module-loader-Hx0uZ8/module-0-runtime.o
                                 0x19 (size before relaxing)
                0x423da798                JS_ToInt32Sat
 *fill*         0x423da7ad        0x3 
 .text.JS_ToInt32Clamp
                0x423da7b0       0x27 /var/folders/n9/hdh7883x683d2htsf466jfwr0000gn/T/framer-mqjs-module-loader-Hx0uZ8/module-0-runtime.o
                                 0x2f (size before relaxing)
 *fill*         0x423da7d7        0x1 
 .text.js_string_slice
                0x423da7d8       0x6c /var/folders/n9/hdh7883x683d2htsf466jfwr0000gn/T/framer-mqjs-module-loader-Hx0uZ8/module-0-runtime.o
                                 0x88 (size before relaxing)
                0x423da7d8                js_string_slice
 .text.js_string_charAt
                0x423da844       0x86 /var/folders/n9/hdh7883x683d2htsf466jfwr0000gn/T/framer-mqjs-module-loader-Hx0uZ8/module-0-runtime.o
                                 0x9a (size before relaxing)
                0x423da844                js_string_charAt
 *fill*         0x423da8ca        0x2 
 .text.JS_GetPropertyInternal
                0x423da8cc      0x264 /var/folders/n9/hdh7883x683d2htsf466jfwr0000gn/T/framer-mqjs-module-loader-Hx0uZ8/module-0-runtime.o
                                0x294 (size before relaxing)
 .text.JS_GetProperty
                0x423dab30       0x15 /var/folders/n9/hdh7883x683d2htsf466jfwr0000gn/T/framer-mqjs-module-loader-Hx0uZ8/module-0-runtime.o
                                 0x19 (size before relaxing)
 *fill*         0x423dab45        0x3 
 .text.JS_GetPropertyStr
                0x423dab48       0x39 /var/folders/n9/hdh7883x683d2htsf466jfwr0000gn/T/framer-mqjs-module-loader-Hx0uZ8/module-0-runtime.o
                                 0x49 (size before relaxing)
                0x423dab48                JS_GetPropertyStr
 *fill*         0x423dab81        0x3 
 .text.js_framer_is_held
                0x423dab84       0x87 /var/folders/n9/hdh7883x683d2htsf466jfwr0000gn/T/framer-mqjs-module-loader-Hx0uZ8/module-0-runtime.o
                                 0xa3 (size before relaxing)
 *fill*         0x423dac0b        0x1 
 .text.classify_exception
                0x423dac0c       0x64 /var/folders/n9/hdh7883x683d2htsf466jfwr0000gn/T/framer-mqjs-module-loader-Hx0uZ8/module-0-runtime.o
                                 0x8c (size before relaxing)
 .text.js_binary_arith_slow
                0x423dac70       0x9a /var/folders/n9/hdh7883x683d2htsf466jfwr0000gn/T/framer-mqjs-module-loader-Hx0uZ8/module-0-runtime.o
                                 0xd6 (size before relaxing)
 *fill*         0x423dad0a        0x2 
 .text.js_unary_arith_slow
                0x423dad0c       0x82 /var/folders/n9/hdh7883x683d2htsf466jfwr0000gn/T/framer-mqjs-module-loader-Hx0uZ8/module-0-runtime.o
                                 0x9e (size before relaxing)
 *fill*         0x423dad8e        0x2 
 .text.js_post_inc_slow
                0x423dad90       0x58 /var/folders/n9/hdh7883x683d2htsf466jfwr0000gn/T/framer-mqjs-module-loader-Hx0uZ8/module-0-runtime.o
                                 0x84 (size before relaxing)
 .text.js_strict_eq
                0x423dade8       0x96 /var/folders/n9/hdh7883x683d2htsf466jfwr0000gn/T/framer-mqjs-module-loader-Hx0uZ8/module-0-runtime.o
                                 0xda (size before relaxing)
 *fill*         0x423dae7e        0x2 
 .text.js_number_constructor
                0x423dae80       0x3c /var/folders/n9/hdh7883x683d2htsf466jfwr0000gn/T/framer-mqjs-module-loader-Hx0uZ8/module-0-runtime.o
                                 0x4c (size before relaxing)
                0x423dae84                js_number_constructor
 .text.js_thisNumberValue
                0x423daebc       0x31 /var/folders/n9/hdh7883x683d2htsf466jfwr0000gn/T/framer-mqjs-module-loader-Hx0uZ8/module-0-runtime.o
                                 0x41 (size before relaxing)
 *fill*         0x423daeed        0x3 
 .text.js_number_toString
                0x423daef0       0x70 /var/folders/n9/hdh7883x683d2htsf466jfwr0000gn/T/framer-mqjs-module-loader-Hx0uZ8/module-0-runtime.o
                                 0x88 (size before relaxing)
                0x423daef4                js_number_toString
 .text.js_add_slow
                0x423daf60       0xa1 /var/folders/n9/hdh7883x683d2htsf466jfwr0000gn/T/framer-mqjs-module-loader-Hx0uZ8/module-0-runtime.o
                                 0xe5 (size before relaxing)
 *fill*         0x423db001        0x3 
 .text.js_relational_slow
                0x423db004       0xfa /var/folders/n9/hdh7883x683d2htsf466jfwr0000gn/T/framer-mqjs-module-loader-Hx0uZ8/module-0-runtime.o
                                0x142 (size before relaxing)
 *fill*         0x423db0fe        0x2 
 .text.js_eq_slow
                0x423db100       0xfc /var/folders/n9/hdh7883x683d2htsf466jfwr0000gn/T/framer-mqjs-module-loader-Hx0uZ8/module-0-runtime.o
                                0x130 (size before relaxing)
 .text.JS_SetPropertyInternal
                0x423db1fc      0x3aa /var/folders/n9/hdh7883x683d2htsf466jfwr0000gn/T/framer-mqjs-module-loader-Hx0uZ8/module-0-runtime.o
                                0x41a (size before relaxing)
 *fill*         0x423db5a6        0x2 
 .text.JS_SetPropertyStr
                0x423db5a8       0x41 /var/folders/n9/hdh7883x683d2htsf466jfwr0000gn/T/framer-mqjs-module-loader-Hx0uZ8/module-0-runtime.o
                                 0x55 (size before relaxing)
                0x423db5a8                JS_SetPropertyStr
 *fill*         0x423db5e9        0x3 
 .text.set_event_property$isra$0
                0x423db5ec       0x1d /var/folders/n9/hdh7883x683d2htsf466jfwr0000gn/T/framer-mqjs-module-loader-Hx0uZ8/module-0-runtime.o
                                 0x21 (size before relaxing)
 *fill*         0x423db609        0x3 
 .text.JS_SetPropertyUint32
                0x423db60c       0x32 /var/folders/n9/hdh7883x683d2htsf466jfwr0000gn/T/framer-mqjs-module-loader-Hx0uZ8/module-0-runtime.o
                                 0x3a (size before relaxing)
                0x423db610                JS_SetPropertyUint32
 *fill*         0x423db63e        0x2 
 .text.js_parse_json_value
                0x423db640      0x352 /var/folders/n9/hdh7883x683d2htsf466jfwr0000gn/T/framer-mqjs-module-loader-Hx0uZ8/module-0-runtime.o
                                0x412 (size before relaxing)
 *fill*         0x423db992        0x2 
 .text.JS_Run   0x423db994       0x74 /var/folders/n9/hdh7883x683d2htsf466jfwr0000gn/T/framer-mqjs-module-loader-Hx0uZ8/module-0-runtime.o
                                 0x8c (size before relaxing)
                0x423db998                JS_Run
 .text.JS_Eval  0x423dba08       0x22 /var/folders/n9/hdh7883x683d2htsf466jfwr0000gn/T/framer-mqjs-module-loader-Hx0uZ8/module-0-runtime.o
                                 0x32 (size before relaxing)
                0x423dba08                JS_Eval
 *fill*         0x423dba2a        0x2 
 .text.evaluate
                0x423dba2c       0xda /var/folders/n9/hdh7883x683d2htsf466jfwr0000gn/T/framer-mqjs-module-loader-Hx0uZ8/module-0-runtime.o
                                0x10e (size before relaxing)
 *fill*         0x423dbb06        0x2 
 .text.recover_last_good$isra$0
                0x423dbb08       0x42 /var/folders/n9/hdh7883x683d2htsf466jfwr0000gn/T/framer-mqjs-module-loader-Hx0uZ8/module-0-runtime.o
                                 0x5a (size before relaxing)
 *fill*         0x423dbb4a        0x2 
 .text.dispatch_staged_iteration
                0x423dbb4c      0x45f /var/folders/n9/hdh7883x683d2htsf466jfwr0000gn/T/framer-mqjs-module-loader-Hx0uZ8/module-0-runtime.o
                                0x557 (size before relaxing)
 *fill*         0x423dbfab        0x1 
 .text.framer_mqjs_init
                0x423dbfac      0x178 /var/folders/n9/hdh7883x683d2htsf466jfwr0000gn/T/framer-mqjs-module-loader-Hx0uZ8/module-0-runtime.o
                                0x194 (size before relaxing)
                0x423dbfb0                framer_mqjs_init
 .text.framer_mqjs_load
                0x423dc124       0xfa /var/folders/n9/hdh7883x683d2htsf466jfwr0000gn/T/framer-mqjs-module-loader-Hx0uZ8/module-0-runtime.o
                                0x126 (size before relaxing)
                0x423dc128                framer_mqjs_load
 *fill*         0x423dc21e        0x2 
 .text.framer_mqjs_dispatch
                0x423dc220       0xd4 /var/folders/n9/hdh7883x683d2htsf466jfwr0000gn/T/framer-mqjs-module-loader-Hx0uZ8/module-0-runtime.o
                                 0xf4 (size before relaxing)
                0x423dc220                framer_mqjs_dispatch
 .text.framer_mqjs_input_enqueue
                0x423dc2f4      0x230 /var/folders/n9/hdh7883x683d2htsf466jfwr0000gn/T/framer-mqjs-module-loader-Hx0uZ8/module-0-runtime.o
                                0x238 (size before relaxing)
                0x423dc2f4                framer_mqjs_input_enqueue
 .text.framer_mqjs_input_request_release_all
                0x423dc524       0x92 /var/folders/n9/hdh7883x683d2htsf466jfwr0000gn/T/framer-mqjs-module-loader-Hx0uZ8/module-0-runtime.o
                                 0x96 (size before relaxing)
                0x423dc524                framer_mqjs_input_request_release_all
 *fill*         0x423dc5b6        0x2 
 .text.framer_mqjs_input_request_focus_release
                0x423dc5b8       0xa6 /var/folders/n9/hdh7883x683d2htsf466jfwr0000gn/T/framer-mqjs-module-loader-Hx0uZ8/module-0-runtime.o
                                 0xae (size before relaxing)
                0x423dc5b8                framer_mqjs_input_request_focus_release
 *fill*         0x423dc65e        0x2 
 .text.framer_mqjs_input_drain
                0x423dc660      0x29e /var/folders/n9/hdh7883x683d2htsf466jfwr0000gn/T/framer-mqjs-module-loader-Hx0uZ8/module-0-runtime.o
                                0x2c9 (size before relaxing)
                0x423dc660                framer_mqjs_input_drain
 *fill*         0x423dc8fe        0x2 
 .text.framer_mqjs_input_get_observation
                0x423dc900       0xa4 /var/folders/n9/hdh7883x683d2htsf466jfwr0000gn/T/framer-mqjs-module-loader-Hx0uZ8/module-0-runtime.o
                                 0xa8 (size before relaxing)
                0x423dc900                framer_mqjs_input_get_observation
 .text.framer_mqjs_get_telemetry
                0x423dc9a4       0x40 /var/folders/n9/hdh7883x683d2htsf466jfwr0000gn/T/framer-mqjs-module-loader-Hx0uZ8/module-0-runtime.o
                                 0x48 (size before relaxing)
                0x423dc9a4                framer_mqjs_get_telemetry
 .text.framer_mqjs_get_last_good_slots
                0x423dc9e4       0x3c /var/folders/n9/hdh7883x683d2htsf466jfwr0000gn/T/framer-mqjs-module-loader-Hx0uZ8/module-0-runtime.o
                                 0x47 (size before relaxing)
                0x423dc9e4                framer_mqjs_get_last_good_slots
 *fill*         0x423dca20        0x0 
 .text.framer_mqjs_destroy
                0x423dca20       0x2f /var/folders/n9/hdh7883x683d2htsf466jfwr0000gn/T/framer-mqjs-module-loader-Hx0uZ8/module-0-runtime.o
                                 0x3f (size before relaxing)
                0x423dca20                framer_mqjs_destroy
 *fill*         0x423dca4f        0x1 
 .text.framer_mqjs_module_probe
                0x423dca50        0xc /var/folders/n9/hdh7883x683d2htsf466jfwr0000gn/T/framer-mqjs-module-loader-Hx0uZ8/module-0-adapter.o
                0x423dca54                framer_mqjs_module_probe
 .text.u32toa_len
                0x423dca5c       0x2f /var/folders/n9/hdh7883x683d2htsf466jfwr0000gn/T/framer-mqjs-module-loader-Hx0uZ8/module-0-dtoa.o
 *fill*         0x423dca8b        0x1 
 .text.mpb_mul1_base
                0x423dca8c       0x80 /var/folders/n9/hdh7883x683d2htsf466jfwr0000gn/T/framer-mqjs-module-loader-Hx0uZ8/module-0-dtoa.o
                                 0x88 (size before relaxing)
 .text.mul_log2_radix
                0x423dcb0c       0x3d /var/folders/n9/hdh7883x683d2htsf466jfwr0000gn/T/framer-mqjs-module-loader-Hx0uZ8/module-0-dtoa.o
 *fill*         0x423dcb49        0x3 
 .text.pow_ui   0x423dcb4c       0x90 /var/folders/n9/hdh7883x683d2htsf466jfwr0000gn/T/framer-mqjs-module-loader-Hx0uZ8/module-0-dtoa.o
                                 0x94 (size before relaxing)
 .text.mpb_shr_round
                0x423dcbdc      0x18b /var/folders/n9/hdh7883x683d2htsf466jfwr0000gn/T/framer-mqjs-module-loader-Hx0uZ8/module-0-dtoa.o
                                0x197 (size before relaxing)
 *fill*         0x423dcd67        0x1 
 .text.output_digits
                0x423dcd68      0x156 /var/folders/n9/hdh7883x683d2htsf466jfwr0000gn/T/framer-mqjs-module-loader-Hx0uZ8/module-0-dtoa.o
                                0x182 (size before relaxing)
 *fill*         0x423dcebe        0x2 
 .text.round_to_d$constprop$0
                0x423dcec0       0x78 /var/folders/n9/hdh7883x683d2htsf466jfwr0000gn/T/framer-mqjs-module-loader-Hx0uZ8/module-0-dtoa.o
                                 0x84 (size before relaxing)
 .text.mul_pow  0x423dcf38      0x162 /var/folders/n9/hdh7883x683d2htsf466jfwr0000gn/T/framer-mqjs-module-loader-Hx0uZ8/module-0-dtoa.o
                                0x192 (size before relaxing)
 *fill*         0x423dd09a        0x2 
 .text.mul_pow_round
                0x423dd09c       0x2e /var/folders/n9/hdh7883x683d2htsf466jfwr0000gn/T/framer-mqjs-module-loader-Hx0uZ8/module-0-dtoa.o
                                 0x3a (size before relaxing)
 *fill*         0x423dd0ca        0x2 
 .text.u32toa   0x423dd0cc       0x3a /var/folders/n9/hdh7883x683d2htsf466jfwr0000gn/T/framer-mqjs-module-loader-Hx0uZ8/module-0-dtoa.o
                                 0x42 (size before relaxing)
                0x423dd0cc                u32toa
 *fill*         0x423dd106        0x2 
 .text.i32toa   0x423dd108       0x29 /var/folders/n9/hdh7883x683d2htsf466jfwr0000gn/T/framer-mqjs-module-loader-Hx0uZ8/module-0-dtoa.o
                                 0x31 (size before relaxing)
                0x423dd108                i32toa
 *fill*         0x423dd131        0x3 
 .text.u64toa   0x423dd134       0xa9 /var/folders/n9/hdh7883x683d2htsf466jfwr0000gn/T/framer-mqjs-module-loader-Hx0uZ8/module-0-dtoa.o
                                 0xe5 (size before relaxing)
                0x423dd13c                u64toa
 *fill*         0x423dd1dd        0x3 
 .text.i64toa   0x423dd1e0       0x39 /var/folders/n9/hdh7883x683d2htsf466jfwr0000gn/T/framer-mqjs-module-loader-Hx0uZ8/module-0-dtoa.o
                                 0x41 (size before relaxing)
                0x423dd1e0                i64toa
 *fill*         0x423dd219        0x3 
 .text.u64toa_radix
                0x423dd21c       0xea /var/folders/n9/hdh7883x683d2htsf466jfwr0000gn/T/framer-mqjs-module-loader-Hx0uZ8/module-0-dtoa.o
                                0x102 (size before relaxing)
                0x423dd21c                u64toa_radix
 *fill*         0x423dd306        0x2 
 .text.js_dtoa_max_len
                0x423dd308       0x63 /var/folders/n9/hdh7883x683d2htsf466jfwr0000gn/T/framer-mqjs-module-loader-Hx0uZ8/module-0-dtoa.o
                                 0x6f (size before relaxing)
                0x423dd30c                js_dtoa_max_len
 *fill*         0x423dd36b        0x1 
 .text.js_dtoa  0x423dd36c      0x46e /var/folders/n9/hdh7883x683d2htsf466jfwr0000gn/T/framer-mqjs-module-loader-Hx0uZ8/module-0-dtoa.o
                                0x50a (size before relaxing)
                0x423dd374                js_dtoa
 *fill*         0x423dd7da        0x2 
 .text.js_atod  0x423dd7dc      0x49e /var/folders/n9/hdh7883x683d2htsf466jfwr0000gn/T/framer-mqjs-module-loader-Hx0uZ8/module-0-dtoa.o
                                0x502 (size before relaxing)
                0x423dd7ec                js_atod
 *fill*         0x423ddc7a        0x2 
 .text.eval_poly
                0x423ddc7c       0x35 /var/folders/n9/hdh7883x683d2htsf466jfwr0000gn/T/framer-mqjs-module-loader-Hx0uZ8/module-0-libm.o
                                 0x41 (size before relaxing)
 *fill*         0x423ddcb1        0x3 
 .text.kernel_log2
                0x423ddcb4      0x2e2 /var/folders/n9/hdh7883x683d2htsf466jfwr0000gn/T/framer-mqjs-module-loader-Hx0uZ8/module-0-libm.o
                                0x426 (size before relaxing)
 *fill*         0x423ddf96        0x2 
 .text.js_lrint
                0x423ddf98       0xca /var/folders/n9/hdh7883x683d2htsf466jfwr0000gn/T/framer-mqjs-module-loader-Hx0uZ8/module-0-libm.o
                                 0xd6 (size before relaxing)
                0x423ddf98                js_lrint
 *fill*         0x423de062        0x2 
 .text.js_fmod  0x423de064      0x20e /var/folders/n9/hdh7883x683d2htsf466jfwr0000gn/T/framer-mqjs-module-loader-Hx0uZ8/module-0-libm.o
                                0x22a (size before relaxing)
                0x423de068                js_fmod
 *fill*         0x423de272        0x2 
 .text.js_scalbn
                0x423de274       0xe8 /var/folders/n9/hdh7883x683d2htsf466jfwr0000gn/T/framer-mqjs-module-loader-Hx0uZ8/module-0-libm.o
                                 0xfb (size before relaxing)
                0x423de294                js_scalbn
 *fill*         0x423de35c        0x0 
 .text.kernel_exp
                0x423de35c       0xbe /var/folders/n9/hdh7883x683d2htsf466jfwr0000gn/T/framer-mqjs-module-loader-Hx0uZ8/module-0-libm.o
                                0x122 (size before relaxing)
 *fill*         0x423de41a        0x2 
 .text.js_sqrt  0x423de41c      0x14e /var/folders/n9/hdh7883x683d2htsf466jfwr0000gn/T/framer-mqjs-module-loader-Hx0uZ8/module-0-libm.o
                                0x166 (size before relaxing)
                0x423de41c                js_sqrt
 *fill*         0x423de56a        0x2 
 .text.js_pow   0x423de56c      0x580 /var/folders/n9/hdh7883x683d2htsf466jfwr0000gn/T/framer-mqjs-module-loader-Hx0uZ8/module-0-libm.o
                                0x6dc (size before relaxing)
                0x423de5b8                js_pow
 .text          0x423deaec      0x312 /Users/gavin/Documents/ChatGPT/worklouder-sdk-knob-1/.toolchains/xtensa-esp-elf-13.2.0_20240530/bin/../lib/gcc/xtensa-esp-elf/13.2.0/esp32s3/libgcc.a(_addsubdf3.o)
                0x423deb1c                __adddf3
                0x423dec78                __subdf3
 *fill*         0x423dedfe        0x2 
 .text          0x423dee00      0x1ff /Users/gavin/Documents/ChatGPT/worklouder-sdk-knob-1/.toolchains/xtensa-esp-elf-13.2.0_20240530/bin/../lib/gcc/xtensa-esp-elf/13.2.0/esp32s3/libgcc.a(_muldf3.o)
                0x423deee4                __muldf3
 *fill*         0x423defff        0x1 
 .text          0x423df000      0x213 /Users/gavin/Documents/ChatGPT/worklouder-sdk-knob-1/.toolchains/xtensa-esp-elf-13.2.0_20240530/bin/../lib/gcc/xtensa-esp-elf/13.2.0/esp32s3/libgcc.a(_divdf3.o)
                0x423df0f0                __divdf3
 *fill*         0x423df213        0x1 
 .text          0x423df214      0x176 /Users/gavin/Documents/ChatGPT/worklouder-sdk-knob-1/.toolchains/xtensa-esp-elf-13.2.0_20240530/bin/../lib/gcc/xtensa-esp-elf/13.2.0/esp32s3/libgcc.a(_cmpdf2.o)
                0x423df214                __eqdf2
                0x423df214                __nedf2
                0x423df248                __gtdf2
                0x423df270                __ledf2
                0x423df2d4                __gedf2
                0x423df2fc                __ltdf2
                0x423df360                __unorddf2
 *fill*         0x423df38a        0x2 
 .text          0x423df38c       0x4c /Users/gavin/Documents/ChatGPT/worklouder-sdk-knob-1/.toolchains/xtensa-esp-elf-13.2.0_20240530/bin/../lib/gcc/xtensa-esp-elf/13.2.0/esp32s3/libgcc.a(_fixdfsi.o)
                0x423df38c                __fixdfsi
 .text          0x423df3d8       0xa4 /Users/gavin/Documents/ChatGPT/worklouder-sdk-knob-1/.toolchains/xtensa-esp-elf-13.2.0_20240530/bin/../lib/gcc/xtensa-esp-elf/13.2.0/esp32s3/libgcc.a(_truncdfsf2.o)
                0x423df3d8                __truncdfsf2
 .text          0x423df47c       0x62 /Users/gavin/Documents/ChatGPT/worklouder-sdk-knob-1/.toolchains/xtensa-esp-elf-13.2.0_20240530/bin/../lib/gcc/xtensa-esp-elf/13.2.0/esp32s3/libgcc.a(_extendsfdf2.o)
                0x423df47c                __extendsfdf2
 *fill*         0x423df4de        0x2 
 .text          0x423df4e0      0x123 /Users/gavin/Documents/ChatGPT/worklouder-sdk-knob-1/.toolchains/xtensa-esp-elf-13.2.0_20240530/bin/../lib/gcc/xtensa-esp-elf/13.2.0/../../../../xtensa-esp-elf/lib/esp32s3/libc.a(libc_a-strcmp.o)
                0x423df4e0                strcmp
 *fill*         0x423df603        0x1 
 .text          0x423df604       0x63 /Users/gavin/Documents/ChatGPT/worklouder-sdk-knob-1/.toolchains/xtensa-esp-elf-13.2.0_20240530/bin/../lib/gcc/xtensa-esp-elf/13.2.0/../../../../xtensa-esp-elf/lib/esp32s3/libc.a(libc_a-strlen.o)
                0x423df604                strlen
 *fill*         0x423df667        0x1 
 .text.from_hex
                0x423df668       0x23 /var/folders/n9/hdh7883x683d2htsf466jfwr0000gn/T/framer-mqjs-module-loader-Hx0uZ8/module-0-runtime.o
 *fill*         0x423df68b        0x1 
 .text.get_special_prop
                0x423df68c       0x23 /var/folders/n9/hdh7883x683d2htsf466jfwr0000gn/T/framer-mqjs-module-loader-Hx0uZ8/module-0-runtime.o
 *fill*         0x423df6af        0x1 
 .text.dummy_write_func
                0x423df6b0        0x5 /var/folders/n9/hdh7883x683d2htsf466jfwr0000gn/T/framer-mqjs-module-loader-Hx0uZ8/module-0-runtime.o
 *fill*         0x423df6b5        0x3 
 .text.skip_spaces
                0x423df6b8       0x1d /var/folders/n9/hdh7883x683d2htsf466jfwr0000gn/T/framer-mqjs-module-loader-Hx0uZ8/module-0-runtime.o
 *fill*         0x423df6d5        0x3 
 .text.js_reverse_val
                0x423df6d8       0x27 /var/folders/n9/hdh7883x683d2htsf466jfwr0000gn/T/framer-mqjs-module-loader-Hx0uZ8/module-0-runtime.o
 *fill*         0x423df6ff        0x1 
 .text.is_ident_first
                0x423df700       0x2a /var/folders/n9/hdh7883x683d2htsf466jfwr0000gn/T/framer-mqjs-module-loader-Hx0uZ8/module-0-runtime.o
 *fill*         0x423df72a        0x0 
 *fill*         0x423df72a        0x2 
 .text.get_line_col
                0x423df72c       0x31 /var/folders/n9/hdh7883x683d2htsf466jfwr0000gn/T/framer-mqjs-module-loader-Hx0uZ8/module-0-runtime.o
 *fill*         0x423df75d        0x0 
 *fill*         0x423df75d        0x0 
 *fill*         0x423df75d        0x3 
 .text.get_prev_opcode
                0x423df760       0x17 /var/folders/n9/hdh7883x683d2htsf466jfwr0000gn/T/framer-mqjs-module-loader-Hx0uZ8/module-0-runtime.o
 *fill*         0x423df777        0x1 
 .text.find_var
                0x423df778       0x27 /var/folders/n9/hdh7883x683d2htsf466jfwr0000gn/T/framer-mqjs-module-loader-Hx0uZ8/module-0-runtime.o
 *fill*         0x423df79f        0x1 
 .text.pop_break_entry
                0x423df7a0       0x1d /var/folders/n9/hdh7883x683d2htsf466jfwr0000gn/T/framer-mqjs-module-loader-Hx0uZ8/module-0-runtime.o
 *fill*         0x423df7bd        0x0 
 *fill*         0x423df7bd        0x0 
 *fill*         0x423df7bd        0x0 
 *fill*         0x423df7bd        0x3 
 .text.mtag_has_references
                0x423df7c0       0x11 /var/folders/n9/hdh7883x683d2htsf466jfwr0000gn/T/framer-mqjs-module-loader-Hx0uZ8/module-0-runtime.o
 *fill*         0x423df7d1        0x0 
 *fill*         0x423df7d1        0x3 
 .text.gc_thread_pointer
                0x423df7d4       0x1f /var/folders/n9/hdh7883x683d2htsf466jfwr0000gn/T/framer-mqjs-module-loader-Hx0uZ8/module-0-runtime.o
 *fill*         0x423df7f3        0x1 
 .text.js_string_set_length
                0x423df7f4        0x7 /var/folders/n9/hdh7883x683d2htsf466jfwr0000gn/T/framer-mqjs-module-loader-Hx0uZ8/module-0-runtime.o
                0x423df7f4                js_string_set_length
 *fill*         0x423df7fb        0x1 
 .text.parse_digits
                0x423df7fc       0x55 /var/folders/n9/hdh7883x683d2htsf466jfwr0000gn/T/framer-mqjs-module-loader-Hx0uZ8/module-0-runtime.o
 *fill*         0x423df851        0x3 
 .text.range_sort_cmp
                0x423df854       0x4a /var/folders/n9/hdh7883x683d2htsf466jfwr0000gn/T/framer-mqjs-module-loader-Hx0uZ8/module-0-runtime.o
 *fill*         0x423df89e        0x2 
 .text.range_sort_swap
                0x423df8a0       0xc5 /var/folders/n9/hdh7883x683d2htsf466jfwr0000gn/T/framer-mqjs-module-loader-Hx0uZ8/module-0-runtime.o
 *fill*         0x423df965        0x3 
 .text.range_compress
                0x423df968      0x102 /var/folders/n9/hdh7883x683d2htsf466jfwr0000gn/T/framer-mqjs-module-loader-Hx0uZ8/module-0-runtime.o
 *fill*         0x423dfa6a        0x0 
 *fill*         0x423dfa6a        0x2 
 .text.is_owner_thread
                0x423dfa6c       0x18 /var/folders/n9/hdh7883x683d2htsf466jfwr0000gn/T/framer-mqjs-module-loader-Hx0uZ8/module-0-runtime.o
 .text.sample_memory
                0x423dfa84       0x3b /var/folders/n9/hdh7883x683d2htsf466jfwr0000gn/T/framer-mqjs-module-loader-Hx0uZ8/module-0-runtime.o
 *fill*         0x423dfabf        0x0 
 *fill*         0x423dfabf        0x1 
 .text.begin_deadline
                0x423dfac0       0x38 /var/folders/n9/hdh7883x683d2htsf466jfwr0000gn/T/framer-mqjs-module-loader-Hx0uZ8/module-0-runtime.o
 .text.find_handler
                0x423dfaf8       0x3d /var/folders/n9/hdh7883x683d2htsf466jfwr0000gn/T/framer-mqjs-module-loader-Hx0uZ8/module-0-runtime.o
 *fill*         0x423dfb35        0x0 
 *fill*         0x423dfb35        0x0 
 *fill*         0x423dfb35        0x0 
 *fill*         0x423dfb35        0x0 
 *fill*         0x423dfb35        0x3 
 .text.finish_input_producer
                0x423dfb38       0x32 /var/folders/n9/hdh7883x683d2htsf466jfwr0000gn/T/framer-mqjs-module-loader-Hx0uZ8/module-0-runtime.o
 *fill*         0x423dfb6a        0x2 
 .text.JS_IsFunctionObject$part$0
                0x423dfb6c       0x1e /var/folders/n9/hdh7883x683d2htsf466jfwr0000gn/T/framer-mqjs-module-loader-Hx0uZ8/module-0-runtime.o
 *fill*         0x423dfb8a        0x2 
 .text.rqsort_idx$part$0
                0x423dfb8c       0xbb /var/folders/n9/hdh7883x683d2htsf466jfwr0000gn/T/framer-mqjs-module-loader-Hx0uZ8/module-0-runtime.o
 *fill*         0x423dfc47        0x0 
 *fill*         0x423dfc47        0x0 
 *fill*         0x423dfc47        0x0 
 *fill*         0x423dfc47        0x0 
 *fill*         0x423dfc47        0x0 
 *fill*         0x423dfc47        0x0 
 *fill*         0x423dfc47        0x0 
 *fill*         0x423dfc47        0x1 
 .text.JS_IsString$constprop$0
                0x423dfc48       0x2a /var/folders/n9/hdh7883x683d2htsf466jfwr0000gn/T/framer-mqjs-module-loader-Hx0uZ8/module-0-runtime.o
 *fill*         0x423dfc72        0x0 
 *fill*         0x423dfc72        0x0 
 *fill*         0x423dfc72        0x0 
 *fill*         0x423dfc72        0x0 
 *fill*         0x423dfc72        0x2 
 .text.js_parse_pop_val$isra$0
                0x423dfc74       0x1a /var/folders/n9/hdh7883x683d2htsf466jfwr0000gn/T/framer-mqjs-module-loader-Hx0uZ8/module-0-runtime.o
 *fill*         0x423dfc8e        0x2 
 .text.find_ext_var$isra$0
                0x423dfc90       0x24 /var/folders/n9/hdh7883x683d2htsf466jfwr0000gn/T/framer-mqjs-module-loader-Hx0uZ8/module-0-runtime.o
 .text.js_eq_get_type$isra$0
                0x423dfcb4       0x3c /var/folders/n9/hdh7883x683d2htsf466jfwr0000gn/T/framer-mqjs-module-loader-Hx0uZ8/module-0-runtime.o
 .text.js_function_get_length_name1$isra$0
                0x423dfcf0       0x7c /var/folders/n9/hdh7883x683d2htsf466jfwr0000gn/T/framer-mqjs-module-loader-Hx0uZ8/module-0-runtime.o
 .text.find_own_property$isra$0
                0x423dfd6c       0x37 /var/folders/n9/hdh7883x683d2htsf466jfwr0000gn/T/framer-mqjs-module-loader-Hx0uZ8/module-0-runtime.o
 *fill*         0x423dfda3        0x0 
 *fill*         0x423dfda3        0x0 
 *fill*         0x423dfda3        0x0 
 *fill*         0x423dfda3        0x1 
 .text.js_get_object_class$isra$0
                0x423dfda4       0x2a /var/folders/n9/hdh7883x683d2htsf466jfwr0000gn/T/framer-mqjs-module-loader-Hx0uZ8/module-0-runtime.o
 *fill*         0x423dfdce        0x2 
 .text.JS_IsObject$isra$0
                0x423dfdd0       0x1e /var/folders/n9/hdh7883x683d2htsf466jfwr0000gn/T/framer-mqjs-module-loader-Hx0uZ8/module-0-runtime.o
 *fill*         0x423dfdee        0x0 
 *fill*         0x423dfdee        0x0 
 *fill*         0x423dfdee        0x2 
 .text.emit_label
                0x423dfdf0       0x66 /var/folders/n9/hdh7883x683d2htsf466jfwr0000gn/T/framer-mqjs-module-loader-Hx0uZ8/module-0-runtime.o
 *fill*         0x423dfe56        0x0 
 *fill*         0x423dfe56        0x0 
 *fill*         0x423dfe56        0x2 
 .text.JS_IsError
                0x423dfe58       0x1e /var/folders/n9/hdh7883x683d2htsf466jfwr0000gn/T/framer-mqjs-module-loader-Hx0uZ8/module-0-runtime.o
                0x423dfe58                JS_IsError
 *fill*         0x423dfe76        0x2 
 .text.JS_IsNumber
                0x423dfe78       0x1f /var/folders/n9/hdh7883x683d2htsf466jfwr0000gn/T/framer-mqjs-module-loader-Hx0uZ8/module-0-runtime.o
                0x423dfe78                JS_IsNumber
 *fill*         0x423dfe97        0x0 
 *fill*         0x423dfe97        0x0 
 *fill*         0x423dfe97        0x0 
 *fill*         0x423dfe97        0x0 
 *fill*         0x423dfe97        0x0 
 *fill*         0x423dfe97        0x0 
 *fill*         0x423dfe97        0x0 
 *fill*         0x423dfe97        0x0 
 *fill*         0x423dfe97        0x0 
 *fill*         0x423dfe97        0x0 
 *fill*         0x423dfe97        0x0 
 *fill*         0x423dfe97        0x0 
 *fill*         0x423dfe97        0x0 
 *fill*         0x423dfe97        0x0 
 *fill*         0x423dfe97        0x0 
 *fill*         0x423dfe97        0x0 
 *fill*         0x423dfe97        0x0 
 *fill*         0x423dfe97        0x0 
 *fill*         0x423dfe97        0x0 
 *fill*         0x423dfe97        0x0 
 *fill*         0x423dfe97        0x0 
 *fill*         0x423dfe97        0x0 
 *fill*         0x423dfe97        0x0 
 *fill*         0x423dfe97        0x0 
 *fill*         0x423dfe97        0x0 
 *fill*         0x423dfe97        0x0 
 *fill*         0x423dfe97        0x0 
 *fill*         0x423dfe97        0x0 
 *fill*         0x423dfe97        0x0 
 *fill*         0x423dfe97        0x0 
 *fill*         0x423dfe97        0x0 
 *fill*         0x423dfe97        0x0 
 *fill*         0x423dfe97        0x0 
 *fill*         0x423dfe97        0x0 
 *fill*         0x423dfe97        0x0 
 *fill*         0x423dfe97        0x0 
 *fill*         0x423dfe97        0x0 
 *fill*         0x423dfe97        0x0 
 *fill*         0x423dfe97        0x0 
 *fill*         0x423dfe97        0x0 
 *fill*         0x423dfe97        0x0 
 *fill*         0x423dfe97        0x0 
 *fill*         0x423dfe97        0x0 
 *fill*         0x423dfe97        0x0 
 *fill*         0x423dfe97        0x0 
 *fill*         0x423dfe97        0x0 
 *fill*         0x423dfe97        0x0 
 *fill*         0x423dfe97        0x0 
 *fill*         0x423dfe97        0x0 
 *fill*         0x423dfe97        0x0 
 *fill*         0x423dfe97        0x0 
 *fill*         0x423dfe97        0x0 
 *fill*         0x423dfe97        0x0 
 *fill*         0x423dfe97        0x0 
 *fill*         0x423dfe97        0x0 
 *fill*         0x423dfe97        0x0 
 *fill*         0x423dfe97        0x0 
 *fill*         0x423dfe97        0x0 
 *fill*         0x423dfe97        0x0 
 *fill*         0x423dfe97        0x0 
 *fill*         0x423dfe97        0x0 
 *fill*         0x423dfe97        0x0 
 *fill*         0x423dfe97        0x0 
 *fill*         0x423dfe97        0x0 
 *fill*         0x423dfe97        0x0 
 *fill*         0x423dfe97        0x0 
 *fill*         0x423dfe97        0x0 
 *fill*         0x423dfe97        0x0 
 *fill*         0x423dfe97        0x0 
 *fill*         0x423dfe97        0x0 
 *fill*         0x423dfe97        0x0 
 *fill*         0x423dfe97        0x0 
 *fill*         0x423dfe97        0x0 
 *fill*         0x423dfe97        0x0 
 *fill*         0x423dfe97        0x0 
 *fill*         0x423dfe97        0x0 
 *fill*         0x423dfe97        0x0 
 *fill*         0x423dfe97        0x0 
 *fill*         0x423dfe97        0x0 
 *fill*         0x423dfe97        0x0 
 *fill*         0x423dfe97        0x0 
 *fill*         0x423dfe97        0x0 
 *fill*         0x423dfe97        0x0 
 *fill*         0x423dfe97        0x0 
 *fill*         0x423dfe97        0x0 
 *fill*         0x423dfe97        0x0 
 *fill*         0x423dfe97        0x0 
 *fill*         0x423dfe97        0x0 
 *fill*         0x423dfe97        0x0 
 *fill*         0x423dfe97        0x0 
 *fill*         0x423dfe97        0x0 
 *fill*         0x423dfe97        0x0 
 *fill*         0x423dfe97        0x0 
 *fill*         0x423dfe97        0x0 
 *fill*         0x423dfe97        0x0 
 *fill*         0x423dfe97        0x0 
 *fill*         0x423dfe97        0x0 
 *fill*         0x423dfe97        0x0 
 *fill*         0x423dfe97        0x0 
 *fill*         0x423dfe97        0x0 
 *fill*         0x423dfe97        0x0 
 *fill*         0x423dfe97        0x0 
 *fill*         0x423dfe97        0x0 
 *fill*         0x423dfe97        0x0 
 *fill*         0x423dfe97        0x0 
 *fill*         0x423dfe97        0x0 
 *fill*         0x423dfe97        0x0 
 *fill*         0x423dfe97        0x0 
 *fill*         0x423dfe97        0x0 
 *fill*         0x423dfe97        0x0 
 *fill*         0x423dfe97        0x0 
 *fill*         0x423dfe97        0x0 
 *fill*         0x423dfe97        0x0 
 *fill*         0x423dfe97        0x0 
 *fill*         0x423dfe97        0x0 
 *fill*         0x423dfe97        0x0 
 *fill*         0x423dfe97        0x0 
 *fill*         0x423dfe97        0x0 
 *fill*         0x423dfe97        0x0 
 *fill*         0x423dfe97        0x0 
 *fill*         0x423dfe97        0x0 
 *fill*         0x423dfe97        0x0 
 *fill*         0x423dfe97        0x0 
 *fill*         0x423dfe97        0x0 
 *fill*         0x423dfe97        0x0 
 *fill*         0x423dfe97        0x0 
 *fill*         0x423dfe97        0x0 
 *fill*         0x423dfe97        0x0 
 *fill*         0x423dfe97        0x0 
 *fill*         0x423dfe97        0x0 
 *fill*         0x423dfe97        0x0 
 *fill*         0x423dfe97        0x0 
 *fill*         0x423dfe97        0x0 
 *fill*         0x423dfe97        0x1 
 .text.unlikely.abort
                0x423dfe98        0x6 /var/folders/n9/hdh7883x683d2htsf466jfwr0000gn/T/framer-mqjs-module-loader-Hx0uZ8/module-0-adapter.o
                0x423dfe98                abort
 *fill*         0x423dfe9e        0x2 
 .text.mpb_renorm
                0x423dfea0       0x1a /var/folders/n9/hdh7883x683d2htsf466jfwr0000gn/T/framer-mqjs-module-loader-Hx0uZ8/module-0-dtoa.o
 *fill*         0x423dfeba        0x0 
 *fill*         0x423dfeba        0x2 
 .text.to_digit
                0x423dfebc       0x26 /var/folders/n9/hdh7883x683d2htsf466jfwr0000gn/T/framer-mqjs-module-loader-Hx0uZ8/module-0-dtoa.o
 *fill*         0x423dfee2        0x0 
 *fill*         0x423dfee2        0x2 
 .text.mp_div1norm$constprop$0
                0x423dfee4       0x98 /var/folders/n9/hdh7883x683d2htsf466jfwr0000gn/T/framer-mqjs-module-loader-Hx0uZ8/module-0-dtoa.o
 *fill*         0x423dff7c        0x0 
 *fill*         0x423dff7c        0x0 
 *fill*         0x423dff7c        0x0 
 *fill*         0x423dff7c        0x0 
 *fill*         0x423dff7c        0x0 
 *fill*         0x423dff7c        0x0 
 *fill*         0x423dff7c        0x0 
 *fill*         0x423dff7c        0x0 
 *fill*         0x423dff7c        0x0 
 *fill*         0x423dff7c        0x0 
 *fill*         0x423dff7c        0x0 
 *fill*         0x423dff7c        0x0 
 *fill*         0x423dff7c        0x0 
 *fill*         0x423dff7c        0x0 
 *fill*         0x423dff7c        0x0 
 *fill*         0x423dff7c        0x0 
 *fill*         0x423dff7c        0x0 
 *fill*         0x423dff7c        0x0 
 *fill*         0x423dff7c        0x0 
 .text.strstart
                0x423dff7c       0x29 /var/folders/n9/hdh7883x683d2htsf466jfwr0000gn/T/framer-mqjs-module-loader-Hx0uZ8/module-0-cutils.o
                0x423dff7c                strstart
 *fill*         0x423dffa5        0x3 
 .text.__unicode_to_utf8
                0x423dffa8       0x78 /var/folders/n9/hdh7883x683d2htsf466jfwr0000gn/T/framer-mqjs-module-loader-Hx0uZ8/module-0-cutils.o
                0x423dffa8                __unicode_to_utf8
 .text.__unicode_from_utf8
                0x423e0020      0x112 /var/folders/n9/hdh7883x683d2htsf466jfwr0000gn/T/framer-mqjs-module-loader-Hx0uZ8/module-0-cutils.o
                0x423e0020                __unicode_from_utf8
 *fill*         0x423e0132        0x2 
 .text.__utf8_get
                0x423e0134       0x94 /var/folders/n9/hdh7883x683d2htsf466jfwr0000gn/T/framer-mqjs-module-loader-Hx0uZ8/module-0-cutils.o
                0x423e0134                __utf8_get
 .text          0x423e01c8       0x18 /Users/gavin/Documents/ChatGPT/worklouder-sdk-knob-1/.toolchains/xtensa-esp-elf-13.2.0_20240530/bin/../lib/gcc/xtensa-esp-elf/13.2.0/esp32s3/libgcc.a(_ashldi3.o)
                0x423e01c8                __ashldi3
 .text          0x423e01e0       0x18 /Users/gavin/Documents/ChatGPT/worklouder-sdk-knob-1/.toolchains/xtensa-esp-elf-13.2.0_20240530/bin/../lib/gcc/xtensa-esp-elf/13.2.0/esp32s3/libgcc.a(_lshrdi3.o)
                0x423e01e0                __lshrdi3
 .text          0x423e01f8       0x14 /Users/gavin/Documents/ChatGPT/worklouder-sdk-knob-1/.toolchains/xtensa-esp-elf-13.2.0_20240530/bin/../lib/gcc/xtensa-esp-elf/13.2.0/esp32s3/libgcc.a(_bswapsi2.o)
                0x423e01f8                __bswapsi2
 *fill*         0x423e020c        0x0 
 *fill*         0x423e020c        0x0 
 *fill*         0x423e020c        0x0 
 *fill*         0x423e020c        0x0 
 .text          0x423e020c       0x3d /Users/gavin/Documents/ChatGPT/worklouder-sdk-knob-1/.toolchains/xtensa-esp-elf-13.2.0_20240530/bin/../lib/gcc/xtensa-esp-elf/13.2.0/esp32s3/libgcc.a(_floatsidf.o)
                0x423e020c                __floatunsidf
                0x423e0218                __floatsidf
 *fill*         0x423e0249        0x3 
 .text          0x423e024c       0x81 /Users/gavin/Documents/ChatGPT/worklouder-sdk-knob-1/.toolchains/xtensa-esp-elf-13.2.0_20240530/bin/../lib/gcc/xtensa-esp-elf/13.2.0/esp32s3/libgcc.a(_floatdidf.o)
                0x423e024c                __floatundidf
                0x423e025c                __floatdidf
 *fill*         0x423e02cd        0x0 
 *fill*         0x423e02cd        0x3 
 .text          0x423e02d0      0x20c /Users/gavin/Documents/ChatGPT/worklouder-sdk-knob-1/.toolchains/xtensa-esp-elf-13.2.0_20240530/bin/../lib/gcc/xtensa-esp-elf/13.2.0/esp32s3/libgcc.a(_udivdi3.o)
                0x423e02d0                __udivdi3
 .text          0x423e04dc      0x21b /Users/gavin/Documents/ChatGPT/worklouder-sdk-knob-1/.toolchains/xtensa-esp-elf-13.2.0_20240530/bin/../lib/gcc/xtensa-esp-elf/13.2.0/esp32s3/libgcc.a(_umoddi3.o)
                0x423e04dc                __umoddi3
 *fill*         0x423e06f7        0x1 
 .text          0x423e06f8       0x4f /Users/gavin/Documents/ChatGPT/worklouder-sdk-knob-1/.toolchains/xtensa-esp-elf-13.2.0_20240530/bin/../lib/gcc/xtensa-esp-elf/13.2.0/../../../../xtensa-esp-elf/lib/esp32s3/libc.a(libc_a-memcmp.o)
                0x423e06f8                memcmp
 *fill*         0x423e0747        0x1 
 .text          0x423e0748       0x41 /Users/gavin/Documents/ChatGPT/worklouder-sdk-knob-1/.toolchains/xtensa-esp-elf-13.2.0_20240530/bin/../lib/gcc/xtensa-esp-elf/13.2.0/../../../../xtensa-esp-elf/lib/esp32s3/libc.a(libc_a-memmove.o)
                0x423e0748                memmove
 *fill*         0x423e0789        0x3 
 .text          0x423e078c       0x3a /Users/gavin/Documents/ChatGPT/worklouder-sdk-knob-1/.toolchains/xtensa-esp-elf-13.2.0_20240530/bin/../lib/gcc/xtensa-esp-elf/13.2.0/../../../../xtensa-esp-elf/lib/esp32s3/libc.a(libc_a-strncmp.o)
                0x423e078c                strncmp
 *fill*         0x423e07c6        0x2 
 .text          0x423e07c8      0x135 /Users/gavin/Documents/ChatGPT/worklouder-sdk-knob-1/.toolchains/xtensa-esp-elf-13.2.0_20240530/bin/../lib/gcc/xtensa-esp-elf/13.2.0/../../../../xtensa-esp-elf/lib/esp32s3/libc.a(libc_a-memcpy.o)
                0x423e0808                memcpy
 *fill*         0x423e08fd        0x3 
 .text          0x423e0900       0x74 /Users/gavin/Documents/ChatGPT/worklouder-sdk-knob-1/.toolchains/xtensa-esp-elf-13.2.0_20240530/bin/../lib/gcc/xtensa-esp-elf/13.2.0/../../../../xtensa-esp-elf/lib/esp32s3/libc.a(libc_a-memset.o)
                0x423e0928                memset
 .text          0x423e0974       0xd8 /Users/gavin/Documents/ChatGPT/worklouder-sdk-knob-1/.toolchains/xtensa-esp-elf-13.2.0_20240530/bin/../lib/gcc/xtensa-esp-elf/13.2.0/../../../../xtensa-esp-elf/lib/esp32s3/libc.a(libc_a-setjmp.o)
                0x423e0974                setjmp
                0x423e09d8                longjmp
 *fill*         0x423e0a4c        0x0 

.rodata         0x3c3f0000     0x2a18
 *(.rodata.framer_mqjs_descriptor)
 .rodata.framer_mqjs_descriptor
                0x3c3f0000       0x74 /var/folders/n9/hdh7883x683d2htsf466jfwr0000gn/T/framer-mqjs-module-loader-Hx0uZ8/module-0-adapter.o
                0x3c3f0000                framer_mqjs_module
 *(.rodata .rodata.* .srodata .srodata.* .gnu.linkonce.r.*)
 .rodata.js_parse_escape
                0x3c3f0074       0x5c /var/folders/n9/hdh7883x683d2htsf466jfwr0000gn/T/framer-mqjs-module-loader-Hx0uZ8/module-0-runtime.o
 .rodata.get_mblock_size
                0x3c3f00d0       0x20 /var/folders/n9/hdh7883x683d2htsf466jfwr0000gn/T/framer-mqjs-module-loader-Hx0uZ8/module-0-runtime.o
 .rodata.gc_mark_flush
                0x3c3f00f0       0x44 /var/folders/n9/hdh7883x683d2htsf466jfwr0000gn/T/framer-mqjs-module-loader-Hx0uZ8/module-0-runtime.o
 .rodata.js_parse_regexp_flags
                0x3c3f0134       0x3c /var/folders/n9/hdh7883x683d2htsf466jfwr0000gn/T/framer-mqjs-module-loader-Hx0uZ8/module-0-runtime.o
 .rodata.event_from_name.str1.1
                0x3c3f0170      0xf0f /var/folders/n9/hdh7883x683d2htsf466jfwr0000gn/T/framer-mqjs-module-loader-Hx0uZ8/module-0-runtime.o