Archive member included to satisfy reference by file (symbol)

/Users/gavin/Documents/ChatGPT/worklouder-sdk-knob-1/.toolchains/xtensa-esp-elf-13.2.0_20240530/bin/../lib/gcc/xtensa-esp-elf/13.2.0/esp32s3/libgcc.a(_ashldi3.o)
                              /var/folders/n9/hdh7883x683d2htsf466jfwr0000gn/T/framer-mqjs-module-loader-6rL6h1/module-0-runtime.o (__ashldi3)
/Users/gavin/Documents/ChatGPT/worklouder-sdk-knob-1/.toolchains/xtensa-esp-elf-13.2.0_20240530/bin/../lib/gcc/xtensa-esp-elf/13.2.0/esp32s3/libgcc.a(_lshrdi3.o)
                              /var/folders/n9/hdh7883x683d2htsf466jfwr0000gn/T/framer-mqjs-module-loader-6rL6h1/module-0-runtime.o (__lshrdi3)
/Users/gavin/Documents/ChatGPT/worklouder-sdk-knob-1/.toolchains/xtensa-esp-elf-13.2.0_20240530/bin/../lib/gcc/xtensa-esp-elf/13.2.0/esp32s3/libgcc.a(_bswapsi2.o)
                              /var/folders/n9/hdh7883x683d2htsf466jfwr0000gn/T/framer-mqjs-module-loader-6rL6h1/module-0-runtime.o (__bswapsi2)
/Users/gavin/Documents/ChatGPT/worklouder-sdk-knob-1/.toolchains/xtensa-esp-elf-13.2.0_20240530/bin/../lib/gcc/xtensa-esp-elf/13.2.0/esp32s3/libgcc.a(_addsubdf3.o)
                              /var/folders/n9/hdh7883x683d2htsf466jfwr0000gn/T/framer-mqjs-module-loader-6rL6h1/module-0-runtime.o (__adddf3)
/Users/gavin/Documents/ChatGPT/worklouder-sdk-knob-1/.toolchains/xtensa-esp-elf-13.2.0_20240530/bin/../lib/gcc/xtensa-esp-elf/13.2.0/esp32s3/libgcc.a(_muldf3.o)
                              /var/folders/n9/hdh7883x683d2htsf466jfwr0000gn/T/framer-mqjs-module-loader-6rL6h1/module-0-runtime.o (__muldf3)
/Users/gavin/Documents/ChatGPT/worklouder-sdk-knob-1/.toolchains/xtensa-esp-elf-13.2.0_20240530/bin/../lib/gcc/xtensa-esp-elf/13.2.0/esp32s3/libgcc.a(_divdf3.o)
                              /var/folders/n9/hdh7883x683d2htsf466jfwr0000gn/T/framer-mqjs-module-loader-6rL6h1/module-0-runtime.o (__divdf3)
/Users/gavin/Documents/ChatGPT/worklouder-sdk-knob-1/.toolchains/xtensa-esp-elf-13.2.0_20240530/bin/../lib/gcc/xtensa-esp-elf/13.2.0/esp32s3/libgcc.a(_cmpdf2.o)
                              /var/folders/n9/hdh7883x683d2htsf466jfwr0000gn/T/framer-mqjs-module-loader-6rL6h1/module-0-runtime.o (__eqdf2)
/Users/gavin/Documents/ChatGPT/worklouder-sdk-knob-1/.toolchains/xtensa-esp-elf-13.2.0_20240530/bin/../lib/gcc/xtensa-esp-elf/13.2.0/esp32s3/libgcc.a(_fixdfsi.o)
                              /var/folders/n9/hdh7883x683d2htsf466jfwr0000gn/T/framer-mqjs-module-loader-6rL6h1/module-0-runtime.o (__fixdfsi)
/Users/gavin/Documents/ChatGPT/worklouder-sdk-knob-1/.toolchains/xtensa-esp-elf-13.2.0_20240530/bin/../lib/gcc/xtensa-esp-elf/13.2.0/esp32s3/libgcc.a(_floatsidf.o)
                              /var/folders/n9/hdh7883x683d2htsf466jfwr0000gn/T/framer-mqjs-module-loader-6rL6h1/module-0-runtime.o (__floatunsidf)
/Users/gavin/Documents/ChatGPT/worklouder-sdk-knob-1/.toolchains/xtensa-esp-elf-13.2.0_20240530/bin/../lib/gcc/xtensa-esp-elf/13.2.0/esp32s3/libgcc.a(_floatdidf.o)
                              /var/folders/n9/hdh7883x683d2htsf466jfwr0000gn/T/framer-mqjs-module-loader-6rL6h1/module-0-runtime.o (__floatdidf)
/Users/gavin/Documents/ChatGPT/worklouder-sdk-knob-1/.toolchains/xtensa-esp-elf-13.2.0_20240530/bin/../lib/gcc/xtensa-esp-elf/13.2.0/esp32s3/libgcc.a(_truncdfsf2.o)
                              /var/folders/n9/hdh7883x683d2htsf466jfwr0000gn/T/framer-mqjs-module-loader-6rL6h1/module-0-runtime.o (__truncdfsf2)
/Users/gavin/Documents/ChatGPT/worklouder-sdk-knob-1/.toolchains/xtensa-esp-elf-13.2.0_20240530/bin/../lib/gcc/xtensa-esp-elf/13.2.0/esp32s3/libgcc.a(_extendsfdf2.o)
                              /var/folders/n9/hdh7883x683d2htsf466jfwr0000gn/T/framer-mqjs-module-loader-6rL6h1/module-0-runtime.o (__extendsfdf2)
/Users/gavin/Documents/ChatGPT/worklouder-sdk-knob-1/.toolchains/xtensa-esp-elf-13.2.0_20240530/bin/../lib/gcc/xtensa-esp-elf/13.2.0/esp32s3/libgcc.a(_divdi3.o)
                              /var/folders/n9/hdh7883x683d2htsf466jfwr0000gn/T/framer-mqjs-module-loader-6rL6h1/module-0-dtoa.o (__divdi3)
/Users/gavin/Documents/ChatGPT/worklouder-sdk-knob-1/.toolchains/xtensa-esp-elf-13.2.0_20240530/bin/../lib/gcc/xtensa-esp-elf/13.2.0/esp32s3/libgcc.a(_moddi3.o)
                              /var/folders/n9/hdh7883x683d2htsf466jfwr0000gn/T/framer-mqjs-module-loader-6rL6h1/module-0-dtoa.o (__moddi3)
/Users/gavin/Documents/ChatGPT/worklouder-sdk-knob-1/.toolchains/xtensa-esp-elf-13.2.0_20240530/bin/../lib/gcc/xtensa-esp-elf/13.2.0/esp32s3/libgcc.a(_udivdi3.o)
                              /var/folders/n9/hdh7883x683d2htsf466jfwr0000gn/T/framer-mqjs-module-loader-6rL6h1/module-0-runtime.o (__udivdi3)
/Users/gavin/Documents/ChatGPT/worklouder-sdk-knob-1/.toolchains/xtensa-esp-elf-13.2.0_20240530/bin/../lib/gcc/xtensa-esp-elf/13.2.0/esp32s3/libgcc.a(_umoddi3.o)
                              /var/folders/n9/hdh7883x683d2htsf466jfwr0000gn/T/framer-mqjs-module-loader-6rL6h1/module-0-dtoa.o (__umoddi3)
[...]
Memory Configuration

Name             Origin             Length             Attributes
module_text      0x423d0000         0x00020000         xr
module_rodata    0x3c3f0000         0x00010000         r
*default*        0x00000000         0xffffffff

Linker script and memory map


.text           0x423d0000    0x10a6c
 *(.literal .literal.* .gnu.linkonce.literal.*)
 .literal       0x423d0000        0x8 /Users/gavin/Documents/ChatGPT/worklouder-sdk-knob-1/.toolchains/xtensa-esp-elf-13.2.0_20240530/bin/../lib/gcc/xtensa-esp-elf/13.2.0/esp32s3/libgcc.a(_addsubdf3.o)
                                 0x10 (size before relaxing)
 .literal       0x423d0008        0x4 /Users/gavin/Documents/ChatGPT/worklouder-sdk-knob-1/.toolchains/xtensa-esp-elf-13.2.0_20240530/bin/../lib/gcc/xtensa-esp-elf/13.2.0/esp32s3/libgcc.a(_muldf3.o)
                                  0xc (size before relaxing)
 .literal       0x423d000c        0x0 /Users/gavin/Documents/ChatGPT/worklouder-sdk-knob-1/.toolchains/xtensa-esp-elf-13.2.0_20240530/bin/../lib/gcc/xtensa-esp-elf/13.2.0/esp32s3/libgcc.a(_divdf3.o)
                                 0x10 (size before relaxing)
 .literal       0x423d000c        0x0 /Users/gavin/Documents/ChatGPT/worklouder-sdk-knob-1/.toolchains/xtensa-esp-elf-13.2.0_20240530/bin/../lib/gcc/xtensa-esp-elf/13.2.0/esp32s3/libgcc.a(_cmpdf2.o)
                                 0x18 (size before relaxing)
 .literal       0x423d000c        0x0 /Users/gavin/Documents/ChatGPT/worklouder-sdk-knob-1/.toolchains/xtensa-esp-elf-13.2.0_20240530/bin/../lib/gcc/xtensa-esp-elf/13.2.0/esp32s3/libgcc.a(_fixdfsi.o)
                                  0x4 (size before relaxing)
 .literal       0x423d000c        0x4 /Users/gavin/Documents/ChatGPT/worklouder-sdk-knob-1/.toolchains/xtensa-esp-elf-13.2.0_20240530/bin/../lib/gcc/xtensa-esp-elf/13.2.0/esp32s3/libgcc.a(_truncdfsf2.o)
                                  0x8 (size before relaxing)
 .literal       0x423d0010        0x0 /Users/gavin/Documents/ChatGPT/worklouder-sdk-knob-1/.toolchains/xtensa-esp-elf-13.2.0_20240530/bin/../lib/gcc/xtensa-esp-elf/13.2.0/esp32s3/libgcc.a(_extendsfdf2.o)
                                  0x8 (size before relaxing)
 .literal       0x423d0010       0x14 /Users/gavin/Documents/ChatGPT/worklouder-sdk-knob-1/.toolchains/xtensa-esp-elf-13.2.0_20240530/bin/../lib/gcc/xtensa-esp-elf/13.2.0/../../../../xtensa-esp-elf/lib/esp32s3/libc.a(libc_a-strcmp.o)
                                 0x1c (size before relaxing)
 .literal       0x423d0024        0x0 /Users/gavin/Documents/ChatGPT/worklouder-sdk-knob-1/.toolchains/xtensa-esp-elf-13.2.0_20240530/bin/../lib/gcc/xtensa-esp-elf/13.2.0/../../../../xtensa-esp-elf/lib/esp32s3/libc.a(libc_a-strlen.o)
                                  0xc (size before relaxing)
 *(.text .text.* .gnu.linkonce.t.*)
 .text.bswap32  0x423d0024        0xc /var/folders/n9/hdh7883x683d2htsf466jfwr0000gn/T/framer-mqjs-module-loader-6rL6h1/module-0-runtime.o
                                 0x14 (size before relaxing)
 .text.js_rehash_props
                0x423d0030       0x74 /var/folders/n9/hdh7883x683d2htsf466jfwr0000gn/T/framer-mqjs-module-loader-6rL6h1/module-0-runtime.o
                                 0x78 (size before relaxing)
 .text.is_ident_next
                0x423d00a4       0x1a /var/folders/n9/hdh7883x683d2htsf466jfwr0000gn/T/framer-mqjs-module-loader-6rL6h1/module-0-runtime.o
                                 0x22 (size before relaxing)
 *fill*         0x423d00be        0x2 
 .text.is_regexp_allowed
                0x423d00c0       0x72 /var/folders/n9/hdh7883x683d2htsf466jfwr0000gn/T/framer-mqjs-module-loader-6rL6h1/module-0-runtime.o
 *fill*         0x423d0132        0x2 
 .text.js_parse_escape
                0x423d0134      0x116 /var/folders/n9/hdh7883x683d2htsf466jfwr0000gn/T/framer-mqjs-module-loader-6rL6h1/module-0-runtime.o
                                0x12e (size before relaxing)
 *fill*         0x423d024a        0x2 
 .text.get_mblock_size
                0x423d024c       0x64 /var/folders/n9/hdh7883x683d2htsf466jfwr0000gn/T/framer-mqjs-module-loader-6rL6h1/module-0-runtime.o
 .text.js_free  0x423d02b0       0x18 /var/folders/n9/hdh7883x683d2htsf466jfwr0000gn/T/framer-mqjs-module-loader-6rL6h1/module-0-runtime.o
                                 0x1c (size before relaxing)
 .text.js_shrink
                0x423d02c8       0x36 /var/folders/n9/hdh7883x683d2htsf466jfwr0000gn/T/framer-mqjs-module-loader-6rL6h1/module-0-runtime.o
                                 0x42 (size before relaxing)
 *fill*         0x423d02fe        0x2 
 .text.js_shrink_byte_array
                0x423d0300       0x33 /var/folders/n9/hdh7883x683d2htsf466jfwr0000gn/T/framer-mqjs-module-loader-6rL6h1/module-0-runtime.o
                                 0x3b (size before relaxing)
 *fill*         0x423d0333        0x1 
 .text.js_shrink_value_array
                0x423d0334       0x37 /var/folders/n9/hdh7883x683d2htsf466jfwr0000gn/T/framer-mqjs-module-loader-6rL6h1/module-0-runtime.o
                                 0x3f (size before relaxing)
 *fill*         0x423d036b        0x1 
 .text.gc_mark  0x423d036c       0x5c /var/folders/n9/hdh7883x683d2htsf466jfwr0000gn/T/framer-mqjs-module-loader-6rL6h1/module-0-runtime.o
                                 0x60 (size before relaxing)
 .text.gc_mark_flush
                0x423d03c8      0x140 /var/folders/n9/hdh7883x683d2htsf466jfwr0000gn/T/framer-mqjs-module-loader-6rL6h1/module-0-runtime.o
                                0x188 (size before relaxing)
 .text.gc_mark_root
                0x423d0508       0x13 /var/folders/n9/hdh7883x683d2htsf466jfwr0000gn/T/framer-mqjs-module-loader-6rL6h1/module-0-runtime.o
                                 0x1f (size before relaxing)
 *fill*         0x423d051b        0x1 
 .text.js_parse_regexp_flags
                0x423d051c       0x69 /var/folders/n9/hdh7883x683d2htsf466jfwr0000gn/T/framer-mqjs-module-loader-6rL6h1/module-0-runtime.o
 *fill*         0x423d0585        0x3 
 .text.interrupt_handler
                0x423d0588       0x51 /var/folders/n9/hdh7883x683d2htsf466jfwr0000gn/T/framer-mqjs-module-loader-6rL6h1/module-0-runtime.o
                                 0x55 (size before relaxing)
 *fill*         0x423d05d9        0x3 
 .text.begin_deadline
                0x423d05dc       0x4f /var/folders/n9/hdh7883x683d2htsf466jfwr0000gn/T/framer-mqjs-module-loader-6rL6h1/module-0-runtime.o
 *fill*         0x423d062b        0x1 
 .text.snprintf_write_func
                0x423d062c       0x28 /var/folders/n9/hdh7883x683d2htsf466jfwr0000gn/T/framer-mqjs-module-loader-6rL6h1/module-0-runtime.o
                                 0x2c (size before relaxing)
 .text.unicode_to_utf8
                0x423d0654       0x1c /var/folders/n9/hdh7883x683d2htsf466jfwr0000gn/T/framer-mqjs-module-loader-6rL6h1/module-0-runtime.o
                                 0x23 (size before relaxing)
 *fill*         0x423d0670        0x0 
 .text.get_short_string
                0x423d0670       0x1b /var/folders/n9/hdh7883x683d2htsf466jfwr0000gn/T/framer-mqjs-module-loader-6rL6h1/module-0-runtime.o
                                 0x1f (size before relaxing)
 *fill*         0x423d068b        0x1 
 .text.emit_input_event
                0x423d068c       0xa5 /var/folders/n9/hdh7883x683d2htsf466jfwr0000gn/T/framer-mqjs-module-loader-6rL6h1/module-0-runtime.o
                                 0xa9 (size before relaxing)
 *fill*         0x423d0731        0x3 
 .text.reconcile_chord
                0x423d0734       0x88 /var/folders/n9/hdh7883x683d2htsf466jfwr0000gn/T/framer-mqjs-module-loader-6rL6h1/module-0-runtime.o
                                 0x94 (size before relaxing)
 .text.advance_input_to
                0x423d07bc      0x217 /var/folders/n9/hdh7883x683d2htsf466jfwr0000gn/T/framer-mqjs-module-loader-6rL6h1/module-0-runtime.o
                                0x22b (size before relaxing)
 *fill*         0x423d09d3        0x1 
 .text.string_get_cp
                0x423d09d4       0x2c /var/folders/n9/hdh7883x683d2htsf466jfwr0000gn/T/framer-mqjs-module-loader-6rL6h1/module-0-runtime.o
                                 0x30 (size before relaxing)
 .text.js_byte_array_to_string
                0x423d0a00       0x94 /var/folders/n9/hdh7883x683d2htsf466jfwr0000gn/T/framer-mqjs-module-loader-6rL6h1/module-0-runtime.o
                                 0x9c (size before relaxing)
 .text.event_from_name
                0x423d0a94      0x168 /var/folders/n9/hdh7883x683d2htsf466jfwr0000gn/T/framer-mqjs-module-loader-6rL6h1/module-0-runtime.o
                                0x1a4 (size before relaxing)
 .text.pad      0x423d0bfc       0x2e /var/folders/n9/hdh7883x683d2htsf466jfwr0000gn/T/framer-mqjs-module-loader-6rL6h1/module-0-runtime.o
                                 0x36 (size before relaxing)
 *fill*         0x423d0c2a        0x2 
 .text.js_vprintf
                0x423d0c2c      0x448 /var/folders/n9/hdh7883x683d2htsf466jfwr0000gn/T/framer-mqjs-module-loader-6rL6h1/module-0-runtime.o
                                0x490 (size before relaxing)
 .text.js_vsnprintf
                0x423d1074       0x34 /var/folders/n9/hdh7883x683d2htsf466jfwr0000gn/T/framer-mqjs-module-loader-6rL6h1/module-0-runtime.o
                                 0x3c (size before relaxing)
 .text.cprintf  0x423d10a8       0x37 /var/folders/n9/hdh7883x683d2htsf466jfwr0000gn/T/framer-mqjs-module-loader-6rL6h1/module-0-runtime.o
                                 0x43 (size before relaxing)
 *fill*         0x423d10df        0x1 
 .text.js_snprintf
                0x423d10e0       0x29 /var/folders/n9/hdh7883x683d2htsf466jfwr0000gn/T/framer-mqjs-module-loader-6rL6h1/module-0-runtime.o
                                 0x2d (size before relaxing)
 *fill*         0x423d1109        0x3 
 .text.js_parse_error
                0x423d110c       0x31 /var/folders/n9/hdh7883x683d2htsf466jfwr0000gn/T/framer-mqjs-module-loader-6rL6h1/module-0-runtime.o
                                 0x3d (size before relaxing)
 *fill*         0x423d113d        0x3 
 .text.js_parse_error_mem
                0x423d1140        0xf /var/folders/n9/hdh7883x683d2htsf466jfwr0000gn/T/framer-mqjs-module-loader-6rL6h1/module-0-runtime.o
                                 0x16 (size before relaxing)
 *fill*         0x423d114f        0x1 
 .text.re_parse_expect
                0x423d1150       0x26 /var/folders/n9/hdh7883x683d2htsf466jfwr0000gn/T/framer-mqjs-module-loader-6rL6h1/module-0-runtime.o
                                 0x2a (size before relaxing)
 *fill*         0x423d1176        0x2 
 .text.js_parse_expect1
                0x423d1178       0x17 /var/folders/n9/hdh7883x683d2htsf466jfwr0000gn/T/framer-mqjs-module-loader-6rL6h1/module-0-runtime.o
                                 0x1f (size before relaxing)
 *fill*         0x423d118f        0x1 
 .text.string_buffer_pop
                0x423d1190       0x32 /var/folders/n9/hdh7883x683d2htsf466jfwr0000gn/T/framer-mqjs-module-loader-6rL6h1/module-0-runtime.o
                                 0x3e (size before relaxing)
 *fill*         0x423d11c2        0x2 
 .text.JS_IsFunction$constprop$0
                0x423d11c4       0x23 /var/folders/n9/hdh7883x683d2htsf466jfwr0000gn/T/framer-mqjs-module-loader-6rL6h1/module-0-runtime.o
                                 0x2a (size before relaxing)
 *fill*         0x423d11e7        0x1 
 .text.unicode_from_utf8$constprop$0
                0x423d11e8       0x24 /var/folders/n9/hdh7883x683d2htsf466jfwr0000gn/T/framer-mqjs-module-loader-6rL6h1/module-0-runtime.o
                                 0x28 (size before relaxing)
 .text.get_class_atom
                0x423d120c      0x181 /var/folders/n9/hdh7883x683d2htsf466jfwr0000gn/T/framer-mqjs-module-loader-6rL6h1/module-0-runtime.o
                                0x191 (size before relaxing)
 *fill*         0x423d138d        0x3 
 .text.may_drop_result
                0x423d1390       0x2a /var/folders/n9/hdh7883x683d2htsf466jfwr0000gn/T/framer-mqjs-module-loader-6rL6h1/module-0-runtime.o
 *fill*         0x423d13ba        0x2 
 .text.JS_HasProperty$isra$0
                0x423d13bc       0x36 /var/folders/n9/hdh7883x683d2htsf466jfwr0000gn/T/framer-mqjs-module-loader-6rL6h1/module-0-runtime.o
                                 0x3a (size before relaxing)
 *fill*         0x423d13f2        0x2 
 .text.JS_ToBool$isra$0
                0x423d13f4       0x90 /var/folders/n9/hdh7883x683d2htsf466jfwr0000gn/T/framer-mqjs-module-loader-6rL6h1/module-0-runtime.o
                                 0x9c (size before relaxing)
 .text.get_string_ptr$isra$0
                0x423d1484       0x4a /var/folders/n9/hdh7883x683d2htsf466jfwr0000gn/T/framer-mqjs-module-loader-6rL6h1/module-0-runtime.o
                                 0x4e (size before relaxing)
 *fill*         0x423d14ce        0x2 
 .text.js_string_compare$isra$0
                0x423d14d0       0xb6 /var/folders/n9/hdh7883x683d2htsf466jfwr0000gn/T/framer-mqjs-module-loader-6rL6h1/module-0-runtime.o
                                 0xce (size before relaxing)
 *fill*         0x423d1586        0x2 
 .text.find_atom$isra$0
                0x423d1588       0x3c /var/folders/n9/hdh7883x683d2htsf466jfwr0000gn/T/framer-mqjs-module-loader-6rL6h1/module-0-runtime.o
                                 0x40 (size before relaxing)
 .text.get_ugolomb
                0x423d15c4       0xca /var/folders/n9/hdh7883x683d2htsf466jfwr0000gn/T/framer-mqjs-module-loader-6rL6h1/module-0-runtime.o
                                 0xce (size before relaxing)
 *fill*         0x423d168e        0x2 
 .text.js_string_convert_pos
                0x423d1690      0x1e0 /var/folders/n9/hdh7883x683d2htsf466jfwr0000gn/T/framer-mqjs-module-loader-6rL6h1/module-0-runtime.o
                                0x1e4 (size before relaxing)
 .text.js_string_len
                0x423d1870       0x3a /var/folders/n9/hdh7883x683d2htsf466jfwr0000gn/T/framer-mqjs-module-loader-6rL6h1/module-0-runtime.o
                                 0x3e (size before relaxing)
 *fill*         0x423d18aa        0x2 
 .text.string_getcp
                0x423d18ac       0x74 /var/folders/n9/hdh7883x683d2htsf466jfwr0000gn/T/framer-mqjs-module-loader-6rL6h1/module-0-runtime.o
                                 0x84 (size before relaxing)
 .text.gc_compact_heap
                0x423d1920      0x273 /var/folders/n9/hdh7883x683d2htsf466jfwr0000gn/T/framer-mqjs-module-loader-6rL6h1/module-0-runtime.o
                                0x323 (size before relaxing)
 *fill*         0x423d1b93        0x1 
 .text.gc_mark_all
                0x423d1b94      0x21f /var/folders/n9/hdh7883x683d2htsf466jfwr0000gn/T/framer-mqjs-module-loader-6rL6h1/module-0-runtime.o
                                0x277 (size before relaxing)
 *fill*         0x423d1db3        0x1 
 .text.JS_DeleteGCRef
                0x423d1db4       0x20 /var/folders/n9/hdh7883x683d2htsf466jfwr0000gn/T/framer-mqjs-module-loader-6rL6h1/module-0-runtime.o
                                 0x24 (size before relaxing)
                0x423d1db4                JS_DeleteGCRef
 .text.JS_FreeContext
                0x423d1dd4       0x45 /var/folders/n9/hdh7883x683d2htsf466jfwr0000gn/T/framer-mqjs-module-loader-6rL6h1/module-0-runtime.o
                                 0x49 (size before relaxing)
                0x423d1dd8                JS_FreeContext
 *fill*         0x423d1e19        0x3 
 .text.release_context
                0x423d1e1c       0x46 /var/folders/n9/hdh7883x683d2htsf466jfwr0000gn/T/framer-mqjs-module-loader-6rL6h1/module-0-runtime.o
                                 0x4e (size before relaxing)
 *fill*         0x423d1e62        0x2 
 .text.JS_GC    0x423d1e64       0x13 /var/folders/n9/hdh7883x683d2htsf466jfwr0000gn/T/framer-mqjs-module-loader-6rL6h1/module-0-runtime.o
                                 0x1f (size before relaxing)
                0x423d1e64                JS_GC
 *fill*         0x423d1e77        0x1 
 .text.js_object_keys
                0x423d1e78       0xed /var/folders/n9/hdh7883x683d2htsf466jfwr0000gn/T/framer-mqjs-module-loader-6rL6h1/module-0-runtime.o
                                0x109 (size before relaxing)
                0x423d1e78                js_object_keys
 *fill*         0x423d1f65        0x3 
 .text.JS_Call  0x423d1f68     0x1d39 /var/folders/n9/hdh7883x683d2htsf466jfwr0000gn/T/framer-mqjs-module-loader-6rL6h1/module-0-runtime.o
                               0x1ebd (size before relaxing)
                0x423d1f94                JS_Call
 *fill*         0x423d3ca1        0x3 
 .text.JS_ToPrimitive
                0x423d3ca4       0xd8 /var/folders/n9/hdh7883x683d2htsf466jfwr0000gn/T/framer-mqjs-module-loader-6rL6h1/module-0-runtime.o
                                 0xfc (size before relaxing)
 .text.JS_ToString
                0x423d3d7c       0xd6 /var/folders/n9/hdh7883x683d2htsf466jfwr0000gn/T/framer-mqjs-module-loader-6rL6h1/module-0-runtime.o
                                 0xee (size before relaxing)
                0x423d3d84                JS_ToString
 *fill*         0x423d3e52        0x2 
 .text.JS_ToCStringLen
                0x423d3e54       0x37 /var/folders/n9/hdh7883x683d2htsf466jfwr0000gn/T/framer-mqjs-module-loader-6rL6h1/module-0-runtime.o
                                 0x43 (size before relaxing)
                0x423d3e54                JS_ToCStringLen
 *fill*         0x423d3e8b        0x1 
 .text.JS_ToCString
                0x423d3e8c       0x15 /var/folders/n9/hdh7883x683d2htsf466jfwr0000gn/T/framer-mqjs-module-loader-6rL6h1/module-0-runtime.o
                                 0x19 (size before relaxing)
                0x423d3e8c                JS_ToCString
 *fill*         0x423d3ea1        0x3 
 .text.build_backtrace
                0x423d3ea4      0x26b /var/folders/n9/hdh7883x683d2htsf466jfwr0000gn/T/framer-mqjs-module-loader-6rL6h1/module-0-runtime.o
                                0x2cf (size before relaxing)
 *fill*         0x423d410f        0x1 
 .text.JS_ThrowError
                0x423d4110       0x9d /var/folders/n9/hdh7883x683d2htsf466jfwr0000gn/T/framer-mqjs-module-loader-6rL6h1/module-0-runtime.o
                                 0xb9 (size before relaxing)
                0x423d4110                JS_ThrowError
 *fill*         0x423d41ad        0x3 
 .text.JS_ThrowOutOfMemory
                0x423d41b0       0x44 /var/folders/n9/hdh7883x683d2htsf466jfwr0000gn/T/framer-mqjs-module-loader-6rL6h1/module-0-runtime.o
                                 0x48 (size before relaxing)
                0x423d41b4                JS_ThrowOutOfMemory
 .text.JS_StackCheck
                0x423d41f4       0x3e /var/folders/n9/hdh7883x683d2htsf466jfwr0000gn/T/framer-mqjs-module-loader-6rL6h1/module-0-runtime.o
                                 0x4a (size before relaxing)
                0x423d41f4                JS_StackCheck
 *fill*         0x423d4232        0x2 
 .text.push_break_entry
                0x423d4234       0x52 /var/folders/n9/hdh7883x683d2htsf466jfwr0000gn/T/framer-mqjs-module-loader-6rL6h1/module-0-runtime.o
                                 0x5e (size before relaxing)
 *fill*         0x423d4286        0x2 
 .text.js_parse_push_val
                0x423d4288       0x3b /var/folders/n9/hdh7883x683d2htsf466jfwr0000gn/T/framer-mqjs-module-loader-6rL6h1/module-0-runtime.o
                                 0x4b (size before relaxing)
 *fill*         0x423d42c3        0x1 
 .text.js_parse_call
                0x423d42c4       0x5b /var/folders/n9/hdh7883x683d2htsf466jfwr0000gn/T/framer-mqjs-module-loader-6rL6h1/module-0-runtime.o
                                 0x63 (size before relaxing)
 *fill*         0x423d431f        0x1 
 .text.js_parse_expr
                0x423d4320        0xe /var/folders/n9/hdh7883x683d2htsf466jfwr0000gn/T/framer-mqjs-module-loader-6rL6h1/module-0-runtime.o
                                 0x16 (size before relaxing)
 *fill*         0x423d432e        0x2 
 .text.compute_stack_size_push
                0x423d4330       0x62 /var/folders/n9/hdh7883x683d2htsf466jfwr0000gn/T/framer-mqjs-module-loader-6rL6h1/module-0-runtime.o
                                 0x7e (size before relaxing)
 *fill*         0x423d4392        0x2 
 .text.js_malloc
                0x423d4394       0x45 /var/folders/n9/hdh7883x683d2htsf466jfwr0000gn/T/framer-mqjs-module-loader-6rL6h1/module-0-runtime.o
                                 0x51 (size before relaxing)
 *fill*         0x423d43d9        0x3 
 .text.JS_NewObjectProtoClass1
                0x423d43dc       0x4a /var/folders/n9/hdh7883x683d2htsf466jfwr0000gn/T/framer-mqjs-module-loader-6rL6h1/module-0-runtime.o
                                 0x52 (size before relaxing)
 *fill*         0x423d4426        0x2 
 .text.JS_NewObjectProtoClass
                0x423d4428       0x16 /var/folders/n9/hdh7883x683d2htsf466jfwr0000gn/T/framer-mqjs-module-loader-6rL6h1/module-0-runtime.o
                                 0x1e (size before relaxing)
 *fill*         0x423d443e        0x2 
 .text.JS_NewObjectClass
                0x423d4440       0x19 /var/folders/n9/hdh7883x683d2htsf466jfwr0000gn/T/framer-mqjs-module-loader-6rL6h1/module-0-runtime.o
                                 0x1d (size before relaxing)
 *fill*         0x423d4459        0x3 
 .text.JS_NewObject
                0x423d445c       0x10 /var/folders/n9/hdh7883x683d2htsf466jfwr0000gn/T/framer-mqjs-module-loader-6rL6h1/module-0-runtime.o
                                 0x18 (size before relaxing)
                0x423d445c                JS_NewObject
 .text.js_object_constructor
                0x423d446c       0x21 /var/folders/n9/hdh7883x683d2htsf466jfwr0000gn/T/framer-mqjs-module-loader-6rL6h1/module-0-runtime.o
                                 0x25 (size before relaxing)
                0x423d4470                js_object_constructor
 *fill*         0x423d448d        0x3 
 .text.stdlib_init_class
                0x423d4490       0xcb /var/folders/n9/hdh7883x683d2htsf466jfwr0000gn/T/framer-mqjs-module-loader-6rL6h1/module-0-runtime.o
                                 0xd7 (size before relaxing)
 *fill*         0x423d455b        0x1 
 .text.__JS_NewFloat64
                0x423d455c       0x2c /var/folders/n9/hdh7883x683d2htsf466jfwr0000gn/T/framer-mqjs-module-loader-6rL6h1/module-0-runtime.o
                                 0x30 (size before relaxing)
 .text.JS_NewFloat64
                0x423d4588       0x54 /var/folders/n9/hdh7883x683d2htsf466jfwr0000gn/T/framer-mqjs-module-loader-6rL6h1/module-0-runtime.o
                                 0x74 (size before relaxing)
                0x423d458c                JS_NewFloat64
 .text.JS_NewInt64
                0x423d45dc       0x34 /var/folders/n9/hdh7883x683d2htsf466jfwr0000gn/T/framer-mqjs-module-loader-6rL6h1/module-0-runtime.o
                                 0x40 (size before relaxing)
                0x423d45dc                JS_NewInt64
 .text.JS_NewInt32
                0x423d4610       0x14 /var/folders/n9/hdh7883x683d2htsf466jfwr0000gn/T/framer-mqjs-module-loader-6rL6h1/module-0-runtime.o
                                 0x18 (size before relaxing)
                0x423d4610                JS_NewInt32
 .text.JS_NewUint32
                0x423d4624       0x10 /var/folders/n9/hdh7883x683d2htsf466jfwr0000gn/T/framer-mqjs-module-loader-6rL6h1/module-0-runtime.o
                                 0x18 (size before relaxing)
                0x423d4624                JS_NewUint32
 .text.get_var_ref
                0x423d4634       0x36 /var/folders/n9/hdh7883x683d2htsf466jfwr0000gn/T/framer-mqjs-module-loader-6rL6h1/module-0-runtime.o
                                 0x3e (size before relaxing)
 *fill*         0x423d466a        0x2 
 .text.js_alloc_value_array
                0x423d466c       0x4a /var/folders/n9/hdh7883x683d2htsf466jfwr0000gn/T/framer-mqjs-module-loader-6rL6h1/module-0-runtime.o
                                 0x56 (size before relaxing)
 *fill*         0x423d46b6        0x2 
 .text.js_alloc_props
                0x423d46b8       0x7e /var/folders/n9/hdh7883x683d2htsf466jfwr0000gn/T/framer-mqjs-module-loader-6rL6h1/module-0-runtime.o
                                 0x8a (size before relaxing)
 *fill*         0x423d4736        0x2 
 .text.JS_NewObjectPrealloc
                0x423d4738       0x42 /var/folders/n9/hdh7883x683d2htsf466jfwr0000gn/T/framer-mqjs-module-loader-6rL6h1/module-0-runtime.o
                                 0x4e (size before relaxing)
                0x423d4738                JS_NewObjectPrealloc
 *fill*         0x423d477a        0x2 
 .text.JS_NewArray
                0x423d477c       0x4b /var/folders/n9/hdh7883x683d2htsf466jfwr0000gn/T/framer-mqjs-module-loader-6rL6h1/module-0-runtime.o
                                 0x5b (size before relaxing)
                0x423d477c                JS_NewArray
 *fill*         0x423d47c7        0x1 
 .text.js_resize_value_array2
                0x423d47c8       0x74 /var/folders/n9/hdh7883x683d2htsf466jfwr0000gn/T/framer-mqjs-module-loader-6rL6h1/module-0-runtime.o
                                 0x80 (size before relaxing)
 .text.add_func_ext_var
                0x423d483c       0x6e /var/folders/n9/hdh7883x683d2htsf466jfwr0000gn/T/framer-mqjs-module-loader-6rL6h1/module-0-runtime.o
                                 0x86 (size before relaxing)
 *fill*         0x423d48aa        0x2 
 .text.add_var  0x423d48ac       0x69 /var/folders/n9/hdh7883x683d2htsf466jfwr0000gn/T/framer-mqjs-module-loader-6rL6h1/module-0-runtime.o
                                 0x79 (size before relaxing)
 *fill*         0x423d4915        0x3 
 .text.define_var
                0x423d4918       0x6f /var/folders/n9/hdh7883x683d2htsf466jfwr0000gn/T/framer-mqjs-module-loader-6rL6h1/module-0-runtime.o
                                 0x8b (size before relaxing)
 *fill*         0x423d4987        0x1 
 .text.cpool_add
                0x423d4988       0x6a /var/folders/n9/hdh7883x683d2htsf466jfwr0000gn/T/framer-mqjs-module-loader-6rL6h1/module-0-runtime.o
                                 0x76 (size before relaxing)
 *fill*         0x423d49f2        0x2 
 .text.js_update_props
                0x423d49f4       0x90 /var/folders/n9/hdh7883x683d2htsf466jfwr0000gn/T/framer-mqjs-module-loader-6rL6h1/module-0-runtime.o
                                 0xa4 (size before relaxing)
 .text.js_alloc_byte_array
                0x423d4a84       0x33 /var/folders/n9/hdh7883x683d2htsf466jfwr0000gn/T/framer-mqjs-module-loader-6rL6h1/module-0-runtime.o
                                 0x3f (size before relaxing)
 *fill*         0x423d4ab7        0x1 
 .text.JS_MakeUniqueString
                0x423d4ab8      0x190 /var/folders/n9/hdh7883x683d2htsf466jfwr0000gn/T/framer-mqjs-module-loader-6rL6h1/module-0-runtime.o
                                0x1cc (size before relaxing)
 .text.js_dtoa2
                0x423d4c48       0x72 /var/folders/n9/hdh7883x683d2htsf466jfwr0000gn/T/framer-mqjs-module-loader-6rL6h1/module-0-runtime.o
                                 0x9a (size before relaxing)
 *fill*         0x423d4cba        0x2 
 .text.js_atod1
                0x423d4cbc       0xd4 /var/folders/n9/hdh7883x683d2htsf466jfwr0000gn/T/framer-mqjs-module-loader-6rL6h1/module-0-runtime.o
                                 0xf8 (size before relaxing)
 .text.string_buffer_push
                0x423d4d90       0x37 /var/folders/n9/hdh7883x683d2htsf466jfwr0000gn/T/framer-mqjs-module-loader-6rL6h1/module-0-runtime.o
                                 0x3b (size before relaxing)
 *fill*         0x423d4dc7        0x1 
 .text.js_resize_byte_array
                0x423d4dc8       0x4a /var/folders/n9/hdh7883x683d2htsf466jfwr0000gn/T/framer-mqjs-module-loader-6rL6h1/module-0-runtime.o
                                 0x56 (size before relaxing)
 *fill*         0x423d4e12        0x2 
 .text.emit_claim_size
                0x423d4e14       0x22 /var/folders/n9/hdh7883x683d2htsf466jfwr0000gn/T/framer-mqjs-module-loader-6rL6h1/module-0-runtime.o
                                 0x2e (size before relaxing)
 *fill*         0x423d4e36        0x2 
 .text.emit_insert
                0x423d4e38       0x2a /var/folders/n9/hdh7883x683d2htsf466jfwr0000gn/T/framer-mqjs-module-loader-6rL6h1/module-0-runtime.o
                                 0x36 (size before relaxing)
 *fill*         0x423d4e62        0x2 
 .text.emit_u8  0x423d4e64       0x1f /var/folders/n9/hdh7883x683d2htsf466jfwr0000gn/T/framer-mqjs-module-loader-6rL6h1/module-0-runtime.o
                                 0x23 (size before relaxing)
 *fill*         0x423d4e83        0x1 
 .text.re_emit_op_u8
                0x423d4e84       0x16 /var/folders/n9/hdh7883x683d2htsf466jfwr0000gn/T/framer-mqjs-module-loader-6rL6h1/module-0-runtime.o
                                 0x22 (size before relaxing)
 *fill*         0x423d4e9a        0x2 
 .text.emit_u32
                0x423d4e9c       0x33 /var/folders/n9/hdh7883x683d2htsf466jfwr0000gn/T/framer-mqjs-module-loader-6rL6h1/module-0-runtime.o
                                 0x37 (size before relaxing)
 *fill*         0x423d4ecf        0x1 
 .text.re_parse_disjunction
                0x423d4ed0       0xe6 /var/folders/n9/hdh7883x683d2htsf466jfwr0000gn/T/framer-mqjs-module-loader-6rL6h1/module-0-runtime.o
                                0x12a (size before relaxing)
 *fill*         0x423d4fb6        0x2 
 .text.add_interval_intersect
                0x423d4fb8       0x2c /var/folders/n9/hdh7883x683d2htsf466jfwr0000gn/T/framer-mqjs-module-loader-6rL6h1/module-0-runtime.o
                                 0x48 (size before relaxing)
 .text.re_range_optimize
                0x423d4fe4      0x165 /var/folders/n9/hdh7883x683d2htsf466jfwr0000gn/T/framer-mqjs-module-loader-6rL6h1/module-0-runtime.o
                                0x19d (size before relaxing)
 *fill*         0x423d5149        0x3 
 .text.re_emit_goto_u8_u32$constprop$0$isra$0
                0x423d514c       0x2b /var/folders/n9/hdh7883x683d2htsf466jfwr0000gn/T/framer-mqjs-module-loader-6rL6h1/module-0-runtime.o
                                 0x47 (size before relaxing)
 *fill*         0x423d5177        0x1 
 .text.re_emit_range_base
                0x423d5178       0x7f /var/folders/n9/hdh7883x683d2htsf466jfwr0000gn/T/framer-mqjs-module-loader-6rL6h1/module-0-runtime.o
                                 0xab (size before relaxing)
 *fill*         0x423d51f7        0x1 
 .text.emit_u16
                0x423d51f8       0x25 /var/folders/n9/hdh7883x683d2htsf466jfwr0000gn/T/framer-mqjs-module-loader-6rL6h1/module-0-runtime.o
                                 0x29 (size before relaxing)
 *fill*         0x423d521d        0x3 
 .text.js_parse_regexp
                0x423d5220      0x16f /var/folders/n9/hdh7883x683d2htsf466jfwr0000gn/T/framer-mqjs-module-loader-6rL6h1/module-0-runtime.o
                                0x1cf (size before relaxing)
 *fill*         0x423d538f        0x1 
 .text.re_parse_alternative
                0x423d5390      0x9d7 /var/folders/n9/hdh7883x683d2htsf466jfwr0000gn/T/framer-mqjs-module-loader-6rL6h1/module-0-runtime.o
                                0xc13 (size before relaxing)
 *fill*         0x423d5d67        0x1 
 .text.pc2line_put_bits_short
                0x423d5d68       0x98 /var/folders/n9/hdh7883x683d2htsf466jfwr0000gn/T/framer-mqjs-module-loader-6rL6h1/module-0-runtime.o
                                 0xb0 (size before relaxing)
 .text.pc2line_put_bits
                0x423d5e00       0x2c /var/folders/n9/hdh7883x683d2htsf466jfwr0000gn/T/framer-mqjs-module-loader-6rL6h1/module-0-runtime.o
                                 0x34 (size before relaxing)
 .text.put_ugolomb
                0x423d5e2c       0x2a /var/folders/n9/hdh7883x683d2htsf466jfwr0000gn/T/framer-mqjs-module-loader-6rL6h1/module-0-runtime.o
                                 0x36 (size before relaxing)
 *fill*         0x423d5e56        0x2 
 .text.emit_op_pos
                0x423d5e58       0xb7 /var/folders/n9/hdh7883x683d2htsf466jfwr0000gn/T/framer-mqjs-module-loader-6rL6h1/module-0-runtime.o
                                 0xd3 (size before relaxing)
 *fill*         0x423d5f0f        0x1 
 .text.emit_op  0x423d5f10       0x12 /var/folders/n9/hdh7883x683d2htsf466jfwr0000gn/T/framer-mqjs-module-loader-6rL6h1/module-0-runtime.o
                                 0x16 (size before relaxing)
 *fill*         0x423d5f22        0x2 
 .text.emit_goto
                0x423d5f24       0x3c /var/folders/n9/hdh7883x683d2htsf466jfwr0000gn/T/framer-mqjs-module-loader-6rL6h1/module-0-runtime.o
                                 0x4c (size before relaxing)
 .text.emit_push_short_int
                0x423d5f60       0x62 /var/folders/n9/hdh7883x683d2htsf466jfwr0000gn/T/framer-mqjs-module-loader-6rL6h1/module-0-runtime.o
                                 0x8e (size before relaxing)
 *fill*         0x423d5fc2        0x2 
 .text.js_emit_push_const
                0x423d5fc4       0x3a /var/folders/n9/hdh7883x683d2htsf466jfwr0000gn/T/framer-mqjs-module-loader-6rL6h1/module-0-runtime.o
                                 0x5a (size before relaxing)
 *fill*         0x423d5ffe        0x2 
 .text.js_emit_push_number
                0x423d6000       0x30 /var/folders/n9/hdh7883x683d2htsf466jfwr0000gn/T/framer-mqjs-module-loader-6rL6h1/module-0-runtime.o
                                 0x4b (size before relaxing)
 *fill*         0x423d6030        0x0 
 .text.emit_var
                0x423d6030       0x8e /var/folders/n9/hdh7883x683d2htsf466jfwr0000gn/T/framer-mqjs-module-loader-6rL6h1/module-0-runtime.o
                                 0xaa (size before relaxing)
 *fill*         0x423d60be        0x2 
 .text.set_eval_ret_undefined
                0x423d60c0       0x22 /var/folders/n9/hdh7883x683d2htsf466jfwr0000gn/T/framer-mqjs-module-loader-6rL6h1/module-0-runtime.o
                                 0x2e (size before relaxing)
 *fill*         0x423d60e2        0x2 
 .text.get_lvalue
                0x423d60e4      0x118 /var/folders/n9/hdh7883x683d2htsf466jfwr0000gn/T/framer-mqjs-module-loader-6rL6h1/module-0-runtime.o
                                0x14c (size before relaxing)
 .text.put_lvalue
                0x423d61fc       0xc4 /var/folders/n9/hdh7883x683d2htsf466jfwr0000gn/T/framer-mqjs-module-loader-6rL6h1/module-0-runtime.o
                                 0xf3 (size before relaxing)
 *fill*         0x423d62c0        0x0 
 .text.emit_op_param
                0x423d62c0       0x27 /var/folders/n9/hdh7883x683d2htsf466jfwr0000gn/T/framer-mqjs-module-loader-6rL6h1/module-0-runtime.o
                                 0x37 (size before relaxing)
 *fill*         0x423d62e7        0x1 
 .text.define_hoisted_functions
                0x423d62e8       0xc6 /var/folders/n9/hdh7883x683d2htsf466jfwr0000gn/T/framer-mqjs-module-loader-6rL6h1/module-0-runtime.o
                                 0xf2 (size before relaxing)
 *fill*         0x423d63ae        0x2 
 .text.js_alloc_function_bytecode
                0x423d63b0       0x33 /var/folders/n9/hdh7883x683d2htsf466jfwr0000gn/T/framer-mqjs-module-loader-6rL6h1/module-0-runtime.o
                                 0x3b (size before relaxing)
 *fill*         0x423d63e3        0x1 
 .text.js_alloc_string
                0x423d63e4       0x46 /var/folders/n9/hdh7883x683d2htsf466jfwr0000gn/T/framer-mqjs-module-loader-6rL6h1/module-0-runtime.o
                                 0x4e (size before relaxing)
 *fill*         0x423d642a        0x2 
 .text.JS_NewStringLen
                0x423d642c       0x9e /var/folders/n9/hdh7883x683d2htsf466jfwr0000gn/T/framer-mqjs-module-loader-6rL6h1/module-0-runtime.o
                                 0xae (size before relaxing)
                0x423d642c                JS_NewStringLen
 *fill*         0x423d64ca        0x2 
 .text.JS_NewString
                0x423d64cc       0x18 /var/folders/n9/hdh7883x683d2htsf466jfwr0000gn/T/framer-mqjs-module-loader-6rL6h1/module-0-runtime.o
                                 0x24 (size before relaxing)
                0x423d64cc                JS_NewString
 .text.js_object_toString
                0x423d64e4       0xc4 /var/folders/n9/hdh7883x683d2htsf466jfwr0000gn/T/framer-mqjs-module-loader-6rL6h1/module-0-runtime.o
                                 0xd0 (size before relaxing)
                0x423d650c                js_object_toString
 .text.js_sub_string_utf8
                0x423d65a8      0x1c2 /var/folders/n9/hdh7883x683d2htsf466jfwr0000gn/T/framer-mqjs-module-loader-6rL6h1/module-0-runtime.o
                                0x1fa (size before relaxing)
 *fill*         0x423d676a        0x2 
 .text.js_sub_string
                0x423d676c       0x38 /var/folders/n9/hdh7883x683d2htsf466jfwr0000gn/T/framer-mqjs-module-loader-6rL6h1/module-0-runtime.o
                                 0x4c (size before relaxing)
 .text.JS_ThrowTypeErrorNotAnObject
                0x423d67a4       0x18 /var/folders/n9/hdh7883x683d2htsf466jfwr0000gn/T/framer-mqjs-module-loader-6rL6h1/module-0-runtime.o
                                 0x1c (size before relaxing)
 .text.JS_DefinePropertyInternal
                0x423d67bc      0x31a /var/folders/n9/hdh7883x683d2htsf466jfwr0000gn/T/framer-mqjs-module-loader-6rL6h1/module-0-runtime.o
                                0x35e (size before relaxing)
 *fill*         0x423d6ad6        0x2 
 .text.JS_NewContext2
                0x423d6ad8      0x1a0 /var/folders/n9/hdh7883x683d2htsf466jfwr0000gn/T/framer-mqjs-module-loader-6rL6h1/module-0-runtime.o
                                0x1dc (size before relaxing)
                0x423d6adc                JS_NewContext2
 .text.JS_NewContext
                0x423d6c78       0x15 /var/folders/n9/hdh7883x683d2htsf466jfwr0000gn/T/framer-mqjs-module-loader-6rL6h1/module-0-runtime.o
                                 0x19 (size before relaxing)
                0x423d6c78                JS_NewContext
 *fill*         0x423d6c8d        0x3 
 .text.create_context
                0x423d6c90       0x25 /var/folders/n9/hdh7883x683d2htsf466jfwr0000gn/T/framer-mqjs-module-loader-6rL6h1/module-0-runtime.o
                                 0x29 (size before relaxing)
 *fill*         0x423d6cb5        0x3 
 .text.JS_DefinePropertyValue
                0x423d6cb8       0x19 /var/folders/n9/hdh7883x683d2htsf466jfwr0000gn/T/framer-mqjs-module-loader-6rL6h1/module-0-runtime.o
                                 0x1d (size before relaxing)
 *fill*         0x423d6cd1        0x3 
 .text.js_closure
                0x423d6cd4      0x161 /var/folders/n9/hdh7883x683d2htsf466jfwr0000gn/T/framer-mqjs-module-loader-6rL6h1/module-0-runtime.o
                                0x181 (size before relaxing)
 *fill*         0x423d6e35        0x3 
 .text.__js_poll_interrupt
                0x423d6e38       0x3a /var/folders/n9/hdh7883x683d2htsf466jfwr0000gn/T/framer-mqjs-module-loader-6rL6h1/module-0-runtime.o
                                 0x3e (size before relaxing)
 *fill*         0x423d6e72        0x2 
 .text.js_set_prototype_internal
                0x423d6e74       0x3f /var/folders/n9/hdh7883x683d2htsf466jfwr0000gn/T/framer-mqjs-module-loader-6rL6h1/module-0-runtime.o
                                 0x43 (size before relaxing)
 *fill*         0x423d6eb3        0x1 
 .text.string_buffer_concat_str
                0x423d6eb4      0x18d /var/folders/n9/hdh7883x683d2htsf466jfwr0000gn/T/framer-mqjs-module-loader-6rL6h1/module-0-runtime.o
                                0x1d9 (size before relaxing)
 *fill*         0x423d7041        0x3 
 .text.JS_ConcatString
                0x423d7044       0x45 /var/folders/n9/hdh7883x683d2htsf466jfwr0000gn/T/framer-mqjs-module-loader-6rL6h1/module-0-runtime.o
                                 0x61 (size before relaxing)
 *fill*         0x423d7089        0x3 
 .text.string_buffer_putc
                0x423d708c       0x19 /var/folders/n9/hdh7883x683d2htsf466jfwr0000gn/T/framer-mqjs-module-loader-6rL6h1/module-0-runtime.o
                                 0x1d (size before relaxing)
 *fill*         0x423d70a5        0x3 
 .text.js_parse_string
                0x423d70a8       0xdd /var/folders/n9/hdh7883x683d2htsf466jfwr0000gn/T/framer-mqjs-module-loader-6rL6h1/module-0-runtime.o
                                0x101 (size before relaxing)
 *fill*         0x423d7185        0x3 
 .text.next_token
                0x423d7188      0x591 /var/folders/n9/hdh7883x683d2htsf466jfwr0000gn/T/framer-mqjs-module-loader-6rL6h1/module-0-runtime.o
                                0x615 (size before relaxing)
 *fill*         0x423d7719        0x3 
 .text.js_parse_expect
                0x423d771c       0x13 /var/folders/n9/hdh7883x683d2htsf466jfwr0000gn/T/framer-mqjs-module-loader-6rL6h1/module-0-runtime.o
                                 0x1f (size before relaxing)
 *fill*         0x423d772f        0x1 
 .text.js_parse_expr_paren
                0x423d7730       0x1a /var/folders/n9/hdh7883x683d2htsf466jfwr0000gn/T/framer-mqjs-module-loader-6rL6h1/module-0-runtime.o
                                 0x2e (size before relaxing)
 *fill*         0x423d774a        0x2 
 .text.js_parse_block
                0x423d774c       0x3a /var/folders/n9/hdh7883x683d2htsf466jfwr0000gn/T/framer-mqjs-module-loader-6rL6h1/module-0-runtime.o
                                 0x4a (size before relaxing)
 *fill*         0x423d7786        0x2 
 .text.js_skip_parens
                0x423d7788       0xcd /var/folders/n9/hdh7883x683d2htsf466jfwr0000gn/T/framer-mqjs-module-loader-6rL6h1/module-0-runtime.o
                                 0xe4 (size before relaxing)
 *fill*         0x423d7855        0x3 
 .text.js_parse_var
                0x423d7858       0x89 /var/folders/n9/hdh7883x683d2htsf466jfwr0000gn/T/framer-mqjs-module-loader-6rL6h1/module-0-runtime.o
                                 0xb5 (size before relaxing)
 *fill*         0x423d78e1        0x3 
 .text.js_parse_expect_semi
                0x423d78e4       0x3a /var/folders/n9/hdh7883x683d2htsf466jfwr0000gn/T/framer-mqjs-module-loader-6rL6h1/module-0-runtime.o
                                 0x49 (size before relaxing)
 *fill*         0x423d791e        0x2 
 .text.js_parse_function_decl
                0x423d7920      0x128 /var/folders/n9/hdh7883x683d2htsf466jfwr0000gn/T/framer-mqjs-module-loader-6rL6h1/module-0-runtime.o
                                0x180 (size before relaxing)
 .text.js_parse_source_element
                0x423d7a48       0x24 /var/folders/n9/hdh7883x683d2htsf466jfwr0000gn/T/framer-mqjs-module-loader-6rL6h1/module-0-runtime.o
                                 0x30 (size before relaxing)
 .text.js_parse_unary
                0x423d7a6c      0x2f9 /var/folders/n9/hdh7883x683d2htsf466jfwr0000gn/T/framer-mqjs-module-loader-6rL6h1/module-0-runtime.o
                                0x3d1 (size before relaxing)
 *fill*         0x423d7d65        0x3 
 .text.js_parse_expr_binary
                0x423d7d68      0x19e /var/folders/n9/hdh7883x683d2htsf466jfwr0000gn/T/framer-mqjs-module-loader-6rL6h1/module-0-runtime.o
                                0x1ea (size before relaxing)
 *fill*         0x423d7f06        0x2 
 .text.js_parse_logical_and_or
                0x423d7f08       0xfa /var/folders/n9/hdh7883x683d2htsf466jfwr0000gn/T/framer-mqjs-module-loader-6rL6h1/module-0-runtime.o
                                0x14d (size before relaxing)
 *fill*         0x423d8002        0x2 
 .text.js_parse_cond_expr
                0x423d8004       0xeb /var/folders/n9/hdh7883x683d2htsf466jfwr0000gn/T/framer-mqjs-module-loader-6rL6h1/module-0-runtime.o
                                0x15f (size before relaxing)
 *fill*         0x423d80ef        0x1 
 .text.js_parse_assign_expr
                0x423d80f0      0x131 /var/folders/n9/hdh7883x683d2htsf466jfwr0000gn/T/framer-mqjs-module-loader-6rL6h1/module-0-runtime.o
                                0x1bd (size before relaxing)
 *fill*         0x423d8221        0x3 
 .text.js_parse_expr_comma
                0x423d8224       0x91 /var/folders/n9/hdh7883x683d2htsf466jfwr0000gn/T/framer-mqjs-module-loader-6rL6h1/module-0-runtime.o
                                 0xc1 (size before relaxing)
 *fill*         0x423d82b5        0x3 
 .text.js_parse_statement
                0x423d82b8      0xb6a /var/folders/n9/hdh7883x683d2htsf466jfwr0000gn/T/framer-mqjs-module-loader-6rL6h1/module-0-runtime.o
                               0x1042 (size before relaxing)
 *fill*         0x423d8e22        0x2 
 .text.js_boolean_constructor
                0x423d8e24       0x2b /var/folders/n9/hdh7883x683d2htsf466jfwr0000gn/T/framer-mqjs-module-loader-6rL6h1/module-0-runtime.o
                                 0x37 (size before relaxing)
                0x423d8e28                js_boolean_constructor
 *fill*         0x423d8e4f        0x1 
 .text.js_string_toString
                0x423d8e50       0x20 /var/folders/n9/hdh7883x683d2htsf466jfwr0000gn/T/framer-mqjs-module-loader-6rL6h1/module-0-runtime.o
                                 0x30 (size before relaxing)
                0x423d8e54                js_string_toString
 .text.js_error_get_message
                0x423d8e70       0x2e /var/folders/n9/hdh7883x683d2htsf466jfwr0000gn/T/framer-mqjs-module-loader-6rL6h1/module-0-runtime.o
                                 0x3e (size before relaxing)
                0x423d8e74                js_error_get_message
 *fill*         0x423d8e9e        0x2 
 .text.js_get_array
                0x423d8ea0       0x22 /var/folders/n9/hdh7883x683d2htsf466jfwr0000gn/T/framer-mqjs-module-loader-6rL6h1/module-0-runtime.o
                                 0x2e (size before relaxing)
 *fill*         0x423d8ec2        0x2 
 .text.js_array_get_length
                0x423d8ec4       0x17 /var/folders/n9/hdh7883x683d2htsf466jfwr0000gn/T/framer-mqjs-module-loader-6rL6h1/module-0-runtime.o
                                 0x1b (size before relaxing)
                0x423d8ec4                js_array_get_length
 *fill*         0x423d8edb        0x1 
 .text.js_array_pop
                0x423d8edc       0x26 /var/folders/n9/hdh7883x683d2htsf466jfwr0000gn/T/framer-mqjs-module-loader-6rL6h1/module-0-runtime.o
                                 0x2a (size before relaxing)
                0x423d8edc                js_array_pop
 *fill*         0x423d8f02        0x2 
 .text.js_array_resize
                0x423d8f04       0x9b /var/folders/n9/hdh7883x683d2htsf466jfwr0000gn/T/framer-mqjs-module-loader-6rL6h1/module-0-runtime.o
                                 0xab (size before relaxing)
 *fill*         0x423d8f9f        0x1 
 .text.js_array_push
                0x423d8fa0       0x82 /var/folders/n9/hdh7883x683d2htsf466jfwr0000gn/T/framer-mqjs-module-loader-6rL6h1/module-0-runtime.o
                                 0xa2 (size before relaxing)
                0x423d8fa0                js_array_push
 *fill*         0x423d9022        0x2 
 .text.js_framer_commit
                0x423d9024       0x2a /var/folders/n9/hdh7883x683d2htsf466jfwr0000gn/T/framer-mqjs-module-loader-6rL6h1/module-0-runtime.o
                                 0x32 (size before relaxing)
 *fill*         0x423d904e        0x2 
 .text.js_string_get_length
                0x423d9050       0x2c /var/folders/n9/hdh7883x683d2htsf466jfwr0000gn/T/framer-mqjs-module-loader-6rL6h1/module-0-runtime.o
                                 0x40 (size before relaxing)
                0x423d9050                js_string_get_length
 .text.JS_Parse2
                0x423d907c      0x8e3 /var/folders/n9/hdh7883x683d2htsf466jfwr0000gn/T/framer-mqjs-module-loader-6rL6h1/module-0-runtime.o
                                0xa4b (size before relaxing)
 *fill*         0x423d995f        0x1 
 .text.JS_Parse
                0x423d9960       0x19 /var/folders/n9/hdh7883x683d2htsf466jfwr0000gn/T/framer-mqjs-module-loader-6rL6h1/module-0-runtime.o
                                 0x1d (size before relaxing)
                0x423d9960                JS_Parse
 *fill*         0x423d9979        0x3 
 .text.js_framer_on
                0x423d997c       0xc2 /var/folders/n9/hdh7883x683d2htsf466jfwr0000gn/T/framer-mqjs-module-loader-6rL6h1/module-0-runtime.o
                                 0xee (size before relaxing)
 *fill*         0x423d9a3e        0x2 
 .text.JS_ToPropertyKey
                0x423d9a40       0xd4 /var/folders/n9/hdh7883x683d2htsf466jfwr0000gn/T/framer-mqjs-module-loader-6rL6h1/module-0-runtime.o
                                 0xe4 (size before relaxing)
 .text.js_parse_postfix_expr
                0x423d9b14      0x7dd /var/folders/n9/hdh7883x683d2htsf466jfwr0000gn/T/framer-mqjs-module-loader-6rL6h1/module-0-runtime.o
                                0xa5d (size before relaxing)
 *fill*         0x423da2f1        0x3 
 .text.js_object_hasOwnProperty
                0x423da2f4       0x77 /var/folders/n9/hdh7883x683d2htsf466jfwr0000gn/T/framer-mqjs-module-loader-6rL6h1/module-0-runtime.o
                                 0x8e (size before relaxing)
                0x423da2f8                js_object_hasOwnProperty
 *fill*         0x423da36b        0x1 
 .text.JS_ToStringCheckObject
                0x423da36c       0x27 /var/folders/n9/hdh7883x683d2htsf466jfwr0000gn/T/framer-mqjs-module-loader-6rL6h1/module-0-runtime.o
                                 0x36 (size before relaxing)
 *fill*         0x423da393        0x1 
 .text.js_string_constructor
                0x423da394       0x31 /var/folders/n9/hdh7883x683d2htsf466jfwr0000gn/T/framer-mqjs-module-loader-6rL6h1/module-0-runtime.o
                                 0x3d (size before relaxing)
                0x423da398                js_string_constructor
 *fill*         0x423da3c5        0x3 
 .text.js_error_constructor
                0x423da3c8       0x7e /var/folders/n9/hdh7883x683d2htsf466jfwr0000gn/T/framer-mqjs-module-loader-6rL6h1/module-0-runtime.o
                                 0x8a (size before relaxing)
                0x423da3c8                js_error_constructor
 *fill*         0x423da446        0x2 
 .text.JS_ToNumber
                0x423da448       0x96 /var/folders/n9/hdh7883x683d2htsf466jfwr0000gn/T/framer-mqjs-module-loader-6rL6h1/module-0-runtime.o
                                 0xa6 (size before relaxing)
                0x423da448                JS_ToNumber
 *fill*         0x423da4de        0x2 
 .text.JS_ToInt32Internal
                0x423da4e0       0xa1 /var/folders/n9/hdh7883x683d2htsf466jfwr0000gn/T/framer-mqjs-module-loader-6rL6h1/module-0-runtime.o
                                 0xb1 (size before relaxing)
 *fill*         0x423da581        0x3 
 .text.JS_ToInt32
                0x423da584       0x15 /var/folders/n9/hdh7883x683d2htsf466jfwr0000gn/T/framer-mqjs-module-loader-6rL6h1/module-0-runtime.o
                                 0x19 (size before relaxing)
                0x423da584                JS_ToInt32
 *fill*         0x423da599        0x3 
 .text.js_array_set_length
                0x423da59c       0x2f /var/folders/n9/hdh7883x683d2htsf466jfwr0000gn/T/framer-mqjs-module-loader-6rL6h1/module-0-runtime.o
                                 0x43 (size before relaxing)
                0x423da59c                js_array_set_length
 *fill*         0x423da5cb        0x1 
 .text.js_array_constructor
                0x423da5cc       0x7e /var/folders/n9/hdh7883x683d2htsf466jfwr0000gn/T/framer-mqjs-module-loader-6rL6h1/module-0-runtime.o
                                 0x9a (size before relaxing)
                0x423da5cc                js_array_constructor
 *fill*         0x423da64a        0x2 
 .text.js_framer_get_int
                0x423da64c       0x66 /var/folders/n9/hdh7883x683d2htsf466jfwr0000gn/T/framer-mqjs-module-loader-6rL6h1/module-0-runtime.o
                                 0x7e (size before relaxing)
 *fill*         0x423da6b2        0x2 
 .text.js_binary_logic_slow
                0x423da6b4       0x9c /var/folders/n9/hdh7883x683d2htsf466jfwr0000gn/T/framer-mqjs-module-loader-6rL6h1/module-0-runtime.o
                                 0xb8 (size before relaxing)
 .text.js_not_slow
                0x423da750       0x26 /var/folders/n9/hdh7883x683d2htsf466jfwr0000gn/T/framer-mqjs-module-loader-6rL6h1/module-0-runtime.o
                                 0x32 (size before relaxing)
 *fill*         0x423da776        0x2 
 .text.js_framer_set_int
                0x423da778       0x67 /var/folders/n9/hdh7883x683d2htsf466jfwr0000gn/T/framer-mqjs-module-loader-6rL6h1/module-0-runtime.o
                                 0x83 (size before relaxing)
 *fill*         0x423da7df        0x1 
 .text.JS_ToInt32Sat
                0x423da7e0       0x15 /var/folders/n9/hdh7883x683d2htsf466jfwr0000gn/T/framer-mqjs-module-loader-6rL6h1/module-0-runtime.o
                                 0x19 (size before relaxing)
                0x423da7e0                JS_ToInt32Sat
 *fill*         0x423da7f5        0x3 
 .text.JS_ToInt32Clamp
                0x423da7f8       0x27 /var/folders/n9/hdh7883x683d2htsf466jfwr0000gn/T/framer-mqjs-module-loader-6rL6h1/module-0-runtime.o
                                 0x2f (size before relaxing)
 *fill*         0x423da81f        0x1 
 .text.js_string_slice
                0x423da820       0x6c /var/folders/n9/hdh7883x683d2htsf466jfwr0000gn/T/framer-mqjs-module-loader-6rL6h1/module-0-runtime.o
                                 0x88 (size before relaxing)
                0x423da820                js_string_slice
 .text.js_string_charAt
                0x423da88c       0x82 /var/folders/n9/hdh7883x683d2htsf466jfwr0000gn/T/framer-mqjs-module-loader-6rL6h1/module-0-runtime.o
                                 0x9a (size before relaxing)
                0x423da88c                js_string_charAt
 *fill*         0x423da90e        0x2 
 .text.JS_GetPropertyInternal
                0x423da910      0x268 /var/folders/n9/hdh7883x683d2htsf466jfwr0000gn/T/framer-mqjs-module-loader-6rL6h1/module-0-runtime.o
                                0x294 (size before relaxing)
 .text.JS_GetProperty
                0x423dab78       0x15 /var/folders/n9/hdh7883x683d2htsf466jfwr0000gn/T/framer-mqjs-module-loader-6rL6h1/module-0-runtime.o
                                 0x19 (size before relaxing)
 *fill*         0x423dab8d        0x3 
 .text.JS_GetPropertyStr
                0x423dab90       0x39 /var/folders/n9/hdh7883x683d2htsf466jfwr0000gn/T/framer-mqjs-module-loader-6rL6h1/module-0-runtime.o
                                 0x49 (size before relaxing)
                0x423dab90                JS_GetPropertyStr
 *fill*         0x423dabc9        0x3 
 .text.js_framer_is_held
                0x423dabcc       0x87 /var/folders/n9/hdh7883x683d2htsf466jfwr0000gn/T/framer-mqjs-module-loader-6rL6h1/module-0-runtime.o
                                 0xa3 (size before relaxing)
 *fill*         0x423dac53        0x1 
 .text.classify_exception
                0x423dac54       0x64 /var/folders/n9/hdh7883x683d2htsf466jfwr0000gn/T/framer-mqjs-module-loader-6rL6h1/module-0-runtime.o
                                 0x8c (size before relaxing)
 .text.js_binary_arith_slow
                0x423dacb8       0x9e /var/folders/n9/hdh7883x683d2htsf466jfwr0000gn/T/framer-mqjs-module-loader-6rL6h1/module-0-runtime.o
                                 0xd6 (size before relaxing)
 *fill*         0x423dad56        0x2 
 .text.js_unary_arith_slow
                0x423dad58       0x88 /var/folders/n9/hdh7883x683d2htsf466jfwr0000gn/T/framer-mqjs-module-loader-6rL6h1/module-0-runtime.o
                                 0xa0 (size before relaxing)
 .text.js_post_inc_slow
                0x423dade0       0x58 /var/folders/n9/hdh7883x683d2htsf466jfwr0000gn/T/framer-mqjs-module-loader-6rL6h1/module-0-runtime.o
                                 0x84 (size before relaxing)
 .text.js_strict_eq
                0x423dae38       0x96 /var/folders/n9/hdh7883x683d2htsf466jfwr0000gn/T/framer-mqjs-module-loader-6rL6h1/module-0-runtime.o
                                 0xda (size before relaxing)
 *fill*         0x423daece        0x2 
 .text.js_number_constructor
                0x423daed0       0x3c /var/folders/n9/hdh7883x683d2htsf466jfwr0000gn/T/framer-mqjs-module-loader-6rL6h1/module-0-runtime.o
                                 0x4c (size before relaxing)
                0x423daed4                js_number_constructor
 .text.js_thisNumberValue
                0x423daf0c       0x31 /var/folders/n9/hdh7883x683d2htsf466jfwr0000gn/T/framer-mqjs-module-loader-6rL6h1/module-0-runtime.o
                                 0x41 (size before relaxing)
 *fill*         0x423daf3d        0x3 
 .text.js_number_toString
                0x423daf40       0x74 /var/folders/n9/hdh7883x683d2htsf466jfwr0000gn/T/framer-mqjs-module-loader-6rL6h1/module-0-runtime.o
                                 0x8c (size before relaxing)
                0x423daf44                js_number_toString
 .text.js_add_slow
                0x423dafb4       0xa1 /var/folders/n9/hdh7883x683d2htsf466jfwr0000gn/T/framer-mqjs-module-loader-6rL6h1/module-0-runtime.o
                                 0xe5 (size before relaxing)
 *fill*         0x423db055        0x3 
 .text.js_relational_slow
                0x423db058       0xfa /var/folders/n9/hdh7883x683d2htsf466jfwr0000gn/T/framer-mqjs-module-loader-6rL6h1/module-0-runtime.o
                                0x13e (size before relaxing)
 *fill*         0x423db152        0x2 
 .text.js_eq_slow
                0x423db154       0xfc /var/folders/n9/hdh7883x683d2htsf466jfwr0000gn/T/framer-mqjs-module-loader-6rL6h1/module-0-runtime.o
                                0x130 (size before relaxing)
 .text.JS_SetPropertyInternal
                0x423db250      0x3ae /var/folders/n9/hdh7883x683d2htsf466jfwr0000gn/T/framer-mqjs-module-loader-6rL6h1/module-0-runtime.o
                                0x416 (size before relaxing)
 *fill*         0x423db5fe        0x2 
 .text.JS_SetPropertyStr
                0x423db600       0x41 /var/folders/n9/hdh7883x683d2htsf466jfwr0000gn/T/framer-mqjs-module-loader-6rL6h1/module-0-runtime.o
                                 0x55 (size before relaxing)
                0x423db600                JS_SetPropertyStr
 *fill*         0x423db641        0x3 
 .text.set_event_property$isra$0
                0x423db644       0x1d /var/folders/n9/hdh7883x683d2htsf466jfwr0000gn/T/framer-mqjs-module-loader-6rL6h1/module-0-runtime.o
                                 0x21 (size before relaxing)
 *fill*         0x423db661        0x3 
 .text.JS_SetPropertyUint32
                0x423db664       0x32 /var/folders/n9/hdh7883x683d2htsf466jfwr0000gn/T/framer-mqjs-module-loader-6rL6h1/module-0-runtime.o
                                 0x3a (size before relaxing)
                0x423db668                JS_SetPropertyUint32
 *fill*         0x423db696        0x2 
 .text.js_parse_json_value
                0x423db698      0x352 /var/folders/n9/hdh7883x683d2htsf466jfwr0000gn/T/framer-mqjs-module-loader-6rL6h1/module-0-runtime.o
                                0x412 (size before relaxing)
 *fill*         0x423db9ea        0x2 
 .text.JS_Run   0x423db9ec       0x74 /var/folders/n9/hdh7883x683d2htsf466jfwr0000gn/T/framer-mqjs-module-loader-6rL6h1/module-0-runtime.o
                                 0x8c (size before relaxing)
                0x423db9f0                JS_Run
 .text.JS_Eval  0x423dba60       0x22 /var/folders/n9/hdh7883x683d2htsf466jfwr0000gn/T/framer-mqjs-module-loader-6rL6h1/module-0-runtime.o
                                 0x32 (size before relaxing)
                0x423dba60                JS_Eval
 *fill*         0x423dba82        0x2 
 .text.evaluate
                0x423dba84       0xd9 /var/folders/n9/hdh7883x683d2htsf466jfwr0000gn/T/framer-mqjs-module-loader-6rL6h1/module-0-runtime.o
                                0x109 (size before relaxing)
 *fill*         0x423dbb5d        0x3 
 .text.recover_last_good$isra$0
                0x423dbb60       0x3e /var/folders/n9/hdh7883x683d2htsf466jfwr0000gn/T/framer-mqjs-module-loader-6rL6h1/module-0-runtime.o
                                 0x5a (size before relaxing)
 *fill*         0x423dbb9e        0x2 
 .text.dispatch_staged_iteration
                0x423dbba0      0x462 /var/folders/n9/hdh7883x683d2htsf466jfwr0000gn/T/framer-mqjs-module-loader-6rL6h1/module-0-runtime.o
                                0x55a (size before relaxing)
 *fill*         0x423dc002        0x2 
 .text.framer_mqjs_init
                0x423dc004      0x178 /var/folders/n9/hdh7883x683d2htsf466jfwr0000gn/T/framer-mqjs-module-loader-6rL6h1/module-0-runtime.o
                                0x194 (size before relaxing)
                0x423dc008                framer_mqjs_init
 .text.framer_mqjs_load
                0x423dc17c       0xfc /var/folders/n9/hdh7883x683d2htsf466jfwr0000gn/T/framer-mqjs-module-loader-6rL6h1/module-0-runtime.o
                                0x128 (size before relaxing)
                0x423dc180                framer_mqjs_load
 .text.framer_mqjs_dispatch
                0x423dc278       0xd4 /var/folders/n9/hdh7883x683d2htsf466jfwr0000gn/T/framer-mqjs-module-loader-6rL6h1/module-0-runtime.o
                                 0xf4 (size before relaxing)
                0x423dc278                framer_mqjs_dispatch
 .text.framer_mqjs_input_enqueue
                0x423dc34c      0x22c /var/folders/n9/hdh7883x683d2htsf466jfwr0000gn/T/framer-mqjs-module-loader-6rL6h1/module-0-runtime.o
                                0x234 (size before relaxing)
                0x423dc34c                framer_mqjs_input_enqueue
 .text.framer_mqjs_input_request_release_all
                0x423dc578       0x92 /var/folders/n9/hdh7883x683d2htsf466jfwr0000gn/T/framer-mqjs-module-loader-6rL6h1/module-0-runtime.o
                                 0x96 (size before relaxing)
                0x423dc578                framer_mqjs_input_request_release_all
 *fill*         0x423dc60a        0x2 
 .text.framer_mqjs_input_request_focus_release
                0x423dc60c       0xa6 /var/folders/n9/hdh7883x683d2htsf466jfwr0000gn/T/framer-mqjs-module-loader-6rL6h1/module-0-runtime.o
                                 0xae (size before relaxing)
                0x423dc60c                framer_mqjs_input_request_focus_release
 *fill*         0x423dc6b2        0x2 
 .text.framer_mqjs_input_drain
                0x423dc6b4      0x29e /var/folders/n9/hdh7883x683d2htsf466jfwr0000gn/T/framer-mqjs-module-loader-6rL6h1/module-0-runtime.o
                                0x2c9 (size before relaxing)
                0x423dc6b4                framer_mqjs_input_drain
 *fill*         0x423dc952        0x2 
 .text.framer_mqjs_input_get_observation
                0x423dc954       0xa4 /var/folders/n9/hdh7883x683d2htsf466jfwr0000gn/T/framer-mqjs-module-loader-6rL6h1/module-0-runtime.o
                                 0xa8 (size before relaxing)
                0x423dc954                framer_mqjs_input_get_observation
 .text.framer_mqjs_get_telemetry
                0x423dc9f8       0x40 /var/folders/n9/hdh7883x683d2htsf466jfwr0000gn/T/framer-mqjs-module-loader-6rL6h1/module-0-runtime.o
                                 0x48 (size before relaxing)
                0x423dc9f8                framer_mqjs_get_telemetry
 .text.framer_mqjs_get_last_good_slots
                0x423dca38       0x3c /var/folders/n9/hdh7883x683d2htsf466jfwr0000gn/T/framer-mqjs-module-loader-6rL6h1/module-0-runtime.o
                                 0x47 (size before relaxing)
                0x423dca38                framer_mqjs_get_last_good_slots
 *fill*         0x423dca74        0x0 
 .text.framer_mqjs_destroy
                0x423dca74       0x2f /var/folders/n9/hdh7883x683d2htsf466jfwr0000gn/T/framer-mqjs-module-loader-6rL6h1/module-0-runtime.o
                                 0x3f (size before relaxing)
                0x423dca74                framer_mqjs_destroy
 *fill*         0x423dcaa3        0x1 
 .text.framer_mqjs_module_probe
                0x423dcaa4        0xc /var/folders/n9/hdh7883x683d2htsf466jfwr0000gn/T/framer-mqjs-module-loader-6rL6h1/module-0-adapter.o
                0x423dcaa8                framer_mqjs_module_probe
 .text.u32toa_len
                0x423dcab0       0x2f /var/folders/n9/hdh7883x683d2htsf466jfwr0000gn/T/framer-mqjs-module-loader-6rL6h1/module-0-dtoa.o
 *fill*         0x423dcadf        0x1 
 .text.mpb_mul1_base
                0x423dcae0       0x80 /var/folders/n9/hdh7883x683d2htsf466jfwr0000gn/T/framer-mqjs-module-loader-6rL6h1/module-0-dtoa.o
                                 0x88 (size before relaxing)
 .text.mul_log2_radix
                0x423dcb60       0x3d /var/folders/n9/hdh7883x683d2htsf466jfwr0000gn/T/framer-mqjs-module-loader-6rL6h1/module-0-dtoa.o
 *fill*         0x423dcb9d        0x3 
 .text.pow_ui   0x423dcba0       0x90 /var/folders/n9/hdh7883x683d2htsf466jfwr0000gn/T/framer-mqjs-module-loader-6rL6h1/module-0-dtoa.o
                                 0x94 (size before relaxing)
 .text.mpb_shr_round
                0x423dcc30      0x18b /var/folders/n9/hdh7883x683d2htsf466jfwr0000gn/T/framer-mqjs-module-loader-6rL6h1/module-0-dtoa.o
                                0x197 (size before relaxing)
 *fill*         0x423dcdbb        0x1 
 .text.output_digits
                0x423dcdbc      0x156 /var/folders/n9/hdh7883x683d2htsf466jfwr0000gn/T/framer-mqjs-module-loader-6rL6h1/module-0-dtoa.o
                                0x182 (size before relaxing)
 *fill*         0x423dcf12        0x2 
 .text.round_to_d$constprop$0
                0x423dcf14       0x78 /var/folders/n9/hdh7883x683d2htsf466jfwr0000gn/T/framer-mqjs-module-loader-6rL6h1/module-0-dtoa.o
                                 0x84 (size before relaxing)
 .text.mul_pow  0x423dcf8c      0x162 /var/folders/n9/hdh7883x683d2htsf466jfwr0000gn/T/framer-mqjs-module-loader-6rL6h1/module-0-dtoa.o
                                0x192 (size before relaxing)
 *fill*         0x423dd0ee        0x2 
 .text.mul_pow_round
                0x423dd0f0       0x2e /var/folders/n9/hdh7883x683d2htsf466jfwr0000gn/T/framer-mqjs-module-loader-6rL6h1/module-0-dtoa.o
                                 0x3a (size before relaxing)
 *fill*         0x423dd11e        0x2 
 .text.u32toa   0x423dd120       0x3a /var/folders/n9/hdh7883x683d2htsf466jfwr0000gn/T/framer-mqjs-module-loader-6rL6h1/module-0-dtoa.o
                                 0x42 (size before relaxing)
                0x423dd120                u32toa
 *fill*         0x423dd15a        0x2 
 .text.i32toa   0x423dd15c       0x29 /var/folders/n9/hdh7883x683d2htsf466jfwr0000gn/T/framer-mqjs-module-loader-6rL6h1/module-0-dtoa.o
                                 0x31 (size before relaxing)
                0x423dd15c                i32toa
 *fill*         0x423dd185        0x3 
 .text.u64toa   0x423dd188       0xa9 /var/folders/n9/hdh7883x683d2htsf466jfwr0000gn/T/framer-mqjs-module-loader-6rL6h1/module-0-dtoa.o
                                 0xe5 (size before relaxing)
                0x423dd190                u64toa
 *fill*         0x423dd231        0x3 
 .text.i64toa   0x423dd234       0x39 /var/folders/n9/hdh7883x683d2htsf466jfwr0000gn/T/framer-mqjs-module-loader-6rL6h1/module-0-dtoa.o
                                 0x41 (size before relaxing)
                0x423dd234                i64toa
 *fill*         0x423dd26d        0x3 
 .text.u64toa_radix
                0x423dd270       0xea /var/folders/n9/hdh7883x683d2htsf466jfwr0000gn/T/framer-mqjs-module-loader-6rL6h1/module-0-dtoa.o
                                0x102 (size before relaxing)
                0x423dd270                u64toa_radix
 *fill*         0x423dd35a        0x2 
 .text.js_dtoa_max_len
                0x423dd35c       0x63 /var/folders/n9/hdh7883x683d2htsf466jfwr0000gn/T/framer-mqjs-module-loader-6rL6h1/module-0-dtoa.o
                                 0x6f (size before relaxing)
                0x423dd360                js_dtoa_max_len
 *fill*         0x423dd3bf        0x1 
 .text.js_dtoa  0x423dd3c0      0x46e /var/folders/n9/hdh7883x683d2htsf466jfwr0000gn/T/framer-mqjs-module-loader-6rL6h1/module-0-dtoa.o
                                0x50a (size before relaxing)
                0x423dd3c8                js_dtoa
 *fill*         0x423dd82e        0x2 
 .text.js_atod  0x423dd830      0x49e /var/folders/n9/hdh7883x683d2htsf466jfwr0000gn/T/framer-mqjs-module-loader-6rL6h1/module-0-dtoa.o
                                0x502 (size before relaxing)
                0x423dd840                js_atod
 *fill*         0x423ddcce        0x2 
 .text.eval_poly
                0x423ddcd0       0x35 /var/folders/n9/hdh7883x683d2htsf466jfwr0000gn/T/framer-mqjs-module-loader-6rL6h1/module-0-libm.o
                                 0x41 (size before relaxing)
 *fill*         0x423ddd05        0x3 
 .text.kernel_log2
                0x423ddd08      0x2e2 /var/folders/n9/hdh7883x683d2htsf466jfwr0000gn/T/framer-mqjs-module-loader-6rL6h1/module-0-libm.o
                                0x426 (size before relaxing)
 *fill*         0x423ddfea        0x2 
 .text.js_lrint
                0x423ddfec       0xca /var/folders/n9/hdh7883x683d2htsf466jfwr0000gn/T/framer-mqjs-module-loader-6rL6h1/module-0-libm.o
                                 0xd6 (size before relaxing)
                0x423ddfec                js_lrint
 *fill*         0x423de0b6        0x2 
 .text.js_fmod  0x423de0b8      0x20e /var/folders/n9/hdh7883x683d2htsf466jfwr0000gn/T/framer-mqjs-module-loader-6rL6h1/module-0-libm.o
                                0x22a (size before relaxing)
                0x423de0bc                js_fmod
 *fill*         0x423de2c6        0x2 
 .text.js_scalbn
                0x423de2c8       0xe8 /var/folders/n9/hdh7883x683d2htsf466jfwr0000gn/T/framer-mqjs-module-loader-6rL6h1/module-0-libm.o
                                 0xfb (size before relaxing)
                0x423de2e8                js_scalbn
 *fill*         0x423de3b0        0x0 
 .text.kernel_exp
                0x423de3b0       0xbe /var/folders/n9/hdh7883x683d2htsf466jfwr0000gn/T/framer-mqjs-module-loader-6rL6h1/module-0-libm.o
                                0x122 (size before relaxing)
 *fill*         0x423de46e        0x2 
 .text.js_sqrt  0x423de470      0x14e /var/folders/n9/hdh7883x683d2htsf466jfwr0000gn/T/framer-mqjs-module-loader-6rL6h1/module-0-libm.o
                                0x166 (size before relaxing)
                0x423de470                js_sqrt
 *fill*         0x423de5be        0x2 
 .text.js_pow   0x423de5c0      0x580 /var/folders/n9/hdh7883x683d2htsf466jfwr0000gn/T/framer-mqjs-module-loader-6rL6h1/module-0-libm.o
                                0x6dc (size before relaxing)
                0x423de60c                js_pow
 .text          0x423deb40      0x312 /Users/gavin/Documents/ChatGPT/worklouder-sdk-knob-1/.toolchains/xtensa-esp-elf-13.2.0_20240530/bin/../lib/gcc/xtensa-esp-elf/13.2.0/esp32s3/libgcc.a(_addsubdf3.o)
                0x423deb70                __adddf3
                0x423deccc                __subdf3
 *fill*         0x423dee52        0x2 
 .text          0x423dee54      0x1ff /Users/gavin/Documents/ChatGPT/worklouder-sdk-knob-1/.toolchains/xtensa-esp-elf-13.2.0_20240530/bin/../lib/gcc/xtensa-esp-elf/13.2.0/esp32s3/libgcc.a(_muldf3.o)
                0x423def38                __muldf3
 *fill*         0x423df053        0x1 
 .text          0x423df054      0x213 /Users/gavin/Documents/ChatGPT/worklouder-sdk-knob-1/.toolchains/xtensa-esp-elf-13.2.0_20240530/bin/../lib/gcc/xtensa-esp-elf/13.2.0/esp32s3/libgcc.a(_divdf3.o)
                0x423df144                __divdf3
 *fill*         0x423df267        0x1 
 .text          0x423df268      0x176 /Users/gavin/Documents/ChatGPT/worklouder-sdk-knob-1/.toolchains/xtensa-esp-elf-13.2.0_20240530/bin/../lib/gcc/xtensa-esp-elf/13.2.0/esp32s3/libgcc.a(_cmpdf2.o)
                0x423df268                __eqdf2
                0x423df268                __nedf2
                0x423df29c                __gtdf2
                0x423df2c4                __ledf2
                0x423df328                __gedf2
                0x423df350                __ltdf2
                0x423df3b4                __unorddf2
 *fill*         0x423df3de        0x2 
 .text          0x423df3e0       0x4c /Users/gavin/Documents/ChatGPT/worklouder-sdk-knob-1/.toolchains/xtensa-esp-elf-13.2.0_20240530/bin/../lib/gcc/xtensa-esp-elf/13.2.0/esp32s3/libgcc.a(_fixdfsi.o)
                0x423df3e0                __fixdfsi
 .text          0x423df42c       0xa4 /Users/gavin/Documents/ChatGPT/worklouder-sdk-knob-1/.toolchains/xtensa-esp-elf-13.2.0_20240530/bin/../lib/gcc/xtensa-esp-elf/13.2.0/esp32s3/libgcc.a(_truncdfsf2.o)
                0x423df42c                __truncdfsf2
 .text          0x423df4d0       0x62 /Users/gavin/Documents/ChatGPT/worklouder-sdk-knob-1/.toolchains/xtensa-esp-elf-13.2.0_20240530/bin/../lib/gcc/xtensa-esp-elf/13.2.0/esp32s3/libgcc.a(_extendsfdf2.o)
                0x423df4d0                __extendsfdf2
 *fill*         0x423df532        0x2 
 .text          0x423df534      0x123 /Users/gavin/Documents/ChatGPT/worklouder-sdk-knob-1/.toolchains/xtensa-esp-elf-13.2.0_20240530/bin/../lib/gcc/xtensa-esp-elf/13.2.0/../../../../xtensa-esp-elf/lib/esp32s3/libc.a(libc_a-strcmp.o)
                0x423df534                strcmp
 *fill*         0x423df657        0x1 
 .text          0x423df658       0x63 /Users/gavin/Documents/ChatGPT/worklouder-sdk-knob-1/.toolchains/xtensa-esp-elf-13.2.0_20240530/bin/../lib/gcc/xtensa-esp-elf/13.2.0/../../../../xtensa-esp-elf/lib/esp32s3/libc.a(libc_a-strlen.o)
                0x423df658                strlen
 *fill*         0x423df6bb        0x1 
 .text.from_hex
                0x423df6bc       0x23 /var/folders/n9/hdh7883x683d2htsf466jfwr0000gn/T/framer-mqjs-module-loader-6rL6h1/module-0-runtime.o
 *fill*         0x423df6df        0x1 
 .text.get_special_prop
                0x423df6e0       0x23 /var/folders/n9/hdh7883x683d2htsf466jfwr0000gn/T/framer-mqjs-module-loader-6rL6h1/module-0-runtime.o
 *fill*         0x423df703        0x1 
 .text.dummy_write_func
                0x423df704        0x5 /var/folders/n9/hdh7883x683d2htsf466jfwr0000gn/T/framer-mqjs-module-loader-6rL6h1/module-0-runtime.o
 *fill*         0x423df709        0x3 
 .text.skip_spaces
                0x423df70c       0x1d /var/folders/n9/hdh7883x683d2htsf466jfwr0000gn/T/framer-mqjs-module-loader-6rL6h1/module-0-runtime.o
 *fill*         0x423df729        0x3 
 .text.js_reverse_val
                0x423df72c       0x27 /var/folders/n9/hdh7883x683d2htsf466jfwr0000gn/T/framer-mqjs-module-loader-6rL6h1/module-0-runtime.o
 *fill*         0x423df753        0x1 
 .text.is_ident_first
                0x423df754       0x2a /var/folders/n9/hdh7883x683d2htsf466jfwr0000gn/T/framer-mqjs-module-loader-6rL6h1/module-0-runtime.o
 *fill*         0x423df77e        0x0 
 *fill*         0x423df77e        0x2 
 .text.get_line_col
                0x423df780       0x31 /var/folders/n9/hdh7883x683d2htsf466jfwr0000gn/T/framer-mqjs-module-loader-6rL6h1/module-0-runtime.o
 *fill*         0x423df7b1        0x0 
 *fill*         0x423df7b1        0x0 
 *fill*         0x423df7b1        0x3 
 .text.get_prev_opcode
                0x423df7b4       0x17 /var/folders/n9/hdh7883x683d2htsf466jfwr0000gn/T/framer-mqjs-module-loader-6rL6h1/module-0-runtime.o
 *fill*         0x423df7cb        0x1 
 .text.find_var
                0x423df7cc       0x27 /var/folders/n9/hdh7883x683d2htsf466jfwr0000gn/T/framer-mqjs-module-loader-6rL6h1/module-0-runtime.o
 *fill*         0x423df7f3        0x1 
 .text.pop_break_entry
                0x423df7f4       0x1d /var/folders/n9/hdh7883x683d2htsf466jfwr0000gn/T/framer-mqjs-module-loader-6rL6h1/module-0-runtime.o
 *fill*         0x423df811        0x0 
 *fill*         0x423df811        0x0 
 *fill*         0x423df811        0x0 
 *fill*         0x423df811        0x3 
 .text.mtag_has_references
                0x423df814       0x11 /var/folders/n9/hdh7883x683d2htsf466jfwr0000gn/T/framer-mqjs-module-loader-6rL6h1/module-0-runtime.o
 *fill*         0x423df825        0x0 
 *fill*         0x423df825        0x3 
 .text.gc_thread_pointer
                0x423df828       0x1f /var/folders/n9/hdh7883x683d2htsf466jfwr0000gn/T/framer-mqjs-module-loader-6rL6h1/module-0-runtime.o
 *fill*         0x423df847        0x1 
 .text.js_string_set_length
                0x423df848        0x7 /var/folders/n9/hdh7883x683d2htsf466jfwr0000gn/T/framer-mqjs-module-loader-6rL6h1/module-0-runtime.o
                0x423df848                js_string_set_length
 *fill*         0x423df84f        0x1 
 .text.parse_digits
                0x423df850       0x55 /var/folders/n9/hdh7883x683d2htsf466jfwr0000gn/T/framer-mqjs-module-loader-6rL6h1/module-0-runtime.o
 *fill*         0x423df8a5        0x3 
 .text.range_sort_cmp
                0x423df8a8       0x4a /var/folders/n9/hdh7883x683d2htsf466jfwr0000gn/T/framer-mqjs-module-loader-6rL6h1/module-0-runtime.o
 *fill*         0x423df8f2        0x2 
 .text.range_sort_swap
                0x423df8f4       0xc5 /var/folders/n9/hdh7883x683d2htsf466jfwr0000gn/T/framer-mqjs-module-loader-6rL6h1/module-0-runtime.o
 *fill*         0x423df9b9        0x3 
 .text.range_compress
                0x423df9bc      0x102 /var/folders/n9/hdh7883x683d2htsf466jfwr0000gn/T/framer-mqjs-module-loader-6rL6h1/module-0-runtime.o
 *fill*         0x423dfabe        0x0 
 *fill*         0x423dfabe        0x2 
 .text.is_owner_thread
                0x423dfac0       0x18 /var/folders/n9/hdh7883x683d2htsf466jfwr0000gn/T/framer-mqjs-module-loader-6rL6h1/module-0-runtime.o
 .text.sample_memory
                0x423dfad8       0x3b /var/folders/n9/hdh7883x683d2htsf466jfwr0000gn/T/framer-mqjs-module-loader-6rL6h1/module-0-runtime.o
 *fill*         0x423dfb13        0x0 
 *fill*         0x423dfb13        0x0 
 *fill*         0x423dfb13        0x1 
 .text.find_handler
                0x423dfb14       0x3d /var/folders/n9/hdh7883x683d2htsf466jfwr0000gn/T/framer-mqjs-module-loader-6rL6h1/module-0-runtime.o
 *fill*         0x423dfb51        0x0 
 *fill*         0x423dfb51        0x0 
 *fill*         0x423dfb51        0x0 
 *fill*         0x423dfb51        0x0 
 *fill*         0x423dfb51        0x3 
 .text.finish_input_producer
                0x423dfb54       0x32 /var/folders/n9/hdh7883x683d2htsf466jfwr0000gn/T/framer-mqjs-module-loader-6rL6h1/module-0-runtime.o
 *fill*         0x423dfb86        0x2 
 .text.JS_IsFunctionObject$part$0
                0x423dfb88       0x1e /var/folders/n9/hdh7883x683d2htsf466jfwr0000gn/T/framer-mqjs-module-loader-6rL6h1/module-0-runtime.o
 *fill*         0x423dfba6        0x2 
 .text.rqsort_idx$part$0
                0x423dfba8       0xbb /var/folders/n9/hdh7883x683d2htsf466jfwr0000gn/T/framer-mqjs-module-loader-6rL6h1/module-0-runtime.o
 *fill*         0x423dfc63        0x0 
 *fill*         0x423dfc63        0x0 
 *fill*         0x423dfc63        0x0 
 *fill*         0x423dfc63        0x0 
 *fill*         0x423dfc63        0x0 
 *fill*         0x423dfc63        0x0 
 *fill*         0x423dfc63        0x0 
 *fill*         0x423dfc63        0x1 
 .text.JS_IsString$constprop$0
                0x423dfc64       0x2a /var/folders/n9/hdh7883x683d2htsf466jfwr0000gn/T/framer-mqjs-module-loader-6rL6h1/module-0-runtime.o
 *fill*         0x423dfc8e        0x0 
 *fill*         0x423dfc8e        0x0 
 *fill*         0x423dfc8e        0x0 
 *fill*         0x423dfc8e        0x0 
 *fill*         0x423dfc8e        0x2 
 .text.js_parse_pop_val$isra$0
                0x423dfc90       0x1a /var/folders/n9/hdh7883x683d2htsf466jfwr0000gn/T/framer-mqjs-module-loader-6rL6h1/module-0-runtime.o
 *fill*         0x423dfcaa        0x2 
 .text.find_ext_var$isra$0
                0x423dfcac       0x24 /var/folders/n9/hdh7883x683d2htsf466jfwr0000gn/T/framer-mqjs-module-loader-6rL6h1/module-0-runtime.o
 .text.js_eq_get_type$isra$0
                0x423dfcd0       0x3c /var/folders/n9/hdh7883x683d2htsf466jfwr0000gn/T/framer-mqjs-module-loader-6rL6h1/module-0-runtime.o
 .text.js_function_get_length_name1$isra$0
                0x423dfd0c       0x7c /var/folders/n9/hdh7883x683d2htsf466jfwr0000gn/T/framer-mqjs-module-loader-6rL6h1/module-0-runtime.o
 .text.find_own_property$isra$0
                0x423dfd88       0x3a /var/folders/n9/hdh7883x683d2htsf466jfwr0000gn/T/framer-mqjs-module-loader-6rL6h1/module-0-runtime.o
 *fill*         0x423dfdc2        0x0 
 *fill*         0x423dfdc2        0x0 
 *fill*         0x423dfdc2        0x0 
 *fill*         0x423dfdc2        0x2 
 .text.js_get_object_class$isra$0
                0x423dfdc4       0x2a /var/folders/n9/hdh7883x683d2htsf466jfwr0000gn/T/framer-mqjs-module-loader-6rL6h1/module-0-runtime.o
 *fill*         0x423dfdee        0x2 
 .text.JS_IsObject$isra$0
                0x423dfdf0       0x1e /var/folders/n9/hdh7883x683d2htsf466jfwr0000gn/T/framer-mqjs-module-loader-6rL6h1/module-0-runtime.o
 *fill*         0x423dfe0e        0x0 
 *fill*         0x423dfe0e        0x0 
 *fill*         0x423dfe0e        0x2 
 .text.emit_label
                0x423dfe10       0x66 /var/folders/n9/hdh7883x683d2htsf466jfwr0000gn/T/framer-mqjs-module-loader-6rL6h1/module-0-runtime.o
 *fill*         0x423dfe76        0x0 
 *fill*         0x423dfe76        0x0 
 *fill*         0x423dfe76        0x2 
 .text.JS_IsError
                0x423dfe78       0x1e /var/folders/n9/hdh7883x683d2htsf466jfwr0000gn/T/framer-mqjs-module-loader-6rL6h1/module-0-runtime.o
                0x423dfe78                JS_IsError
 *fill*         0x423dfe96        0x2 
 .text.JS_IsNumber
                0x423dfe98       0x1f /var/folders/n9/hdh7883x683d2htsf466jfwr0000gn/T/framer-mqjs-module-loader-6rL6h1/module-0-runtime.o
                0x423dfe98                JS_IsNumber
 *fill*         0x423dfeb7        0x0 
 *fill*         0x423dfeb7        0x0 
 *fill*         0x423dfeb7        0x0 
 *fill*         0x423dfeb7        0x0 
 *fill*         0x423dfeb7        0x0 
 *fill*         0x423dfeb7        0x0 
 *fill*         0x423dfeb7        0x0 
 *fill*         0x423dfeb7        0x0 
 *fill*         0x423dfeb7        0x0 
 *fill*         0x423dfeb7        0x0 
 *fill*         0x423dfeb7        0x0 
 *fill*         0x423dfeb7        0x0 
 *fill*         0x423dfeb7        0x0 
 *fill*         0x423dfeb7        0x0 
 *fill*         0x423dfeb7        0x0 
 *fill*         0x423dfeb7        0x0 
 *fill*         0x423dfeb7        0x0 
 *fill*         0x423dfeb7        0x0 
 *fill*         0x423dfeb7        0x0 
 *fill*         0x423dfeb7        0x0 
 *fill*         0x423dfeb7        0x0 
 *fill*         0x423dfeb7        0x0 
 *fill*         0x423dfeb7        0x0 
 *fill*         0x423dfeb7        0x0 
 *fill*         0x423dfeb7        0x0 
 *fill*         0x423dfeb7        0x0 
 *fill*         0x423dfeb7        0x0 
 *fill*         0x423dfeb7        0x0 
 *fill*         0x423dfeb7        0x0 
 *fill*         0x423dfeb7        0x0 
 *fill*         0x423dfeb7        0x0 
 *fill*         0x423dfeb7        0x0 
 *fill*         0x423dfeb7        0x0 
 *fill*         0x423dfeb7        0x0 
 *fill*         0x423dfeb7        0x0 
 *fill*         0x423dfeb7        0x0 
 *fill*         0x423dfeb7        0x0 
 *fill*         0x423dfeb7        0x0 
 *fill*         0x423dfeb7        0x0 
 *fill*         0x423dfeb7        0x0 
 *fill*         0x423dfeb7        0x0 
 *fill*         0x423dfeb7        0x0 
 *fill*         0x423dfeb7        0x0 
 *fill*         0x423dfeb7        0x0 
 *fill*         0x423dfeb7        0x0 
 *fill*         0x423dfeb7        0x0 
 *fill*         0x423dfeb7        0x0 
 *fill*         0x423dfeb7        0x0 
 *fill*         0x423dfeb7        0x0 
 *fill*         0x423dfeb7        0x0 
 *fill*         0x423dfeb7        0x0 
 *fill*         0x423dfeb7        0x0 
 *fill*         0x423dfeb7        0x0 
 *fill*         0x423dfeb7        0x0 
 *fill*         0x423dfeb7        0x0 
 *fill*         0x423dfeb7        0x0 
 *fill*         0x423dfeb7        0x0 
 *fill*         0x423dfeb7        0x0 
 *fill*         0x423dfeb7        0x0 
 *fill*         0x423dfeb7        0x0 
 *fill*         0x423dfeb7        0x0 
 *fill*         0x423dfeb7        0x0 
 *fill*         0x423dfeb7        0x0 
 *fill*         0x423dfeb7        0x0 
 *fill*         0x423dfeb7        0x0 
 *fill*         0x423dfeb7        0x0 
 *fill*         0x423dfeb7        0x0 
 *fill*         0x423dfeb7        0x0 
 *fill*         0x423dfeb7        0x0 
 *fill*         0x423dfeb7        0x0 
 *fill*         0x423dfeb7        0x0 
 *fill*         0x423dfeb7        0x0 
 *fill*         0x423dfeb7        0x0 
 *fill*         0x423dfeb7        0x0 
 *fill*         0x423dfeb7        0x0 
 *fill*         0x423dfeb7        0x0 
 *fill*         0x423dfeb7        0x0 
 *fill*         0x423dfeb7        0x0 
 *fill*         0x423dfeb7        0x0 
 *fill*         0x423dfeb7        0x0 
 *fill*         0x423dfeb7        0x0 
 *fill*         0x423dfeb7        0x0 
 *fill*         0x423dfeb7        0x0 
 *fill*         0x423dfeb7        0x0 
 *fill*         0x423dfeb7        0x0 
 *fill*         0x423dfeb7        0x0 
 *fill*         0x423dfeb7        0x0 
 *fill*         0x423dfeb7        0x0 
 *fill*         0x423dfeb7        0x0 
 *fill*         0x423dfeb7        0x0 
 *fill*         0x423dfeb7        0x0 
 *fill*         0x423dfeb7        0x0 
 *fill*         0x423dfeb7        0x0 
 *fill*         0x423dfeb7        0x0 
 *fill*         0x423dfeb7        0x0 
 *fill*         0x423dfeb7        0x0 
 *fill*         0x423dfeb7        0x0 
 *fill*         0x423dfeb7        0x0 
 *fill*         0x423dfeb7        0x0 
 *fill*         0x423dfeb7        0x0 
 *fill*         0x423dfeb7        0x0 
 *fill*         0x423dfeb7        0x0 
 *fill*         0x423dfeb7        0x0 
 *fill*         0x423dfeb7        0x0 
 *fill*         0x423dfeb7        0x0 
 *fill*         0x423dfeb7        0x0 
 *fill*         0x423dfeb7        0x0 
 *fill*         0x423dfeb7        0x0 
 *fill*         0x423dfeb7        0x0 
 *fill*         0x423dfeb7        0x0 
 *fill*         0x423dfeb7        0x0 
 *fill*         0x423dfeb7        0x0 
 *fill*         0x423dfeb7        0x0 
 *fill*         0x423dfeb7        0x0 
 *fill*         0x423dfeb7        0x0 
 *fill*         0x423dfeb7        0x0 
 *fill*         0x423dfeb7        0x0 
 *fill*         0x423dfeb7        0x0 
 *fill*         0x423dfeb7        0x0 
 *fill*         0x423dfeb7        0x0 
 *fill*         0x423dfeb7        0x0 
 *fill*         0x423dfeb7        0x0 
 *fill*         0x423dfeb7        0x0 
 *fill*         0x423dfeb7        0x0 
 *fill*         0x423dfeb7        0x0 
 *fill*         0x423dfeb7        0x0 
 *fill*         0x423dfeb7        0x0 
 *fill*         0x423dfeb7        0x0 
 *fill*         0x423dfeb7        0x0 
 *fill*         0x423dfeb7        0x0 
 *fill*         0x423dfeb7        0x0 
 *fill*         0x423dfeb7        0x0 
 *fill*         0x423dfeb7        0x0 
 *fill*         0x423dfeb7        0x0 
 *fill*         0x423dfeb7        0x0 
 *fill*         0x423dfeb7        0x1 
 .text.unlikely.abort
                0x423dfeb8        0x6 /var/folders/n9/hdh7883x683d2htsf466jfwr0000gn/T/framer-mqjs-module-loader-6rL6h1/module-0-adapter.o
                0x423dfeb8                abort
 *fill*         0x423dfebe        0x2 
 .text.mpb_renorm
                0x423dfec0       0x1a /var/folders/n9/hdh7883x683d2htsf466jfwr0000gn/T/framer-mqjs-module-loader-6rL6h1/module-0-dtoa.o
 *fill*         0x423dfeda        0x0 
 *fill*         0x423dfeda        0x2 
 .text.to_digit
                0x423dfedc       0x26 /var/folders/n9/hdh7883x683d2htsf466jfwr0000gn/T/framer-mqjs-module-loader-6rL6h1/module-0-dtoa.o
 *fill*         0x423dff02        0x0 
 *fill*         0x423dff02        0x2 
 .text.mp_div1norm$constprop$0
                0x423dff04       0x98 /var/folders/n9/hdh7883x683d2htsf466jfwr0000gn/T/framer-mqjs-module-loader-6rL6h1/module-0-dtoa.o
 *fill*         0x423dff9c        0x0 
 *fill*         0x423dff9c        0x0 
 *fill*         0x423dff9c        0x0 
 *fill*         0x423dff9c        0x0 
 *fill*         0x423dff9c        0x0 
 *fill*         0x423dff9c        0x0 
 *fill*         0x423dff9c        0x0 
 *fill*         0x423dff9c        0x0 
 *fill*         0x423dff9c        0x0 
 *fill*         0x423dff9c        0x0 
 *fill*         0x423dff9c        0x0 
 *fill*         0x423dff9c        0x0 
 *fill*         0x423dff9c        0x0 
 *fill*         0x423dff9c        0x0 
 *fill*         0x423dff9c        0x0 
 *fill*         0x423dff9c        0x0 
 *fill*         0x423dff9c        0x0 
 *fill*         0x423dff9c        0x0 
 *fill*         0x423dff9c        0x0 
 .text.strstart
                0x423dff9c       0x29 /var/folders/n9/hdh7883x683d2htsf466jfwr0000gn/T/framer-mqjs-module-loader-6rL6h1/module-0-cutils.o
                0x423dff9c                strstart
 *fill*         0x423dffc5        0x3 
 .text.__unicode_to_utf8
                0x423dffc8       0x78 /var/folders/n9/hdh7883x683d2htsf466jfwr0000gn/T/framer-mqjs-module-loader-6rL6h1/module-0-cutils.o
                0x423dffc8                __unicode_to_utf8
 .text.__unicode_from_utf8
                0x423e0040      0x112 /var/folders/n9/hdh7883x683d2htsf466jfwr0000gn/T/framer-mqjs-module-loader-6rL6h1/module-0-cutils.o
                0x423e0040                __unicode_from_utf8
 *fill*         0x423e0152        0x2 
 .text.__utf8_get
                0x423e0154       0x94 /var/folders/n9/hdh7883x683d2htsf466jfwr0000gn/T/framer-mqjs-module-loader-6rL6h1/module-0-cutils.o
                0x423e0154                __utf8_get
 .text          0x423e01e8       0x18 /Users/gavin/Documents/ChatGPT/worklouder-sdk-knob-1/.toolchains/xtensa-esp-elf-13.2.0_20240530/bin/../lib/gcc/xtensa-esp-elf/13.2.0/esp32s3/libgcc.a(_ashldi3.o)
                0x423e01e8                __ashldi3
 .text          0x423e0200       0x18 /Users/gavin/Documents/ChatGPT/worklouder-sdk-knob-1/.toolchains/xtensa-esp-elf-13.2.0_20240530/bin/../lib/gcc/xtensa-esp-elf/13.2.0/esp32s3/libgcc.a(_lshrdi3.o)
                0x423e0200                __lshrdi3
 .text          0x423e0218       0x14 /Users/gavin/Documents/ChatGPT/worklouder-sdk-knob-1/.toolchains/xtensa-esp-elf-13.2.0_20240530/bin/../lib/gcc/xtensa-esp-elf/13.2.0/esp32s3/libgcc.a(_bswapsi2.o)
                0x423e0218                __bswapsi2
 *fill*         0x423e022c        0x0 
 *fill*         0x423e022c        0x0 
 *fill*         0x423e022c        0x0 
 *fill*         0x423e022c        0x0 
 .text          0x423e022c       0x3d /Users/gavin/Documents/ChatGPT/worklouder-sdk-knob-1/.toolchains/xtensa-esp-elf-13.2.0_20240530/bin/../lib/gcc/xtensa-esp-elf/13.2.0/esp32s3/libgcc.a(_floatsidf.o)
                0x423e022c                __floatunsidf
                0x423e0238                __floatsidf
 *fill*         0x423e0269        0x3 
 .text          0x423e026c       0x81 /Users/gavin/Documents/ChatGPT/worklouder-sdk-knob-1/.toolchains/xtensa-esp-elf-13.2.0_20240530/bin/../lib/gcc/xtensa-esp-elf/13.2.0/esp32s3/libgcc.a(_floatdidf.o)
                0x423e026c                __floatundidf
                0x423e027c                __floatdidf
 *fill*         0x423e02ed        0x0 
 *fill*         0x423e02ed        0x3 
 .text          0x423e02f0      0x20c /Users/gavin/Documents/ChatGPT/worklouder-sdk-knob-1/.toolchains/xtensa-esp-elf-13.2.0_20240530/bin/../lib/gcc/xtensa-esp-elf/13.2.0/esp32s3/libgcc.a(_udivdi3.o)
                0x423e02f0                __udivdi3
 .text          0x423e04fc      0x21b /Users/gavin/Documents/ChatGPT/worklouder-sdk-knob-1/.toolchains/xtensa-esp-elf-13.2.0_20240530/bin/../lib/gcc/xtensa-esp-elf/13.2.0/esp32s3/libgcc.a(_umoddi3.o)
                0x423e04fc                __umoddi3
 *fill*         0x423e0717        0x1 
 .text          0x423e0718       0x4f /Users/gavin/Documents/ChatGPT/worklouder-sdk-knob-1/.toolchains/xtensa-esp-elf-13.2.0_20240530/bin/../lib/gcc/xtensa-esp-elf/13.2.0/../../../../xtensa-esp-elf/lib/esp32s3/libc.a(libc_a-memcmp.o)
                0x423e0718                memcmp
 *fill*         0x423e0767        0x1 
 .text          0x423e0768       0x41 /Users/gavin/Documents/ChatGPT/worklouder-sdk-knob-1/.toolchains/xtensa-esp-elf-13.2.0_20240530/bin/../lib/gcc/xtensa-esp-elf/13.2.0/../../../../xtensa-esp-elf/lib/esp32s3/libc.a(libc_a-memmove.o)
                0x423e0768                memmove
 *fill*         0x423e07a9        0x3 
 .text          0x423e07ac       0x3a /Users/gavin/Documents/ChatGPT/worklouder-sdk-knob-1/.toolchains/xtensa-esp-elf-13.2.0_20240530/bin/../lib/gcc/xtensa-esp-elf/13.2.0/../../../../xtensa-esp-elf/lib/esp32s3/libc.a(libc_a-strncmp.o)
                0x423e07ac                strncmp
 *fill*         0x423e07e6        0x2 
 .text          0x423e07e8      0x135 /Users/gavin/Documents/ChatGPT/worklouder-sdk-knob-1/.toolchains/xtensa-esp-elf-13.2.0_20240530/bin/../lib/gcc/xtensa-esp-elf/13.2.0/../../../../xtensa-esp-elf/lib/esp32s3/libc.a(libc_a-memcpy.o)
                0x423e0828                memcpy
 *fill*         0x423e091d        0x3 
 .text          0x423e0920       0x74 /Users/gavin/Documents/ChatGPT/worklouder-sdk-knob-1/.toolchains/xtensa-esp-elf-13.2.0_20240530/bin/../lib/gcc/xtensa-esp-elf/13.2.0/../../../../xtensa-esp-elf/lib/esp32s3/libc.a(libc_a-memset.o)
                0x423e0948                memset
 .text          0x423e0994       0xd8 /Users/gavin/Documents/ChatGPT/worklouder-sdk-knob-1/.toolchains/xtensa-esp-elf-13.2.0_20240530/bin/../lib/gcc/xtensa-esp-elf/13.2.0/../../../../xtensa-esp-elf/lib/esp32s3/libc.a(libc_a-setjmp.o)
                0x423e0994                setjmp
                0x423e09f8                longjmp
 *fill*         0x423e0a6c        0x0 

.rodata         0x3c3f0000     0x2a18
 *(.rodata.framer_mqjs_descriptor)
 .rodata.framer_mqjs_descriptor
                0x3c3f0000       0x74 /var/folders/n9/hdh7883x683d2htsf466jfwr0000gn/T/framer-mqjs-module-loader-6rL6h1/module-0-adapter.o
                0x3c3f0000                framer_mqjs_module
 *(.rodata .rodata.* .srodata .srodata.* .gnu.linkonce.r.*)
 .rodata.js_parse_escape
                0x3c3f0074       0x5c /var/folders/n9/hdh7883x683d2htsf466jfwr0000gn/T/framer-mqjs-module-loader-6rL6h1/module-0-runtime.o
 .rodata.get_mblock_size
                0x3c3f00d0       0x20 /var/folders/n9/hdh7883x683d2htsf466jfwr0000gn/T/framer-mqjs-module-loader-6rL6h1/module-0-runtime.o
 .rodata.gc_mark_flush
                0x3c3f00f0       0x44 /var/folders/n9/hdh7883x683d2htsf466jfwr0000gn/T/framer-mqjs-module-loader-6rL6h1/module-0-runtime.o
 .rodata.js_parse_regexp_flags
                0x3c3f0134       0x3c /var/folders/n9/hdh7883x683d2htsf466jfwr0000gn/T/framer-mqjs-module-loader-6rL6h1/module-0-runtime.o