Archive member included to satisfy reference by file (symbol)

/Users/gavin/Documents/ChatGPT/worklouder-sdk-knob-1/.toolchains/xtensa-esp-elf-13.2.0_20240530/bin/../lib/gcc/xtensa-esp-elf/13.2.0/../../../../xtensa-esp-elf/lib/esp32s3/libm.a(libm_a-s_fabs.o)
                              /Users/gavin/Documents/ChatGPT/worklouder-sdk-knob-1/experiments/mquickjs-esp32s3-physical-canary/build-diag-module-weather2/build/runtime.o (fabs)
/Users/gavin/Documents/ChatGPT/worklouder-sdk-knob-1/.toolchains/xtensa-esp-elf-13.2.0_20240530/bin/../lib/gcc/xtensa-esp-elf/13.2.0/../../../../xtensa-esp-elf/lib/esp32s3/libm.a(libm_a-s_copysign.o)
                              /Users/gavin/Documents/ChatGPT/worklouder-sdk-knob-1/experiments/mquickjs-esp32s3-physical-canary/build-diag-module-weather2/build/libm.o (copysign)
/Users/gavin/Documents/ChatGPT/worklouder-sdk-knob-1/.toolchains/xtensa-esp-elf-13.2.0_20240530/bin/../lib/gcc/xtensa-esp-elf/13.2.0/esp32s3/libgcc.a(_ashldi3.o)
                              /Users/gavin/Documents/ChatGPT/worklouder-sdk-knob-1/experiments/mquickjs-esp32s3-physical-canary/build-diag-module-weather2/build/runtime.o (__ashldi3)
/Users/gavin/Documents/ChatGPT/worklouder-sdk-knob-1/.toolchains/xtensa-esp-elf-13.2.0_20240530/bin/../lib/gcc/xtensa-esp-elf/13.2.0/esp32s3/libgcc.a(_lshrdi3.o)
                              /Users/gavin/Documents/ChatGPT/worklouder-sdk-knob-1/experiments/mquickjs-esp32s3-physical-canary/build-diag-module-weather2/build/runtime.o (__lshrdi3)
/Users/gavin/Documents/ChatGPT/worklouder-sdk-knob-1/.toolchains/xtensa-esp-elf-13.2.0_20240530/bin/../lib/gcc/xtensa-esp-elf/13.2.0/esp32s3/libgcc.a(_bswapsi2.o)
                              /Users/gavin/Documents/ChatGPT/worklouder-sdk-knob-1/experiments/mquickjs-esp32s3-physical-canary/build-diag-module-weather2/build/runtime.o (__bswapsi2)
/Users/gavin/Documents/ChatGPT/worklouder-sdk-knob-1/.toolchains/xtensa-esp-elf-13.2.0_20240530/bin/../lib/gcc/xtensa-esp-elf/13.2.0/esp32s3/libgcc.a(_addsubdf3.o)
                              /Users/gavin/Documents/ChatGPT/worklouder-sdk-knob-1/experiments/mquickjs-esp32s3-physical-canary/build-diag-module-weather2/build/runtime.o (__adddf3)
/Users/gavin/Documents/ChatGPT/worklouder-sdk-knob-1/.toolchains/xtensa-esp-elf-13.2.0_20240530/bin/../lib/gcc/xtensa-esp-elf/13.2.0/esp32s3/libgcc.a(_muldf3.o)
                              /Users/gavin/Documents/ChatGPT/worklouder-sdk-knob-1/experiments/mquickjs-esp32s3-physical-canary/build-diag-module-weather2/build/runtime.o (__muldf3)
/Users/gavin/Documents/ChatGPT/worklouder-sdk-knob-1/.toolchains/xtensa-esp-elf-13.2.0_20240530/bin/../lib/gcc/xtensa-esp-elf/13.2.0/esp32s3/libgcc.a(_divdf3.o)
                              /Users/gavin/Documents/ChatGPT/worklouder-sdk-knob-1/experiments/mquickjs-esp32s3-physical-canary/build-diag-module-weather2/build/runtime.o (__divdf3)
/Users/gavin/Documents/ChatGPT/worklouder-sdk-knob-1/.toolchains/xtensa-esp-elf-13.2.0_20240530/bin/../lib/gcc/xtensa-esp-elf/13.2.0/esp32s3/libgcc.a(_cmpdf2.o)
                              /Users/gavin/Documents/ChatGPT/worklouder-sdk-knob-1/experiments/mquickjs-esp32s3-physical-canary/build-diag-module-weather2/build/runtime.o (__eqdf2)
/Users/gavin/Documents/ChatGPT/worklouder-sdk-knob-1/.toolchains/xtensa-esp-elf-13.2.0_20240530/bin/../lib/gcc/xtensa-esp-elf/13.2.0/esp32s3/libgcc.a(_fixdfsi.o)
                              /Users/gavin/Documents/ChatGPT/worklouder-sdk-knob-1/experiments/mquickjs-esp32s3-physical-canary/build-diag-module-weather2/build/runtime.o (__fixdfsi)
/Users/gavin/Documents/ChatGPT/worklouder-sdk-knob-1/.toolchains/xtensa-esp-elf-13.2.0_20240530/bin/../lib/gcc/xtensa-esp-elf/13.2.0/esp32s3/libgcc.a(_floatsidf.o)
                              /Users/gavin/Documents/ChatGPT/worklouder-sdk-knob-1/experiments/mquickjs-esp32s3-physical-canary/build-diag-module-weather2/build/runtime.o (__floatunsidf)
/Users/gavin/Documents/ChatGPT/worklouder-sdk-knob-1/.toolchains/xtensa-esp-elf-13.2.0_20240530/bin/../lib/gcc/xtensa-esp-elf/13.2.0/esp32s3/libgcc.a(_floatdidf.o)
                              /Users/gavin/Documents/ChatGPT/worklouder-sdk-knob-1/experiments/mquickjs-esp32s3-physical-canary/build-diag-module-weather2/build/runtime.o (__floatdidf)
/Users/gavin/Documents/ChatGPT/worklouder-sdk-knob-1/.toolchains/xtensa-esp-elf-13.2.0_20240530/bin/../lib/gcc/xtensa-esp-elf/13.2.0/esp32s3/libgcc.a(_truncdfsf2.o)
                              /Users/gavin/Documents/ChatGPT/worklouder-sdk-knob-1/experiments/mquickjs-esp32s3-physical-canary/build-diag-module-weather2/build/runtime.o (__truncdfsf2)
/Users/gavin/Documents/ChatGPT/worklouder-sdk-knob-1/.toolchains/xtensa-esp-elf-13.2.0_20240530/bin/../lib/gcc/xtensa-esp-elf/13.2.0/esp32s3/libgcc.a(_extendsfdf2.o)
                              /Users/gavin/Documents/ChatGPT/worklouder-sdk-knob-1/experiments/mquickjs-esp32s3-physical-canary/build-diag-module-weather2/build/runtime.o (__extendsfdf2)
[...]
Memory Configuration

Name             Origin             Length             Attributes
*default*        0x00000000         0xffffffff

Linker script and memory map


.text           0x423d0000    0x168d0
 *(.literal .literal.*)
 .literal.physical_rpc
                0x423d0000        0x4 /Users/gavin/Documents/ChatGPT/worklouder-sdk-knob-1/experiments/mquickjs-esp32s3-physical-canary/build-diag-module-weather2/build/rpc-shims.o
 .literal       0x423d0004        0x8 /Users/gavin/Documents/ChatGPT/worklouder-sdk-knob-1/.toolchains/xtensa-esp-elf-13.2.0_20240530/bin/../lib/gcc/xtensa-esp-elf/13.2.0/esp32s3/libgcc.a(_addsubdf3.o)
                                 0x10 (size before relaxing)
 .literal       0x423d000c        0x4 /Users/gavin/Documents/ChatGPT/worklouder-sdk-knob-1/.toolchains/xtensa-esp-elf-13.2.0_20240530/bin/../lib/gcc/xtensa-esp-elf/13.2.0/esp32s3/libgcc.a(_muldf3.o)
                                  0xc (size before relaxing)
 .literal       0x423d0010        0x0 /Users/gavin/Documents/ChatGPT/worklouder-sdk-knob-1/.toolchains/xtensa-esp-elf-13.2.0_20240530/bin/../lib/gcc/xtensa-esp-elf/13.2.0/esp32s3/libgcc.a(_divdf3.o)
                                 0x10 (size before relaxing)
 .literal       0x423d0010        0x0 /Users/gavin/Documents/ChatGPT/worklouder-sdk-knob-1/.toolchains/xtensa-esp-elf-13.2.0_20240530/bin/../lib/gcc/xtensa-esp-elf/13.2.0/esp32s3/libgcc.a(_cmpdf2.o)
                                 0x18 (size before relaxing)
 .literal       0x423d0010        0x0 /Users/gavin/Documents/ChatGPT/worklouder-sdk-knob-1/.toolchains/xtensa-esp-elf-13.2.0_20240530/bin/../lib/gcc/xtensa-esp-elf/13.2.0/esp32s3/libgcc.a(_fixdfsi.o)
                                  0x4 (size before relaxing)
 .literal       0x423d0010        0x4 /Users/gavin/Documents/ChatGPT/worklouder-sdk-knob-1/.toolchains/xtensa-esp-elf-13.2.0_20240530/bin/../lib/gcc/xtensa-esp-elf/13.2.0/esp32s3/libgcc.a(_truncdfsf2.o)
                                  0x8 (size before relaxing)
 .literal       0x423d0014        0x0 /Users/gavin/Documents/ChatGPT/worklouder-sdk-knob-1/.toolchains/xtensa-esp-elf-13.2.0_20240530/bin/../lib/gcc/xtensa-esp-elf/13.2.0/esp32s3/libgcc.a(_extendsfdf2.o)
                                  0x8 (size before relaxing)
 .literal       0x423d0014       0x14 /Users/gavin/Documents/ChatGPT/worklouder-sdk-knob-1/.toolchains/xtensa-esp-elf-13.2.0_20240530/bin/../lib/gcc/xtensa-esp-elf/13.2.0/../../../../xtensa-esp-elf/lib/esp32s3/libc.a(libc_a-strcmp.o)
                                 0x1c (size before relaxing)
 .literal       0x423d0028        0x0 /Users/gavin/Documents/ChatGPT/worklouder-sdk-knob-1/.toolchains/xtensa-esp-elf-13.2.0_20240530/bin/../lib/gcc/xtensa-esp-elf/13.2.0/../../../../xtensa-esp-elf/lib/esp32s3/libc.a(libc_a-strlen.o)
                                  0xc (size before relaxing)
 *(.text .text.*)
 .text.bswap32  0x423d0028        0xc /Users/gavin/Documents/ChatGPT/worklouder-sdk-knob-1/experiments/mquickjs-esp32s3-physical-canary/build-diag-module-weather2/build/runtime.o
                                 0x14 (size before relaxing)
 .text.is_ident_next
                0x423d0034       0x1a /Users/gavin/Documents/ChatGPT/worklouder-sdk-knob-1/experiments/mquickjs-esp32s3-physical-canary/build-diag-module-weather2/build/runtime.o
                                 0x22 (size before relaxing)
 *fill*         0x423d004e        0x2 
 .text.is_regexp_allowed
                0x423d0050       0x72 /Users/gavin/Documents/ChatGPT/worklouder-sdk-knob-1/experiments/mquickjs-esp32s3-physical-canary/build-diag-module-weather2/build/runtime.o
 *fill*         0x423d00c2        0x2 
 .text.js_parse_escape
                0x423d00c4      0x11a /Users/gavin/Documents/ChatGPT/worklouder-sdk-knob-1/experiments/mquickjs-esp32s3-physical-canary/build-diag-module-weather2/build/runtime.o
                                0x12e (size before relaxing)
 *fill*         0x423d01de        0x2 
 .text.get_mblock_size
                0x423d01e0       0x64 /Users/gavin/Documents/ChatGPT/worklouder-sdk-knob-1/experiments/mquickjs-esp32s3-physical-canary/build-diag-module-weather2/build/runtime.o
 .text.js_free  0x423d0244       0x18 /Users/gavin/Documents/ChatGPT/worklouder-sdk-knob-1/experiments/mquickjs-esp32s3-physical-canary/build-diag-module-weather2/build/runtime.o
                                 0x1c (size before relaxing)
 .text.js_shrink
                0x423d025c       0x36 /Users/gavin/Documents/ChatGPT/worklouder-sdk-knob-1/experiments/mquickjs-esp32s3-physical-canary/build-diag-module-weather2/build/runtime.o
                                 0x42 (size before relaxing)
 *fill*         0x423d0292        0x2 
 .text.js_shrink_byte_array
                0x423d0294       0x33 /Users/gavin/Documents/ChatGPT/worklouder-sdk-knob-1/experiments/mquickjs-esp32s3-physical-canary/build-diag-module-weather2/build/runtime.o
                                 0x3b (size before relaxing)
 *fill*         0x423d02c7        0x1 
 .text.js_shrink_value_array
                0x423d02c8       0x32 /Users/gavin/Documents/ChatGPT/worklouder-sdk-knob-1/experiments/mquickjs-esp32s3-physical-canary/build-diag-module-weather2/build/runtime.o
                                 0x3e (size before relaxing)
 *fill*         0x423d02fa        0x2 
 .text.gc_mark  0x423d02fc       0x5c /Users/gavin/Documents/ChatGPT/worklouder-sdk-knob-1/experiments/mquickjs-esp32s3-physical-canary/build-diag-module-weather2/build/runtime.o
                                 0x60 (size before relaxing)
 .text.gc_mark_flush
                0x423d0358      0x140 /Users/gavin/Documents/ChatGPT/worklouder-sdk-knob-1/experiments/mquickjs-esp32s3-physical-canary/build-diag-module-weather2/build/runtime.o
                                0x188 (size before relaxing)
 .text.gc_mark_root
                0x423d0498       0x13 /Users/gavin/Documents/ChatGPT/worklouder-sdk-knob-1/experiments/mquickjs-esp32s3-physical-canary/build-diag-module-weather2/build/runtime.o
                                 0x1f (size before relaxing)
 *fill*         0x423d04ab        0x1 
 .text.js_parse_regexp_flags
                0x423d04ac       0x69 /Users/gavin/Documents/ChatGPT/worklouder-sdk-knob-1/experiments/mquickjs-esp32s3-physical-canary/build-diag-module-weather2/build/runtime.o
 *fill*         0x423d0515        0x3 
 .text.interrupt_handler
                0x423d0518       0x51 /Users/gavin/Documents/ChatGPT/worklouder-sdk-knob-1/experiments/mquickjs-esp32s3-physical-canary/build-diag-module-weather2/build/runtime.o
                                 0x55 (size before relaxing)
 *fill*         0x423d0569        0x3 
 .text.begin_deadline
                0x423d056c       0x4f /Users/gavin/Documents/ChatGPT/worklouder-sdk-knob-1/experiments/mquickjs-esp32s3-physical-canary/build-diag-module-weather2/build/runtime.o
 *fill*         0x423d05bb        0x1 
 .text.snprintf_write_func
                0x423d05bc       0x28 /Users/gavin/Documents/ChatGPT/worklouder-sdk-knob-1/experiments/mquickjs-esp32s3-physical-canary/build-diag-module-weather2/build/runtime.o
                                 0x2c (size before relaxing)
 .text.unicode_to_utf8
                0x423d05e4       0x1c /Users/gavin/Documents/ChatGPT/worklouder-sdk-knob-1/experiments/mquickjs-esp32s3-physical-canary/build-diag-module-weather2/build/runtime.o
                                 0x23 (size before relaxing)
 *fill*         0x423d0600        0x0 
 .text.get_short_string
                0x423d0600       0x1b /Users/gavin/Documents/ChatGPT/worklouder-sdk-knob-1/experiments/mquickjs-esp32s3-physical-canary/build-diag-module-weather2/build/runtime.o
                                 0x1f (size before relaxing)
 *fill*         0x423d061b        0x1 
 .text.emit_input_event
                0x423d061c       0xa8 /Users/gavin/Documents/ChatGPT/worklouder-sdk-knob-1/experiments/mquickjs-esp32s3-physical-canary/build-diag-module-weather2/build/runtime.o
                                 0xb4 (size before relaxing)
 .text.reconcile_chord
                0x423d06c4       0x88 /Users/gavin/Documents/ChatGPT/worklouder-sdk-knob-1/experiments/mquickjs-esp32s3-physical-canary/build-diag-module-weather2/build/runtime.o
                                 0x94 (size before relaxing)
 .text.advance_input_to
                0x423d074c      0x219 /Users/gavin/Documents/ChatGPT/worklouder-sdk-knob-1/experiments/mquickjs-esp32s3-physical-canary/build-diag-module-weather2/build/runtime.o
                                0x22d (size before relaxing)
 *fill*         0x423d0965        0x3 
 .text.string_get_cp
                0x423d0968       0x2c /Users/gavin/Documents/ChatGPT/worklouder-sdk-knob-1/experiments/mquickjs-esp32s3-physical-canary/build-diag-module-weather2/build/runtime.o
                                 0x30 (size before relaxing)
 .text.js_byte_array_to_string
                0x423d0994       0x90 /Users/gavin/Documents/ChatGPT/worklouder-sdk-knob-1/experiments/mquickjs-esp32s3-physical-canary/build-diag-module-weather2/build/runtime.o
                                 0x9c (size before relaxing)
 .text.event_from_name
                0x423d0a24      0x14f /Users/gavin/Documents/ChatGPT/worklouder-sdk-knob-1/experiments/mquickjs-esp32s3-physical-canary/build-diag-module-weather2/build/runtime.o
                                0x18f (size before relaxing)
 *fill*         0x423d0b73        0x1 
 .text.diag_error_append
                0x423d0b74       0x16 /Users/gavin/Documents/ChatGPT/worklouder-sdk-knob-1/experiments/mquickjs-esp32s3-physical-canary/build-diag-module-weather2/build/runtime.o
                                 0x1e (size before relaxing)
 *fill*         0x423d0b8a        0x2 
 .text.pad      0x423d0b8c       0x2e /Users/gavin/Documents/ChatGPT/worklouder-sdk-knob-1/experiments/mquickjs-esp32s3-physical-canary/build-diag-module-weather2/build/runtime.o
                                 0x36 (size before relaxing)
 *fill*         0x423d0bba        0x2 
 .text.js_vprintf
                0x423d0bbc      0x448 /Users/gavin/Documents/ChatGPT/worklouder-sdk-knob-1/experiments/mquickjs-esp32s3-physical-canary/build-diag-module-weather2/build/runtime.o
                                0x490 (size before relaxing)
 .text.js_vsnprintf
                0x423d1004       0x34 /Users/gavin/Documents/ChatGPT/worklouder-sdk-knob-1/experiments/mquickjs-esp32s3-physical-canary/build-diag-module-weather2/build/runtime.o
                                 0x3c (size before relaxing)
 .text.cprintf  0x423d1038       0x37 /Users/gavin/Documents/ChatGPT/worklouder-sdk-knob-1/experiments/mquickjs-esp32s3-physical-canary/build-diag-module-weather2/build/runtime.o
                                 0x43 (size before relaxing)
 *fill*         0x423d106f        0x1 
 .text.js_snprintf
                0x423d1070       0x29 /Users/gavin/Documents/ChatGPT/worklouder-sdk-knob-1/experiments/mquickjs-esp32s3-physical-canary/build-diag-module-weather2/build/runtime.o
                                 0x2d (size before relaxing)
 *fill*         0x423d1099        0x3 
 .text.js_parse_error
                0x423d109c       0x31 /Users/gavin/Documents/ChatGPT/worklouder-sdk-knob-1/experiments/mquickjs-esp32s3-physical-canary/build-diag-module-weather2/build/runtime.o
                                 0x3d (size before relaxing)
 *fill*         0x423d10cd        0x3 
 .text.js_parse_error_mem
                0x423d10d0        0xf /Users/gavin/Documents/ChatGPT/worklouder-sdk-knob-1/experiments/mquickjs-esp32s3-physical-canary/build-diag-module-weather2/build/runtime.o
                                 0x16 (size before relaxing)
 *fill*         0x423d10df        0x1 
 .text.re_parse_expect
                0x423d10e0       0x26 /Users/gavin/Documents/ChatGPT/worklouder-sdk-knob-1/experiments/mquickjs-esp32s3-physical-canary/build-diag-module-weather2/build/runtime.o
                                 0x2a (size before relaxing)
 *fill*         0x423d1106        0x2 
 .text.js_parse_expect1
                0x423d1108       0x17 /Users/gavin/Documents/ChatGPT/worklouder-sdk-knob-1/experiments/mquickjs-esp32s3-physical-canary/build-diag-module-weather2/build/runtime.o
                                 0x1f (size before relaxing)
 *fill*         0x423d111f        0x1 
 .text.string_buffer_pop
                0x423d1120       0x32 /Users/gavin/Documents/ChatGPT/worklouder-sdk-knob-1/experiments/mquickjs-esp32s3-physical-canary/build-diag-module-weather2/build/runtime.o
                                 0x3e (size before relaxing)
 *fill*         0x423d1152        0x2 
 .text.JS_IsFunction$constprop$0
                0x423d1154       0x23 /Users/gavin/Documents/ChatGPT/worklouder-sdk-knob-1/experiments/mquickjs-esp32s3-physical-canary/build-diag-module-weather2/build/runtime.o
                                 0x2a (size before relaxing)
 *fill*         0x423d1177        0x1 
 .text.unicode_from_utf8$constprop$0
                0x423d1178       0x24 /Users/gavin/Documents/ChatGPT/worklouder-sdk-knob-1/experiments/mquickjs-esp32s3-physical-canary/build-diag-module-weather2/build/runtime.o
                                 0x28 (size before relaxing)
 .text.get_class_atom
                0x423d119c      0x181 /Users/gavin/Documents/ChatGPT/worklouder-sdk-knob-1/experiments/mquickjs-esp32s3-physical-canary/build-diag-module-weather2/build/runtime.o
                                0x191 (size before relaxing)
 *fill*         0x423d131d        0x3 
 .text.may_drop_result
                0x423d1320       0x2a /Users/gavin/Documents/ChatGPT/worklouder-sdk-knob-1/experiments/mquickjs-esp32s3-physical-canary/build-diag-module-weather2/build/runtime.o
 *fill*         0x423d134a        0x2 
 .text.JS_HasProperty$isra$0
                0x423d134c       0x36 /Users/gavin/Documents/ChatGPT/worklouder-sdk-knob-1/experiments/mquickjs-esp32s3-physical-canary/build-diag-module-weather2/build/runtime.o
                                 0x3a (size before relaxing)
 *fill*         0x423d1382        0x2 
 .text.JS_ToBool$isra$0
                0x423d1384       0x90 /Users/gavin/Documents/ChatGPT/worklouder-sdk-knob-1/experiments/mquickjs-esp32s3-physical-canary/build-diag-module-weather2/build/runtime.o
                                 0x9c (size before relaxing)
 .text.get_string_ptr$isra$0
                0x423d1414       0x4a /Users/gavin/Documents/ChatGPT/worklouder-sdk-knob-1/experiments/mquickjs-esp32s3-physical-canary/build-diag-module-weather2/build/runtime.o
                                 0x4e (size before relaxing)
 *fill*         0x423d145e        0x2 
 .text.js_string_compare$isra$0
                0x423d1460       0xb6 /Users/gavin/Documents/ChatGPT/worklouder-sdk-knob-1/experiments/mquickjs-esp32s3-physical-canary/build-diag-module-weather2/build/runtime.o
                                 0xce (size before relaxing)
 *fill*         0x423d1516        0x2 
 .text.find_atom$isra$0
                0x423d1518       0x3c /Users/gavin/Documents/ChatGPT/worklouder-sdk-knob-1/experiments/mquickjs-esp32s3-physical-canary/build-diag-module-weather2/build/runtime.o
                                 0x40 (size before relaxing)
 .text.get_ugolomb
                0x423d1554       0xca /Users/gavin/Documents/ChatGPT/worklouder-sdk-knob-1/experiments/mquickjs-esp32s3-physical-canary/build-diag-module-weather2/build/runtime.o
                                 0xce (size before relaxing)
 *fill*         0x423d161e        0x2 
 .text.js_string_convert_pos
                0x423d1620      0x1e3 /Users/gavin/Documents/ChatGPT/worklouder-sdk-knob-1/experiments/mquickjs-esp32s3-physical-canary/build-diag-module-weather2/build/runtime.o
                                0x1e7 (size before relaxing)
 *fill*         0x423d1803        0x1 
 .text.js_string_len
                0x423d1804       0x3a /Users/gavin/Documents/ChatGPT/worklouder-sdk-knob-1/experiments/mquickjs-esp32s3-physical-canary/build-diag-module-weather2/build/runtime.o
                                 0x3e (size before relaxing)
 *fill*         0x423d183e        0x2 
 .text.string_getcp
                0x423d1840       0x74 /Users/gavin/Documents/ChatGPT/worklouder-sdk-knob-1/experiments/mquickjs-esp32s3-physical-canary/build-diag-module-weather2/build/runtime.o
                                 0x84 (size before relaxing)
 .text.gc_compact_heap
                0x423d18b4      0x273 /Users/gavin/Documents/ChatGPT/worklouder-sdk-knob-1/experiments/mquickjs-esp32s3-physical-canary/build-diag-module-weather2/build/runtime.o
                                0x323 (size before relaxing)
 *fill*         0x423d1b27        0x1 
 .text.gc_mark_all
                0x423d1b28      0x21f /Users/gavin/Documents/ChatGPT/worklouder-sdk-knob-1/experiments/mquickjs-esp32s3-physical-canary/build-diag-module-weather2/build/runtime.o
                                0x277 (size before relaxing)
 *fill*         0x423d1d47        0x1 
 .text.JS_DeleteGCRef
                0x423d1d48       0x20 /Users/gavin/Documents/ChatGPT/worklouder-sdk-knob-1/experiments/mquickjs-esp32s3-physical-canary/build-diag-module-weather2/build/runtime.o
                                 0x24 (size before relaxing)
                0x423d1d48                JS_DeleteGCRef
 .text.JS_FreeContext
                0x423d1d68       0x45 /Users/gavin/Documents/ChatGPT/worklouder-sdk-knob-1/experiments/mquickjs-esp32s3-physical-canary/build-diag-module-weather2/build/runtime.o
                                 0x49 (size before relaxing)
                0x423d1d6c                JS_FreeContext
 *fill*         0x423d1dad        0x3 
 .text.release_context
                0x423d1db0       0x46 /Users/gavin/Documents/ChatGPT/worklouder-sdk-knob-1/experiments/mquickjs-esp32s3-physical-canary/build-diag-module-weather2/build/runtime.o
                                 0x4e (size before relaxing)
 *fill*         0x423d1df6        0x2 
 .text.JS_GC    0x423d1df8       0x13 /Users/gavin/Documents/ChatGPT/worklouder-sdk-knob-1/experiments/mquickjs-esp32s3-physical-canary/build-diag-module-weather2/build/runtime.o
                                 0x1f (size before relaxing)
                0x423d1df8                JS_GC
 *fill*         0x423d1e0b        0x1 
 .text.js_object_keys
                0x423d1e0c       0xed /Users/gavin/Documents/ChatGPT/worklouder-sdk-knob-1/experiments/mquickjs-esp32s3-physical-canary/build-diag-module-weather2/build/runtime.o
                                0x109 (size before relaxing)
                0x423d1e0c                js_object_keys
 *fill*         0x423d1ef9        0x3 
 .text.JS_Call  0x423d1efc     0x1d35 /Users/gavin/Documents/ChatGPT/worklouder-sdk-knob-1/experiments/mquickjs-esp32s3-physical-canary/build-diag-module-weather2/build/runtime.o
                               0x1ebd (size before relaxing)
                0x423d1f28                JS_Call
 *fill*         0x423d3c31        0x3 
 .text.JS_ToPrimitive
                0x423d3c34       0xd8 /Users/gavin/Documents/ChatGPT/worklouder-sdk-knob-1/experiments/mquickjs-esp32s3-physical-canary/build-diag-module-weather2/build/runtime.o
                                 0xfc (size before relaxing)
 .text.JS_ToString
                0x423d3d0c       0xd6 /Users/gavin/Documents/ChatGPT/worklouder-sdk-knob-1/experiments/mquickjs-esp32s3-physical-canary/build-diag-module-weather2/build/runtime.o
                                 0xee (size before relaxing)
                0x423d3d14                JS_ToString
 *fill*         0x423d3de2        0x2 
 .text.JS_ToCStringLen
                0x423d3de4       0x36 /Users/gavin/Documents/ChatGPT/worklouder-sdk-knob-1/experiments/mquickjs-esp32s3-physical-canary/build-diag-module-weather2/build/runtime.o
                                 0x42 (size before relaxing)
                0x423d3de4                JS_ToCStringLen
 *fill*         0x423d3e1a        0x2 
 .text.JS_ToCString
                0x423d3e1c       0x15 /Users/gavin/Documents/ChatGPT/worklouder-sdk-knob-1/experiments/mquickjs-esp32s3-physical-canary/build-diag-module-weather2/build/runtime.o
                                 0x19 (size before relaxing)
                0x423d3e1c                JS_ToCString
 *fill*         0x423d3e31        0x3 
 .text.build_backtrace
                0x423d3e34      0x263 /Users/gavin/Documents/ChatGPT/worklouder-sdk-knob-1/experiments/mquickjs-esp32s3-physical-canary/build-diag-module-weather2/build/runtime.o
                                0x2cf (size before relaxing)
 *fill*         0x423d4097        0x1 
 .text.JS_ThrowError
                0x423d4098       0x9d /Users/gavin/Documents/ChatGPT/worklouder-sdk-knob-1/experiments/mquickjs-esp32s3-physical-canary/build-diag-module-weather2/build/runtime.o
                                 0xb9 (size before relaxing)
                0x423d4098                JS_ThrowError
 *fill*         0x423d4135        0x3 
 .text.JS_ThrowOutOfMemory
                0x423d4138       0x44 /Users/gavin/Documents/ChatGPT/worklouder-sdk-knob-1/experiments/mquickjs-esp32s3-physical-canary/build-diag-module-weather2/build/runtime.o
                                 0x48 (size before relaxing)
                0x423d413c                JS_ThrowOutOfMemory
 .text.JS_StackCheck
                0x423d417c       0x3e /Users/gavin/Documents/ChatGPT/worklouder-sdk-knob-1/experiments/mquickjs-esp32s3-physical-canary/build-diag-module-weather2/build/runtime.o
                                 0x4a (size before relaxing)
                0x423d417c                JS_StackCheck
 *fill*         0x423d41ba        0x2 
 .text.push_break_entry
                0x423d41bc       0x52 /Users/gavin/Documents/ChatGPT/worklouder-sdk-knob-1/experiments/mquickjs-esp32s3-physical-canary/build-diag-module-weather2/build/runtime.o
                                 0x5e (size before relaxing)
 *fill*         0x423d420e        0x2 
 .text.js_parse_push_val
                0x423d4210       0x3b /Users/gavin/Documents/ChatGPT/worklouder-sdk-knob-1/experiments/mquickjs-esp32s3-physical-canary/build-diag-module-weather2/build/runtime.o
                                 0x4b (size before relaxing)
 *fill*         0x423d424b        0x1 
 .text.js_parse_call
                0x423d424c       0x5b /Users/gavin/Documents/ChatGPT/worklouder-sdk-knob-1/experiments/mquickjs-esp32s3-physical-canary/build-diag-module-weather2/build/runtime.o
                                 0x63 (size before relaxing)
 *fill*         0x423d42a7        0x1 
 .text.js_parse_expr
                0x423d42a8        0xe /Users/gavin/Documents/ChatGPT/worklouder-sdk-knob-1/experiments/mquickjs-esp32s3-physical-canary/build-diag-module-weather2/build/runtime.o
                                 0x16 (size before relaxing)
 *fill*         0x423d42b6        0x2 
 .text.compute_stack_size_push
                0x423d42b8       0x62 /Users/gavin/Documents/ChatGPT/worklouder-sdk-knob-1/experiments/mquickjs-esp32s3-physical-canary/build-diag-module-weather2/build/runtime.o
                                 0x7e (size before relaxing)
 *fill*         0x423d431a        0x2 
 .text.js_malloc
                0x423d431c       0x45 /Users/gavin/Documents/ChatGPT/worklouder-sdk-knob-1/experiments/mquickjs-esp32s3-physical-canary/build-diag-module-weather2/build/runtime.o
                                 0x51 (size before relaxing)
 *fill*         0x423d4361        0x3 
 .text.JS_NewObjectProtoClass1
                0x423d4364       0x4a /Users/gavin/Documents/ChatGPT/worklouder-sdk-knob-1/experiments/mquickjs-esp32s3-physical-canary/build-diag-module-weather2/build/runtime.o
                                 0x52 (size before relaxing)
 *fill*         0x423d43ae        0x2 
 .text.JS_NewObjectProtoClass
                0x423d43b0       0x16 /Users/gavin/Documents/ChatGPT/worklouder-sdk-knob-1/experiments/mquickjs-esp32s3-physical-canary/build-diag-module-weather2/build/runtime.o
                                 0x1e (size before relaxing)
 *fill*         0x423d43c6        0x2 
 .text.JS_NewObjectClass
                0x423d43c8       0x19 /Users/gavin/Documents/ChatGPT/worklouder-sdk-knob-1/experiments/mquickjs-esp32s3-physical-canary/build-diag-module-weather2/build/runtime.o
                                 0x1d (size before relaxing)
 *fill*         0x423d43e1        0x3 
 .text.JS_NewObject
                0x423d43e4       0x10 /Users/gavin/Documents/ChatGPT/worklouder-sdk-knob-1/experiments/mquickjs-esp32s3-physical-canary/build-diag-module-weather2/build/runtime.o
                                 0x18 (size before relaxing)
                0x423d43e4                JS_NewObject
 .text.js_object_constructor
                0x423d43f4       0x21 /Users/gavin/Documents/ChatGPT/worklouder-sdk-knob-1/experiments/mquickjs-esp32s3-physical-canary/build-diag-module-weather2/build/runtime.o
                                 0x25 (size before relaxing)
                0x423d43f8                js_object_constructor
 *fill*         0x423d4415        0x3 
 .text.stdlib_init_class
                0x423d4418       0xcb /Users/gavin/Documents/ChatGPT/worklouder-sdk-knob-1/experiments/mquickjs-esp32s3-physical-canary/build-diag-module-weather2/build/runtime.o
                                 0xd7 (size before relaxing)
 *fill*         0x423d44e3        0x1 
 .text.__JS_NewFloat64
                0x423d44e4       0x2c /Users/gavin/Documents/ChatGPT/worklouder-sdk-knob-1/experiments/mquickjs-esp32s3-physical-canary/build-diag-module-weather2/build/runtime.o
                                 0x30 (size before relaxing)
 .text.JS_NewFloat64
                0x423d4510       0x54 /Users/gavin/Documents/ChatGPT/worklouder-sdk-knob-1/experiments/mquickjs-esp32s3-physical-canary/build-diag-module-weather2/build/runtime.o
                                 0x74 (size before relaxing)
                0x423d4514                JS_NewFloat64
 .text.JS_NewInt64
                0x423d4564       0x34 /Users/gavin/Documents/ChatGPT/worklouder-sdk-knob-1/experiments/mquickjs-esp32s3-physical-canary/build-diag-module-weather2/build/runtime.o
                                 0x40 (size before relaxing)
                0x423d4564                JS_NewInt64
 .text.JS_NewInt32
                0x423d4598       0x14 /Users/gavin/Documents/ChatGPT/worklouder-sdk-knob-1/experiments/mquickjs-esp32s3-physical-canary/build-diag-module-weather2/build/runtime.o
                                 0x18 (size before relaxing)
                0x423d4598                JS_NewInt32
 .text.JS_NewUint32
                0x423d45ac       0x10 /Users/gavin/Documents/ChatGPT/worklouder-sdk-knob-1/experiments/mquickjs-esp32s3-physical-canary/build-diag-module-weather2/build/runtime.o
                                 0x18 (size before relaxing)
                0x423d45ac                JS_NewUint32
 .text.get_var_ref
                0x423d45bc       0x36 /Users/gavin/Documents/ChatGPT/worklouder-sdk-knob-1/experiments/mquickjs-esp32s3-physical-canary/build-diag-module-weather2/build/runtime.o
                                 0x3e (size before relaxing)
 *fill*         0x423d45f2        0x2 
 .text.js_alloc_value_array
                0x423d45f4       0x4b /Users/gavin/Documents/ChatGPT/worklouder-sdk-knob-1/experiments/mquickjs-esp32s3-physical-canary/build-diag-module-weather2/build/runtime.o
                                 0x57 (size before relaxing)
 *fill*         0x423d463f        0x1 
 .text.js_alloc_props
                0x423d4640       0x88 /Users/gavin/Documents/ChatGPT/worklouder-sdk-knob-1/experiments/mquickjs-esp32s3-physical-canary/build-diag-module-weather2/build/runtime.o
                                 0x8c (size before relaxing)
 .text.JS_NewObjectPrealloc
                0x423d46c8       0x42 /Users/gavin/Documents/ChatGPT/worklouder-sdk-knob-1/experiments/mquickjs-esp32s3-physical-canary/build-diag-module-weather2/build/runtime.o
                                 0x4e (size before relaxing)
                0x423d46c8                JS_NewObjectPrealloc
 *fill*         0x423d470a        0x2 
 .text.JS_NewArray
                0x423d470c       0x4b /Users/gavin/Documents/ChatGPT/worklouder-sdk-knob-1/experiments/mquickjs-esp32s3-physical-canary/build-diag-module-weather2/build/runtime.o
                                 0x5b (size before relaxing)
                0x423d470c                JS_NewArray
 *fill*         0x423d4757        0x1 
 .text.js_resize_value_array2
                0x423d4758       0x74 /Users/gavin/Documents/ChatGPT/worklouder-sdk-knob-1/experiments/mquickjs-esp32s3-physical-canary/build-diag-module-weather2/build/runtime.o
                                 0x80 (size before relaxing)
 .text.add_func_ext_var
                0x423d47cc       0x6e /Users/gavin/Documents/ChatGPT/worklouder-sdk-knob-1/experiments/mquickjs-esp32s3-physical-canary/build-diag-module-weather2/build/runtime.o
                                 0x86 (size before relaxing)
 *fill*         0x423d483a        0x2 
 .text.add_var  0x423d483c       0x69 /Users/gavin/Documents/ChatGPT/worklouder-sdk-knob-1/experiments/mquickjs-esp32s3-physical-canary/build-diag-module-weather2/build/runtime.o
                                 0x79 (size before relaxing)
 *fill*         0x423d48a5        0x3 
 .text.define_var
                0x423d48a8       0x6e /Users/gavin/Documents/ChatGPT/worklouder-sdk-knob-1/experiments/mquickjs-esp32s3-physical-canary/build-diag-module-weather2/build/runtime.o
                                 0x8a (size before relaxing)
 *fill*         0x423d4916        0x2 
 .text.cpool_add
                0x423d4918       0x6a /Users/gavin/Documents/ChatGPT/worklouder-sdk-knob-1/experiments/mquickjs-esp32s3-physical-canary/build-diag-module-weather2/build/runtime.o
                                 0x76 (size before relaxing)
 *fill*         0x423d4982        0x2 
 .text.js_update_props
                0x423d4984       0x90 /Users/gavin/Documents/ChatGPT/worklouder-sdk-knob-1/experiments/mquickjs-esp32s3-physical-canary/build-diag-module-weather2/build/runtime.o
                                 0xa4 (size before relaxing)
 .text.js_alloc_byte_array
                0x423d4a14       0x33 /Users/gavin/Documents/ChatGPT/worklouder-sdk-knob-1/experiments/mquickjs-esp32s3-physical-canary/build-diag-module-weather2/build/runtime.o
                                 0x3f (size before relaxing)
 *fill*         0x423d4a47        0x1 
 .text.JS_MakeUniqueString
                0x423d4a48      0x18c /Users/gavin/Documents/ChatGPT/worklouder-sdk-knob-1/experiments/mquickjs-esp32s3-physical-canary/build-diag-module-weather2/build/runtime.o
                                0x1cc (size before relaxing)
 .text.js_dtoa2
                0x423d4bd4       0x72 /Users/gavin/Documents/ChatGPT/worklouder-sdk-knob-1/experiments/mquickjs-esp32s3-physical-canary/build-diag-module-weather2/build/runtime.o
                                 0x9a (size before relaxing)
 *fill*         0x423d4c46        0x2 
 .text.js_atod1
                0x423d4c48       0xd4 /Users/gavin/Documents/ChatGPT/worklouder-sdk-knob-1/experiments/mquickjs-esp32s3-physical-canary/build-diag-module-weather2/build/runtime.o
                                 0xf8 (size before relaxing)
 .text.string_buffer_push
                0x423d4d1c       0x37 /Users/gavin/Documents/ChatGPT/worklouder-sdk-knob-1/experiments/mquickjs-esp32s3-physical-canary/build-diag-module-weather2/build/runtime.o
                                 0x3b (size before relaxing)
 *fill*         0x423d4d53        0x1 
 .text.js_resize_byte_array
                0x423d4d54       0x4a /Users/gavin/Documents/ChatGPT/worklouder-sdk-knob-1/experiments/mquickjs-esp32s3-physical-canary/build-diag-module-weather2/build/runtime.o
                                 0x56 (size before relaxing)
 *fill*         0x423d4d9e        0x2 
 .text.emit_claim_size
                0x423d4da0       0x22 /Users/gavin/Documents/ChatGPT/worklouder-sdk-knob-1/experiments/mquickjs-esp32s3-physical-canary/build-diag-module-weather2/build/runtime.o
                                 0x2e (size before relaxing)
 *fill*         0x423d4dc2        0x2 
 .text.emit_insert
                0x423d4dc4       0x2a /Users/gavin/Documents/ChatGPT/worklouder-sdk-knob-1/experiments/mquickjs-esp32s3-physical-canary/build-diag-module-weather2/build/runtime.o
                                 0x36 (size before relaxing)
 *fill*         0x423d4dee        0x2 
 .text.emit_u8  0x423d4df0       0x1f /Users/gavin/Documents/ChatGPT/worklouder-sdk-knob-1/experiments/mquickjs-esp32s3-physical-canary/build-diag-module-weather2/build/runtime.o
                                 0x23 (size before relaxing)
 *fill*         0x423d4e0f        0x1 
 .text.re_emit_op_u8
                0x423d4e10       0x16 /Users/gavin/Documents/ChatGPT/worklouder-sdk-knob-1/experiments/mquickjs-esp32s3-physical-canary/build-diag-module-weather2/build/runtime.o
                                 0x22 (size before relaxing)
 *fill*         0x423d4e26        0x2 
 .text.emit_u32
                0x423d4e28       0x33 /Users/gavin/Documents/ChatGPT/worklouder-sdk-knob-1/experiments/mquickjs-esp32s3-physical-canary/build-diag-module-weather2/build/runtime.o
                                 0x37 (size before relaxing)
 *fill*         0x423d4e5b        0x1 
 .text.re_parse_disjunction
                0x423d4e5c       0xe6 /Users/gavin/Documents/ChatGPT/worklouder-sdk-knob-1/experiments/mquickjs-esp32s3-physical-canary/build-diag-module-weather2/build/runtime.o
                                0x12a (size before relaxing)
 *fill*         0x423d4f42        0x2 
 .text.add_interval_intersect
                0x423d4f44       0x2c /Users/gavin/Documents/ChatGPT/worklouder-sdk-knob-1/experiments/mquickjs-esp32s3-physical-canary/build-diag-module-weather2/build/runtime.o
                                 0x48 (size before relaxing)
 .text.re_range_optimize
                0x423d4f70      0x165 /Users/gavin/Documents/ChatGPT/worklouder-sdk-knob-1/experiments/mquickjs-esp32s3-physical-canary/build-diag-module-weather2/build/runtime.o
                                0x19d (size before relaxing)
 *fill*         0x423d50d5        0x3 
 .text.re_emit_goto_u8_u32$constprop$0$isra$0
                0x423d50d8       0x2b /Users/gavin/Documents/ChatGPT/worklouder-sdk-knob-1/experiments/mquickjs-esp32s3-physical-canary/build-diag-module-weather2/build/runtime.o
                                 0x47 (size before relaxing)
 *fill*         0x423d5103        0x1 
 .text.re_emit_range_base
                0x423d5104       0x7f /Users/gavin/Documents/ChatGPT/worklouder-sdk-knob-1/experiments/mquickjs-esp32s3-physical-canary/build-diag-module-weather2/build/runtime.o
                                 0xab (size before relaxing)
 *fill*         0x423d5183        0x1 
 .text.emit_u16
                0x423d5184       0x25 /Users/gavin/Documents/ChatGPT/worklouder-sdk-knob-1/experiments/mquickjs-esp32s3-physical-canary/build-diag-module-weather2/build/runtime.o
                                 0x29 (size before relaxing)
 *fill*         0x423d51a9        0x3 
 .text.js_parse_regexp
                0x423d51ac      0x16f /Users/gavin/Documents/ChatGPT/worklouder-sdk-knob-1/experiments/mquickjs-esp32s3-physical-canary/build-diag-module-weather2/build/runtime.o
                                0x1cf (size before relaxing)
 *fill*         0x423d531b        0x1 
 .text.re_parse_alternative
                0x423d531c      0x9df /Users/gavin/Documents/ChatGPT/worklouder-sdk-knob-1/experiments/mquickjs-esp32s3-physical-canary/build-diag-module-weather2/build/runtime.o
                                0xc17 (size before relaxing)
 *fill*         0x423d5cfb        0x1 
 .text.pc2line_put_bits_short
                0x423d5cfc       0x98 /Users/gavin/Documents/ChatGPT/worklouder-sdk-knob-1/experiments/mquickjs-esp32s3-physical-canary/build-diag-module-weather2/build/runtime.o
                                 0xb0 (size before relaxing)
 .text.pc2line_put_bits
                0x423d5d94       0x2c /Users/gavin/Documents/ChatGPT/worklouder-sdk-knob-1/experiments/mquickjs-esp32s3-physical-canary/build-diag-module-weather2/build/runtime.o
                                 0x34 (size before relaxing)
 .text.put_ugolomb
                0x423d5dc0       0x2a /Users/gavin/Documents/ChatGPT/worklouder-sdk-knob-1/experiments/mquickjs-esp32s3-physical-canary/build-diag-module-weather2/build/runtime.o
                                 0x36 (size before relaxing)
 *fill*         0x423d5dea        0x2 
 .text.emit_op_pos
                0x423d5dec       0xb7 /Users/gavin/Documents/ChatGPT/worklouder-sdk-knob-1/experiments/mquickjs-esp32s3-physical-canary/build-diag-module-weather2/build/runtime.o
                                 0xd3 (size before relaxing)
 *fill*         0x423d5ea3        0x1 
 .text.emit_op  0x423d5ea4       0x12 /Users/gavin/Documents/ChatGPT/worklouder-sdk-knob-1/experiments/mquickjs-esp32s3-physical-canary/build-diag-module-weather2/build/runtime.o
                                 0x16 (size before relaxing)
 *fill*         0x423d5eb6        0x2 
 .text.emit_goto
                0x423d5eb8       0x3c /Users/gavin/Documents/ChatGPT/worklouder-sdk-knob-1/experiments/mquickjs-esp32s3-physical-canary/build-diag-module-weather2/build/runtime.o
                                 0x4c (size before relaxing)
 .text.emit_push_short_int
                0x423d5ef4       0x66 /Users/gavin/Documents/ChatGPT/worklouder-sdk-knob-1/experiments/mquickjs-esp32s3-physical-canary/build-diag-module-weather2/build/runtime.o
                                 0x8e (size before relaxing)
 *fill*         0x423d5f5a        0x2 
 .text.js_emit_push_const
                0x423d5f5c       0x3a /Users/gavin/Documents/ChatGPT/worklouder-sdk-knob-1/experiments/mquickjs-esp32s3-physical-canary/build-diag-module-weather2/build/runtime.o
                                 0x5a (size before relaxing)
 *fill*         0x423d5f96        0x2 
 .text.js_emit_push_number
                0x423d5f98       0x30 /Users/gavin/Documents/ChatGPT/worklouder-sdk-knob-1/experiments/mquickjs-esp32s3-physical-canary/build-diag-module-weather2/build/runtime.o
                                 0x4b (size before relaxing)
 *fill*         0x423d5fc8        0x0 
 .text.emit_var
                0x423d5fc8       0x8a /Users/gavin/Documents/ChatGPT/worklouder-sdk-knob-1/experiments/mquickjs-esp32s3-physical-canary/build-diag-module-weather2/build/runtime.o
                                 0xaa (size before relaxing)
 *fill*         0x423d6052        0x2 
 .text.set_eval_ret_undefined
                0x423d6054       0x22 /Users/gavin/Documents/ChatGPT/worklouder-sdk-knob-1/experiments/mquickjs-esp32s3-physical-canary/build-diag-module-weather2/build/runtime.o
                                 0x2e (size before relaxing)
 *fill*         0x423d6076        0x2 
 .text.get_lvalue
                0x423d6078      0x118 /Users/gavin/Documents/ChatGPT/worklouder-sdk-knob-1/experiments/mquickjs-esp32s3-physical-canary/build-diag-module-weather2/build/runtime.o
                                0x14c (size before relaxing)
 .text.put_lvalue
                0x423d6190       0xc5 /Users/gavin/Documents/ChatGPT/worklouder-sdk-knob-1/experiments/mquickjs-esp32s3-physical-canary/build-diag-module-weather2/build/runtime.o
                                 0xf4 (size before relaxing)
 *fill*         0x423d6255        0x3 
 .text.emit_op_param
                0x423d6258       0x27 /Users/gavin/Documents/ChatGPT/worklouder-sdk-knob-1/experiments/mquickjs-esp32s3-physical-canary/build-diag-module-weather2/build/runtime.o
                                 0x37 (size before relaxing)
 *fill*         0x423d627f        0x1 
 .text.define_hoisted_functions
                0x423d6280       0xc6 /Users/gavin/Documents/ChatGPT/worklouder-sdk-knob-1/experiments/mquickjs-esp32s3-physical-canary/build-diag-module-weather2/build/runtime.o
                                 0xf2 (size before relaxing)
 *fill*         0x423d6346        0x2 
 .text.js_alloc_function_bytecode
                0x423d6348       0x2e /Users/gavin/Documents/ChatGPT/worklouder-sdk-knob-1/experiments/mquickjs-esp32s3-physical-canary/build-diag-module-weather2/build/runtime.o
                                 0x3a (size before relaxing)
 *fill*         0x423d6376        0x2 
 .text.js_alloc_string
                0x423d6378       0x46 /Users/gavin/Documents/ChatGPT/worklouder-sdk-knob-1/experiments/mquickjs-esp32s3-physical-canary/build-diag-module-weather2/build/runtime.o
                                 0x4e (size before relaxing)
 *fill*         0x423d63be        0x2 
 .text.JS_NewStringLen
                0x423d63c0       0x9e /Users/gavin/Documents/ChatGPT/worklouder-sdk-knob-1/experiments/mquickjs-esp32s3-physical-canary/build-diag-module-weather2/build/runtime.o
                                 0xae (size before relaxing)
                0x423d63c0                JS_NewStringLen
 *fill*         0x423d645e        0x2 
 .text.JS_NewString
                0x423d6460       0x18 /Users/gavin/Documents/ChatGPT/worklouder-sdk-knob-1/experiments/mquickjs-esp32s3-physical-canary/build-diag-module-weather2/build/runtime.o
                                 0x24 (size before relaxing)
                0x423d6460                JS_NewString
 .text.js_object_toString
                0x423d6478       0xc4 /Users/gavin/Documents/ChatGPT/worklouder-sdk-knob-1/experiments/mquickjs-esp32s3-physical-canary/build-diag-module-weather2/build/runtime.o
                                 0xd0 (size before relaxing)
                0x423d64a0                js_object_toString
 .text.js_sub_string_utf8
                0x423d653c      0x1c1 /Users/gavin/Documents/ChatGPT/worklouder-sdk-knob-1/experiments/mquickjs-esp32s3-physical-canary/build-diag-module-weather2/build/runtime.o
                                0x1fd (size before relaxing)
 *fill*         0x423d66fd        0x3 
 .text.js_sub_string
                0x423d6700       0x38 /Users/gavin/Documents/ChatGPT/worklouder-sdk-knob-1/experiments/mquickjs-esp32s3-physical-canary/build-diag-module-weather2/build/runtime.o
                                 0x4c (size before relaxing)
 .text.JS_ThrowTypeErrorNotAnObject
                0x423d6738       0x18 /Users/gavin/Documents/ChatGPT/worklouder-sdk-knob-1/experiments/mquickjs-esp32s3-physical-canary/build-diag-module-weather2/build/runtime.o
                                 0x1c (size before relaxing)
 .text.JS_DefinePropertyInternal
                0x423d6750      0x31a /Users/gavin/Documents/ChatGPT/worklouder-sdk-knob-1/experiments/mquickjs-esp32s3-physical-canary/build-diag-module-weather2/build/runtime.o
                                0x35e (size before relaxing)
 *fill*         0x423d6a6a        0x2 
 .text.JS_NewContext2
                0x423d6a6c      0x19c /Users/gavin/Documents/ChatGPT/worklouder-sdk-knob-1/experiments/mquickjs-esp32s3-physical-canary/build-diag-module-weather2/build/runtime.o
                                0x1e0 (size before relaxing)
                0x423d6a70                JS_NewContext2
 .text.JS_NewContext
                0x423d6c08       0x15 /Users/gavin/Documents/ChatGPT/worklouder-sdk-knob-1/experiments/mquickjs-esp32s3-physical-canary/build-diag-module-weather2/build/runtime.o
                                 0x19 (size before relaxing)
                0x423d6c08                JS_NewContext
 *fill*         0x423d6c1d        0x3 
 .text.create_context
                0x423d6c20       0x25 /Users/gavin/Documents/ChatGPT/worklouder-sdk-knob-1/experiments/mquickjs-esp32s3-physical-canary/build-diag-module-weather2/build/runtime.o
                                 0x29 (size before relaxing)
 *fill*         0x423d6c45        0x3 
 .text.JS_DefinePropertyValue
                0x423d6c48       0x19 /Users/gavin/Documents/ChatGPT/worklouder-sdk-knob-1/experiments/mquickjs-esp32s3-physical-canary/build-diag-module-weather2/build/runtime.o
                                 0x1d (size before relaxing)
 *fill*         0x423d6c61        0x3 
 .text.js_closure
                0x423d6c64      0x161 /Users/gavin/Documents/ChatGPT/worklouder-sdk-knob-1/experiments/mquickjs-esp32s3-physical-canary/build-diag-module-weather2/build/runtime.o
                                0x181 (size before relaxing)
 *fill*         0x423d6dc5        0x3 
 .text.__js_poll_interrupt
                0x423d6dc8       0x3a /Users/gavin/Documents/ChatGPT/worklouder-sdk-knob-1/experiments/mquickjs-esp32s3-physical-canary/build-diag-module-weather2/build/runtime.o
                                 0x3e (size before relaxing)
 *fill*         0x423d6e02        0x2 
 .text.js_set_prototype_internal
                0x423d6e04       0x3f /Users/gavin/Documents/ChatGPT/worklouder-sdk-knob-1/experiments/mquickjs-esp32s3-physical-canary/build-diag-module-weather2/build/runtime.o
                                 0x43 (size before relaxing)
 *fill*         0x423d6e43        0x1 
 .text.string_buffer_concat_str
                0x423d6e44      0x18d /Users/gavin/Documents/ChatGPT/worklouder-sdk-knob-1/experiments/mquickjs-esp32s3-physical-canary/build-diag-module-weather2/build/runtime.o
                                0x1d9 (size before relaxing)
 *fill*         0x423d6fd1        0x3 
 .text.JS_ConcatString
                0x423d6fd4       0x45 /Users/gavin/Documents/ChatGPT/worklouder-sdk-knob-1/experiments/mquickjs-esp32s3-physical-canary/build-diag-module-weather2/build/runtime.o
                                 0x61 (size before relaxing)
 *fill*         0x423d7019        0x3 
 .text.string_buffer_putc
                0x423d701c       0x19 /Users/gavin/Documents/ChatGPT/worklouder-sdk-knob-1/experiments/mquickjs-esp32s3-physical-canary/build-diag-module-weather2/build/runtime.o
                                 0x1d (size before relaxing)
 *fill*         0x423d7035        0x3 
 .text.js_parse_string
                0x423d7038       0xdd /Users/gavin/Documents/ChatGPT/worklouder-sdk-knob-1/experiments/mquickjs-esp32s3-physical-canary/build-diag-module-weather2/build/runtime.o
                                0x101 (size before relaxing)
 *fill*         0x423d7115        0x3 
 .text.next_token
                0x423d7118      0x593 /Users/gavin/Documents/ChatGPT/worklouder-sdk-knob-1/experiments/mquickjs-esp32s3-physical-canary/build-diag-module-weather2/build/runtime.o
                                0x61b (size before relaxing)
 *fill*         0x423d76ab        0x1 
 .text.js_parse_expect
                0x423d76ac       0x13 /Users/gavin/Documents/ChatGPT/worklouder-sdk-knob-1/experiments/mquickjs-esp32s3-physical-canary/build-diag-module-weather2/build/runtime.o
                                 0x1f (size before relaxing)
 *fill*         0x423d76bf        0x1 
 .text.js_parse_expr_paren
                0x423d76c0       0x1a /Users/gavin/Documents/ChatGPT/worklouder-sdk-knob-1/experiments/mquickjs-esp32s3-physical-canary/build-diag-module-weather2/build/runtime.o
                                 0x2e (size before relaxing)
 *fill*         0x423d76da        0x2 
 .text.js_parse_block
                0x423d76dc       0x39 /Users/gavin/Documents/ChatGPT/worklouder-sdk-knob-1/experiments/mquickjs-esp32s3-physical-canary/build-diag-module-weather2/build/runtime.o
                                 0x4d (size before relaxing)
 *fill*         0x423d7715        0x3 
 .text.js_skip_parens
                0x423d7718       0xcd /Users/gavin/Documents/ChatGPT/worklouder-sdk-knob-1/experiments/mquickjs-esp32s3-physical-canary/build-diag-module-weather2/build/runtime.o
                                 0xe4 (size before relaxing)
 *fill*         0x423d77e5        0x3 
 .text.js_parse_var
                0x423d77e8       0x8a /Users/gavin/Documents/ChatGPT/worklouder-sdk-knob-1/experiments/mquickjs-esp32s3-physical-canary/build-diag-module-weather2/build/runtime.o
                                 0xb6 (size before relaxing)
 *fill*         0x423d7872        0x2 
 .text.js_parse_expect_semi
                0x423d7874       0x3a /Users/gavin/Documents/ChatGPT/worklouder-sdk-knob-1/experiments/mquickjs-esp32s3-physical-canary/build-diag-module-weather2/build/runtime.o
                                 0x49 (size before relaxing)
 *fill*         0x423d78ae        0x2 
 .text.js_parse_function_decl
                0x423d78b0      0x128 /Users/gavin/Documents/ChatGPT/worklouder-sdk-knob-1/experiments/mquickjs-esp32s3-physical-canary/build-diag-module-weather2/build/runtime.o
                                0x180 (size before relaxing)
 .text.js_parse_source_element
                0x423d79d8       0x24 /Users/gavin/Documents/ChatGPT/worklouder-sdk-knob-1/experiments/mquickjs-esp32s3-physical-canary/build-diag-module-weather2/build/runtime.o
                                 0x30 (size before relaxing)
 .text.js_parse_unary
                0x423d79fc      0x2f5 /Users/gavin/Documents/ChatGPT/worklouder-sdk-knob-1/experiments/mquickjs-esp32s3-physical-canary/build-diag-module-weather2/build/runtime.o
                                0x3d1 (size before relaxing)
 *fill*         0x423d7cf1        0x3 
 .text.js_parse_expr_binary
                0x423d7cf4      0x1a2 /Users/gavin/Documents/ChatGPT/worklouder-sdk-knob-1/experiments/mquickjs-esp32s3-physical-canary/build-diag-module-weather2/build/runtime.o
                                0x1ea (size before relaxing)
 *fill*         0x423d7e96        0x2 
 .text.js_parse_logical_and_or
                0x423d7e98       0xfa /Users/gavin/Documents/ChatGPT/worklouder-sdk-knob-1/experiments/mquickjs-esp32s3-physical-canary/build-diag-module-weather2/build/runtime.o
                                0x14d (size before relaxing)
 *fill*         0x423d7f92        0x2 
 .text.js_parse_cond_expr
                0x423d7f94       0xeb /Users/gavin/Documents/ChatGPT/worklouder-sdk-knob-1/experiments/mquickjs-esp32s3-physical-canary/build-diag-module-weather2/build/runtime.o
                                0x15f (size before relaxing)
 *fill*         0x423d807f        0x1 
 .text.js_parse_assign_expr
                0x423d8080      0x135 /Users/gavin/Documents/ChatGPT/worklouder-sdk-knob-1/experiments/mquickjs-esp32s3-physical-canary/build-diag-module-weather2/build/runtime.o
                                0x1bd (size before relaxing)
 *fill*         0x423d81b5        0x3 
 .text.js_parse_expr_comma
                0x423d81b8       0x91 /Users/gavin/Documents/ChatGPT/worklouder-sdk-knob-1/experiments/mquickjs-esp32s3-physical-canary/build-diag-module-weather2/build/runtime.o
                                 0xc1 (size before relaxing)
 *fill*         0x423d8249        0x3 
 .text.js_parse_statement
                0x423d824c      0xb7a /Users/gavin/Documents/ChatGPT/worklouder-sdk-knob-1/experiments/mquickjs-esp32s3-physical-canary/build-diag-module-weather2/build/runtime.o
                               0x1042 (size before relaxing)
 *fill*         0x423d8dc6        0x2 
 .text.js_boolean_constructor
                0x423d8dc8       0x2b /Users/gavin/Documents/ChatGPT/worklouder-sdk-knob-1/experiments/mquickjs-esp32s3-physical-canary/build-diag-module-weather2/build/runtime.o
                                 0x37 (size before relaxing)
                0x423d8dcc                js_boolean_constructor
 *fill*         0x423d8df3        0x1 
 .text.js_string_toString
                0x423d8df4       0x20 /Users/gavin/Documents/ChatGPT/worklouder-sdk-knob-1/experiments/mquickjs-esp32s3-physical-canary/build-diag-module-weather2/build/runtime.o
                                 0x30 (size before relaxing)
                0x423d8df8                js_string_toString
 .text.js_error_get_message
                0x423d8e14       0x2e /Users/gavin/Documents/ChatGPT/worklouder-sdk-knob-1/experiments/mquickjs-esp32s3-physical-canary/build-diag-module-weather2/build/runtime.o
                                 0x3e (size before relaxing)
                0x423d8e18                js_error_get_message
 *fill*         0x423d8e42        0x2 
 .text.js_get_array
                0x423d8e44       0x22 /Users/gavin/Documents/ChatGPT/worklouder-sdk-knob-1/experiments/mquickjs-esp32s3-physical-canary/build-diag-module-weather2/build/runtime.o
                                 0x2e (size before relaxing)
 *fill*         0x423d8e66        0x2 
 .text.js_array_get_length
                0x423d8e68       0x17 /Users/gavin/Documents/ChatGPT/worklouder-sdk-knob-1/experiments/mquickjs-esp32s3-physical-canary/build-diag-module-weather2/build/runtime.o
                                 0x1b (size before relaxing)
                0x423d8e68                js_array_get_length
 *fill*         0x423d8e7f        0x1 
 .text.js_array_pop
                0x423d8e80       0x26 /Users/gavin/Documents/ChatGPT/worklouder-sdk-knob-1/experiments/mquickjs-esp32s3-physical-canary/build-diag-module-weather2/build/runtime.o
                                 0x2a (size before relaxing)
                0x423d8e80                js_array_pop
 *fill*         0x423d8ea6        0x2 
 .text.js_array_resize
                0x423d8ea8       0x9b /Users/gavin/Documents/ChatGPT/worklouder-sdk-knob-1/experiments/mquickjs-esp32s3-physical-canary/build-diag-module-weather2/build/runtime.o
                                 0xab (size before relaxing)
 *fill*         0x423d8f43        0x1 
 .text.js_array_push
                0x423d8f44       0x82 /Users/gavin/Documents/ChatGPT/worklouder-sdk-knob-1/experiments/mquickjs-esp32s3-physical-canary/build-diag-module-weather2/build/runtime.o
                                 0xa2 (size before relaxing)
                0x423d8f44                js_array_push
 *fill*         0x423d8fc6        0x2 
 .text.js_framer_commit
                0x423d8fc8       0x2a /Users/gavin/Documents/ChatGPT/worklouder-sdk-knob-1/experiments/mquickjs-esp32s3-physical-canary/build-diag-module-weather2/build/runtime.o
                                 0x32 (size before relaxing)
 *fill*         0x423d8ff2        0x2 
 .text.js_string_get_length
                0x423d8ff4       0x2c /Users/gavin/Documents/ChatGPT/worklouder-sdk-knob-1/experiments/mquickjs-esp32s3-physical-canary/build-diag-module-weather2/build/runtime.o
                                 0x40 (size before relaxing)
                0x423d8ff4                js_string_get_length
 .text.JS_Parse2
                0x423d9020      0x8e0 /Users/gavin/Documents/ChatGPT/worklouder-sdk-knob-1/experiments/mquickjs-esp32s3-physical-canary/build-diag-module-weather2/build/runtime.o
                                0xa58 (size before relaxing)
 .text.JS_Parse
                0x423d9900       0x19 /Users/gavin/Documents/ChatGPT/worklouder-sdk-knob-1/experiments/mquickjs-esp32s3-physical-canary/build-diag-module-weather2/build/runtime.o
                                 0x1d (size before relaxing)
                0x423d9900                JS_Parse
 *fill*         0x423d9919        0x3 
 .text.js_framer_on
                0x423d991c       0xc2 /Users/gavin/Documents/ChatGPT/worklouder-sdk-knob-1/experiments/mquickjs-esp32s3-physical-canary/build-diag-module-weather2/build/runtime.o
                                 0xee (size before relaxing)
 *fill*         0x423d99de        0x2 
 .text.JS_ToPropertyKey
                0x423d99e0       0xd4 /Users/gavin/Documents/ChatGPT/worklouder-sdk-knob-1/experiments/mquickjs-esp32s3-physical-canary/build-diag-module-weather2/build/runtime.o
                                 0xe4 (size before relaxing)
 .text.js_parse_postfix_expr
                0x423d9ab4      0x7d5 /Users/gavin/Documents/ChatGPT/worklouder-sdk-knob-1/experiments/mquickjs-esp32s3-physical-canary/build-diag-module-weather2/build/runtime.o
                                0xa55 (size before relaxing)
 *fill*         0x423da289        0x3 
 .text.js_object_hasOwnProperty
                0x423da28c       0x77 /Users/gavin/Documents/ChatGPT/worklouder-sdk-knob-1/experiments/mquickjs-esp32s3-physical-canary/build-diag-module-weather2/build/runtime.o
                                 0x8e (size before relaxing)
                0x423da290                js_object_hasOwnProperty
 *fill*         0x423da303        0x1 
 .text.JS_ToStringCheckObject
                0x423da304       0x27 /Users/gavin/Documents/ChatGPT/worklouder-sdk-knob-1/experiments/mquickjs-esp32s3-physical-canary/build-diag-module-weather2/build/runtime.o
                                 0x36 (size before relaxing)
 *fill*         0x423da32b        0x1 
 .text.js_string_constructor
                0x423da32c       0x30 /Users/gavin/Documents/ChatGPT/worklouder-sdk-knob-1/experiments/mquickjs-esp32s3-physical-canary/build-diag-module-weather2/build/runtime.o
                                 0x3c (size before relaxing)
                0x423da330                js_string_constructor
 .text.js_error_constructor
                0x423da35c       0x7e /Users/gavin/Documents/ChatGPT/worklouder-sdk-knob-1/experiments/mquickjs-esp32s3-physical-canary/build-diag-module-weather2/build/runtime.o
                                 0x8a (size before relaxing)
                0x423da35c                js_error_constructor
 *fill*         0x423da3da        0x2 
 .text.JS_ToNumber
                0x423da3dc       0x99 /Users/gavin/Documents/ChatGPT/worklouder-sdk-knob-1/experiments/mquickjs-esp32s3-physical-canary/build-diag-module-weather2/build/runtime.o
                                 0xa9 (size before relaxing)
                0x423da3dc                JS_ToNumber
 *fill*         0x423da475        0x3 
 .text.JS_ToInt32Internal
                0x423da478       0xa1 /Users/gavin/Documents/ChatGPT/worklouder-sdk-knob-1/experiments/mquickjs-esp32s3-physical-canary/build-diag-module-weather2/build/runtime.o
                                 0xb1 (size before relaxing)
 *fill*         0x423da519        0x3 
 .text.JS_ToInt32
                0x423da51c       0x15 /Users/gavin/Documents/ChatGPT/worklouder-sdk-knob-1/experiments/mquickjs-esp32s3-physical-canary/build-diag-module-weather2/build/runtime.o
                                 0x19 (size before relaxing)
                0x423da51c                JS_ToInt32
 *fill*         0x423da531        0x3 
 .text.js_array_set_length
                0x423da534       0x2f /Users/gavin/Documents/ChatGPT/worklouder-sdk-knob-1/experiments/mquickjs-esp32s3-physical-canary/build-diag-module-weather2/build/runtime.o
                                 0x43 (size before relaxing)
                0x423da534                js_array_set_length
 *fill*         0x423da563        0x1 
 .text.js_array_constructor
                0x423da564       0x80 /Users/gavin/Documents/ChatGPT/worklouder-sdk-knob-1/experiments/mquickjs-esp32s3-physical-canary/build-diag-module-weather2/build/runtime.o
                                 0x9c (size before relaxing)
                0x423da564                js_array_constructor
 .text.js_framer_get_int
                0x423da5e4       0x66 /Users/gavin/Documents/ChatGPT/worklouder-sdk-knob-1/experiments/mquickjs-esp32s3-physical-canary/build-diag-module-weather2/build/runtime.o
                                 0x7e (size before relaxing)
 *fill*         0x423da64a        0x2 
 .text.js_binary_logic_slow
                0x423da64c       0x9c /Users/gavin/Documents/ChatGPT/worklouder-sdk-knob-1/experiments/mquickjs-esp32s3-physical-canary/build-diag-module-weather2/build/runtime.o
                                 0xb8 (size before relaxing)
 .text.js_not_slow
                0x423da6e8       0x26 /Users/gavin/Documents/ChatGPT/worklouder-sdk-knob-1/experiments/mquickjs-esp32s3-physical-canary/build-diag-module-weather2/build/runtime.o
                                 0x32 (size before relaxing)
 *fill*         0x423da70e        0x2 
 .text.js_framer_set_int
                0x423da710       0x67 /Users/gavin/Documents/ChatGPT/worklouder-sdk-knob-1/experiments/mquickjs-esp32s3-physical-canary/build-diag-module-weather2/build/runtime.o
                                 0x83 (size before relaxing)
 *fill*         0x423da777        0x1 
 .text.JS_ToInt32Sat
                0x423da778       0x15 /Users/gavin/Documents/ChatGPT/worklouder-sdk-knob-1/experiments/mquickjs-esp32s3-physical-canary/build-diag-module-weather2/build/runtime.o
                                 0x19 (size before relaxing)
                0x423da778                JS_ToInt32Sat
 *fill*         0x423da78d        0x3 
 .text.JS_ToInt32Clamp
                0x423da790       0x27 /Users/gavin/Documents/ChatGPT/worklouder-sdk-knob-1/experiments/mquickjs-esp32s3-physical-canary/build-diag-module-weather2/build/runtime.o
                                 0x2f (size before relaxing)
 *fill*         0x423da7b7        0x1 
 .text.js_string_slice
                0x423da7b8       0x6c /Users/gavin/Documents/ChatGPT/worklouder-sdk-knob-1/experiments/mquickjs-esp32s3-physical-canary/build-diag-module-weather2/build/runtime.o
                                 0x88 (size before relaxing)
                0x423da7b8                js_string_slice
 .text.js_string_charAt
                0x423da824       0x86 /Users/gavin/Documents/ChatGPT/worklouder-sdk-knob-1/experiments/mquickjs-esp32s3-physical-canary/build-diag-module-weather2/build/runtime.o
                                 0x9a (size before relaxing)
                0x423da824                js_string_charAt
 *fill*         0x423da8aa        0x2 
 .text.JS_GetPropertyInternal
                0x423da8ac      0x264 /Users/gavin/Documents/ChatGPT/worklouder-sdk-knob-1/experiments/mquickjs-esp32s3-physical-canary/build-diag-module-weather2/build/runtime.o
                                0x294 (size before relaxing)
 .text.JS_GetProperty
                0x423dab10       0x15 /Users/gavin/Documents/ChatGPT/worklouder-sdk-knob-1/experiments/mquickjs-esp32s3-physical-canary/build-diag-module-weather2/build/runtime.o
                                 0x19 (size before relaxing)
 *fill*         0x423dab25        0x3 
 .text.JS_GetPropertyStr
                0x423dab28       0x39 /Users/gavin/Documents/ChatGPT/worklouder-sdk-knob-1/experiments/mquickjs-esp32s3-physical-canary/build-diag-module-weather2/build/runtime.o
                                 0x49 (size before relaxing)
                0x423dab28                JS_GetPropertyStr
 *fill*         0x423dab61        0x3 
 .text.js_framer_is_held
                0x423dab64       0x87 /Users/gavin/Documents/ChatGPT/worklouder-sdk-knob-1/experiments/mquickjs-esp32s3-physical-canary/build-diag-module-weather2/build/runtime.o
                                 0xa3 (size before relaxing)
 *fill*         0x423dabeb        0x1 
 .text.classify_exception
                0x423dabec      0x168 /Users/gavin/Documents/ChatGPT/worklouder-sdk-knob-1/experiments/mquickjs-esp32s3-physical-canary/build-diag-module-weather2/build/runtime.o
                                0x200 (size before relaxing)
 .text.js_binary_arith_slow
                0x423dad54       0x9e /Users/gavin/Documents/ChatGPT/worklouder-sdk-knob-1/experiments/mquickjs-esp32s3-physical-canary/build-diag-module-weather2/build/runtime.o
                                 0xd6 (size before relaxing)
 *fill*         0x423dadf2        0x2 
 .text.js_unary_arith_slow
                0x423dadf4       0x88 /Users/gavin/Documents/ChatGPT/worklouder-sdk-knob-1/experiments/mquickjs-esp32s3-physical-canary/build-diag-module-weather2/build/runtime.o
                                 0xa0 (size before relaxing)
 .text.js_post_inc_slow
                0x423dae7c       0x58 /Users/gavin/Documents/ChatGPT/worklouder-sdk-knob-1/experiments/mquickjs-esp32s3-physical-canary/build-diag-module-weather2/build/runtime.o
                                 0x84 (size before relaxing)
 .text.js_strict_eq
                0x423daed4       0x96 /Users/gavin/Documents/ChatGPT/worklouder-sdk-knob-1/experiments/mquickjs-esp32s3-physical-canary/build-diag-module-weather2/build/runtime.o
                                 0xda (size before relaxing)
 *fill*         0x423daf6a        0x2 
 .text.js_number_constructor
                0x423daf6c       0x3c /Users/gavin/Documents/ChatGPT/worklouder-sdk-knob-1/experiments/mquickjs-esp32s3-physical-canary/build-diag-module-weather2/build/runtime.o
                                 0x4c (size before relaxing)
                0x423daf70                js_number_constructor
 .text.js_thisNumberValue
                0x423dafa8       0x31 /Users/gavin/Documents/ChatGPT/worklouder-sdk-knob-1/experiments/mquickjs-esp32s3-physical-canary/build-diag-module-weather2/build/runtime.o
                                 0x41 (size before relaxing)
 *fill*         0x423dafd9        0x3 
 .text.js_number_toString
                0x423dafdc       0x74 /Users/gavin/Documents/ChatGPT/worklouder-sdk-knob-1/experiments/mquickjs-esp32s3-physical-canary/build-diag-module-weather2/build/runtime.o
                                 0x8c (size before relaxing)
                0x423dafe0                js_number_toString
 .text.js_add_slow
                0x423db050       0xa1 /Users/gavin/Documents/ChatGPT/worklouder-sdk-knob-1/experiments/mquickjs-esp32s3-physical-canary/build-diag-module-weather2/build/runtime.o
                                 0xe5 (size before relaxing)
 *fill*         0x423db0f1        0x3 
 .text.js_relational_slow
                0x423db0f4       0xfa /Users/gavin/Documents/ChatGPT/worklouder-sdk-knob-1/experiments/mquickjs-esp32s3-physical-canary/build-diag-module-weather2/build/runtime.o
                                0x13e (size before relaxing)
 *fill*         0x423db1ee        0x2 
 .text.js_eq_slow
                0x423db1f0       0xfc /Users/gavin/Documents/ChatGPT/worklouder-sdk-knob-1/experiments/mquickjs-esp32s3-physical-canary/build-diag-module-weather2/build/runtime.o
                                0x130 (size before relaxing)
 .text.JS_SetPropertyInternal
                0x423db2ec      0x3ae /Users/gavin/Documents/ChatGPT/worklouder-sdk-knob-1/experiments/mquickjs-esp32s3-physical-canary/build-diag-module-weather2/build/runtime.o
                                0x416 (size before relaxing)
 *fill*         0x423db69a        0x2 
 .text.JS_SetPropertyStr
                0x423db69c       0x41 /Users/gavin/Documents/ChatGPT/worklouder-sdk-knob-1/experiments/mquickjs-esp32s3-physical-canary/build-diag-module-weather2/build/runtime.o
                                 0x55 (size before relaxing)
                0x423db69c                JS_SetPropertyStr
 *fill*         0x423db6dd        0x3 
 .text.set_event_property$isra$0
                0x423db6e0       0x1d /Users/gavin/Documents/ChatGPT/worklouder-sdk-knob-1/experiments/mquickjs-esp32s3-physical-canary/build-diag-module-weather2/build/runtime.o
                                 0x21 (size before relaxing)
 *fill*         0x423db6fd        0x3 
 .text.JS_SetPropertyUint32
                0x423db700       0x32 /Users/gavin/Documents/ChatGPT/worklouder-sdk-knob-1/experiments/mquickjs-esp32s3-physical-canary/build-diag-module-weather2/build/runtime.o
                                 0x3a (size before relaxing)
                0x423db704                JS_SetPropertyUint32
 *fill*         0x423db732        0x2 
 .text.js_parse_json_value
                0x423db734      0x352 /Users/gavin/Documents/ChatGPT/worklouder-sdk-knob-1/experiments/mquickjs-esp32s3-physical-canary/build-diag-module-weather2/build/runtime.o
                                0x412 (size before relaxing)
 *fill*         0x423dba86        0x2 
 .text.JS_Run   0x423dba88       0x74 /Users/gavin/Documents/ChatGPT/worklouder-sdk-knob-1/experiments/mquickjs-esp32s3-physical-canary/build-diag-module-weather2/build/runtime.o
                                 0x8c (size before relaxing)
                0x423dba8c                JS_Run
 .text.JS_Eval  0x423dbafc       0x22 /Users/gavin/Documents/ChatGPT/worklouder-sdk-knob-1/experiments/mquickjs-esp32s3-physical-canary/build-diag-module-weather2/build/runtime.o
                                 0x32 (size before relaxing)
                0x423dbafc                JS_Eval
 *fill*         0x423dbb1e        0x2 
 .text.evaluate
                0x423dbb20       0xd9 /Users/gavin/Documents/ChatGPT/worklouder-sdk-knob-1/experiments/mquickjs-esp32s3-physical-canary/build-diag-module-weather2/build/runtime.o
                                0x109 (size before relaxing)
 *fill*         0x423dbbf9        0x3 
 .text.recover_last_good$isra$0
                0x423dbbfc       0x3e /Users/gavin/Documents/ChatGPT/worklouder-sdk-knob-1/experiments/mquickjs-esp32s3-physical-canary/build-diag-module-weather2/build/runtime.o
                                 0x5a (size before relaxing)
 *fill*         0x423dbc3a        0x2 
 .text.dispatch_staged_iteration
                0x423dbc3c      0x462 /Users/gavin/Documents/ChatGPT/worklouder-sdk-knob-1/experiments/mquickjs-esp32s3-physical-canary/build-diag-module-weather2/build/runtime.o
                                0x55a (size before relaxing)
 *fill*         0x423dc09e        0x2 
 .text.framer_mqjs_init
                0x423dc0a0      0x17a /Users/gavin/Documents/ChatGPT/worklouder-sdk-knob-1/experiments/mquickjs-esp32s3-physical-canary/build-diag-module-weather2/build/runtime.o
                                0x196 (size before relaxing)
                0x423dc0a4                framer_mqjs_init
 *fill*         0x423dc21a        0x2 
 .text.framer_mqjs_load
                0x423dc21c       0xfc /Users/gavin/Documents/ChatGPT/worklouder-sdk-knob-1/experiments/mquickjs-esp32s3-physical-canary/build-diag-module-weather2/build/runtime.o
                                0x128 (size before relaxing)
                0x423dc220                framer_mqjs_load
 .text.framer_mqjs_dispatch
                0x423dc318       0xd4 /Users/gavin/Documents/ChatGPT/worklouder-sdk-knob-1/experiments/mquickjs-esp32s3-physical-canary/build-diag-module-weather2/build/runtime.o
                                 0xf8 (size before relaxing)
                0x423dc318                framer_mqjs_dispatch
 .text.framer_mqjs_input_enqueue
                0x423dc3ec      0x22c /Users/gavin/Documents/ChatGPT/worklouder-sdk-knob-1/experiments/mquickjs-esp32s3-physical-canary/build-diag-module-weather2/build/runtime.o
                                0x238 (size before relaxing)
                0x423dc3ec                framer_mqjs_input_enqueue
 .text.framer_mqjs_input_request_release_all
                0x423dc618       0x92 /Users/gavin/Documents/ChatGPT/worklouder-sdk-knob-1/experiments/mquickjs-esp32s3-physical-canary/build-diag-module-weather2/build/runtime.o
                                 0x96 (size before relaxing)
                0x423dc618                framer_mqjs_input_request_release_all
 *fill*         0x423dc6aa        0x2 
 .text.framer_mqjs_input_request_focus_release
                0x423dc6ac       0xa6 /Users/gavin/Documents/ChatGPT/worklouder-sdk-knob-1/experiments/mquickjs-esp32s3-physical-canary/build-diag-module-weather2/build/runtime.o
                                 0xae (size before relaxing)
                0x423dc6ac                framer_mqjs_input_request_focus_release
 *fill*         0x423dc752        0x2 
 .text.framer_mqjs_input_drain
                0x423dc754      0x29e /Users/gavin/Documents/ChatGPT/worklouder-sdk-knob-1/experiments/mquickjs-esp32s3-physical-canary/build-diag-module-weather2/build/runtime.o
                                0x2c9 (size before relaxing)
                0x423dc754                framer_mqjs_input_drain
 *fill*         0x423dc9f2        0x2 
 .text.framer_mqjs_input_get_observation
                0x423dc9f4       0xa4 /Users/gavin/Documents/ChatGPT/worklouder-sdk-knob-1/experiments/mquickjs-esp32s3-physical-canary/build-diag-module-weather2/build/runtime.o
                                 0xac (size before relaxing)
                0x423dc9f4                framer_mqjs_input_get_observation
 .text.framer_mqjs_get_telemetry
                0x423dca98       0x3c /Users/gavin/Documents/ChatGPT/worklouder-sdk-knob-1/experiments/mquickjs-esp32s3-physical-canary/build-diag-module-weather2/build/runtime.o
                                 0x48 (size before relaxing)
                0x423dca98                framer_mqjs_get_telemetry
 .text.framer_mqjs_get_last_good_slots
                0x423dcad4       0x3c /Users/gavin/Documents/ChatGPT/worklouder-sdk-knob-1/experiments/mquickjs-esp32s3-physical-canary/build-diag-module-weather2/build/runtime.o
                                 0x48 (size before relaxing)
                0x423dcad4                framer_mqjs_get_last_good_slots
 .text.framer_mqjs_destroy
                0x423dcb10       0x66 /Users/gavin/Documents/ChatGPT/worklouder-sdk-knob-1/experiments/mquickjs-esp32s3-physical-canary/build-diag-module-weather2/build/runtime.o
                                 0x7a (size before relaxing)
                0x423dcb10                framer_mqjs_destroy
 *fill*         0x423dcb76        0x2 
 .text.framer_mqjs_module_probe
                0x423dcb78        0xc /Users/gavin/Documents/ChatGPT/worklouder-sdk-knob-1/experiments/mquickjs-esp32s3-physical-canary/build-diag-module-weather2/build/adapter.o
                0x423dcb7c                framer_mqjs_module_probe
 .text.u32toa_len
                0x423dcb84       0x2f /Users/gavin/Documents/ChatGPT/worklouder-sdk-knob-1/experiments/mquickjs-esp32s3-physical-canary/build-diag-module-weather2/build/dtoa.o
 *fill*         0x423dcbb3        0x1 
 .text.mpb_mul1_base
                0x423dcbb4       0x62 /Users/gavin/Documents/ChatGPT/worklouder-sdk-knob-1/experiments/mquickjs-esp32s3-physical-canary/build-diag-module-weather2/build/dtoa.o
                                 0x66 (size before relaxing)
 *fill*         0x423dcc16        0x2 
 .text.mul_log2_radix
                0x423dcc18       0x3b /Users/gavin/Documents/ChatGPT/worklouder-sdk-knob-1/experiments/mquickjs-esp32s3-physical-canary/build-diag-module-weather2/build/dtoa.o
 *fill*         0x423dcc53        0x1 
 .text.pow_ui   0x423dcc54       0x90 /Users/gavin/Documents/ChatGPT/worklouder-sdk-knob-1/experiments/mquickjs-esp32s3-physical-canary/build-diag-module-weather2/build/dtoa.o
                                 0x94 (size before relaxing)
 .text.mpb_shr_round
                0x423dcce4      0x197 /Users/gavin/Documents/ChatGPT/worklouder-sdk-knob-1/experiments/mquickjs-esp32s3-physical-canary/build-diag-module-weather2/build/dtoa.o
                                0x19f (size before relaxing)
 *fill*         0x423dce7b        0x1 
 .text.output_digits
                0x423dce7c      0x156 /Users/gavin/Documents/ChatGPT/worklouder-sdk-knob-1/experiments/mquickjs-esp32s3-physical-canary/build-diag-module-weather2/build/dtoa.o
                                0x182 (size before relaxing)
 *fill*         0x423dcfd2        0x2 
 .text.round_to_d$constprop$0
                0x423dcfd4       0x78 /Users/gavin/Documents/ChatGPT/worklouder-sdk-knob-1/experiments/mquickjs-esp32s3-physical-canary/build-diag-module-weather2/build/dtoa.o
                                 0x84 (size before relaxing)
 .text.mul_pow  0x423dd04c      0x162 /Users/gavin/Documents/ChatGPT/worklouder-sdk-knob-1/experiments/mquickjs-esp32s3-physical-canary/build-diag-module-weather2/build/dtoa.o
                                0x192 (size before relaxing)
 *fill*         0x423dd1ae        0x2 
 .text.mul_pow_round
                0x423dd1b0       0x2e /Users/gavin/Documents/ChatGPT/worklouder-sdk-knob-1/experiments/mquickjs-esp32s3-physical-canary/build-diag-module-weather2/build/dtoa.o
                                 0x3a (size before relaxing)
 *fill*         0x423dd1de        0x2 
 .text.u32toa   0x423dd1e0       0x3a /Users/gavin/Documents/ChatGPT/worklouder-sdk-knob-1/experiments/mquickjs-esp32s3-physical-canary/build-diag-module-weather2/build/dtoa.o
                                 0x42 (size before relaxing)
                0x423dd1e0                u32toa
 *fill*         0x423dd21a        0x2 
 .text.i32toa   0x423dd21c       0x29 /Users/gavin/Documents/ChatGPT/worklouder-sdk-knob-1/experiments/mquickjs-esp32s3-physical-canary/build-diag-module-weather2/build/dtoa.o
                                 0x31 (size before relaxing)
                0x423dd21c                i32toa
 *fill*         0x423dd245        0x3 
 .text.u64toa   0x423dd248       0xa9 /Users/gavin/Documents/ChatGPT/worklouder-sdk-knob-1/experiments/mquickjs-esp32s3-physical-canary/build-diag-module-weather2/build/dtoa.o
                                 0xe5 (size before relaxing)
                0x423dd250                u64toa
 *fill*         0x423dd2f1        0x3 
 .text.i64toa   0x423dd2f4       0x39 /Users/gavin/Documents/ChatGPT/worklouder-sdk-knob-1/experiments/mquickjs-esp32s3-physical-canary/build-diag-module-weather2/build/dtoa.o
                                 0x41 (size before relaxing)
                0x423dd2f4                i64toa
 *fill*         0x423dd32d        0x3 
 .text.u64toa_radix
                0x423dd330       0xe6 /Users/gavin/Documents/ChatGPT/worklouder-sdk-knob-1/experiments/mquickjs-esp32s3-physical-canary/build-diag-module-weather2/build/dtoa.o
                                0x102 (size before relaxing)
                0x423dd330                u64toa_radix
 *fill*         0x423dd416        0x2 
 .text.js_dtoa_max_len
                0x423dd418       0x69 /Users/gavin/Documents/ChatGPT/worklouder-sdk-knob-1/experiments/mquickjs-esp32s3-physical-canary/build-diag-module-weather2/build/dtoa.o
                                 0x79 (size before relaxing)
                0x423dd41c                js_dtoa_max_len
 *fill*         0x423dd481        0x3 
 .text.js_dtoa  0x423dd484      0x475 /Users/gavin/Documents/ChatGPT/worklouder-sdk-knob-1/experiments/mquickjs-esp32s3-physical-canary/build-diag-module-weather2/build/dtoa.o
                                0x505 (size before relaxing)
                0x423dd48c                js_dtoa
 *fill*         0x423dd8f9        0x3 
 .text.js_atod  0x423dd8fc      0x49a /Users/gavin/Documents/ChatGPT/worklouder-sdk-knob-1/experiments/mquickjs-esp32s3-physical-canary/build-diag-module-weather2/build/dtoa.o
                                0x4fe (size before relaxing)
                0x423dd90c                js_atod
 *fill*         0x423ddd96        0x2 
 .text.eval_poly
                0x423ddd98       0x35 /Users/gavin/Documents/ChatGPT/worklouder-sdk-knob-1/experiments/mquickjs-esp32s3-physical-canary/build-diag-module-weather2/build/libm.o
                                 0x41 (size before relaxing)
 *fill*         0x423dddcd        0x3 
 .text.kernel_log2
                0x423dddd0      0x2e2 /Users/gavin/Documents/ChatGPT/worklouder-sdk-knob-1/experiments/mquickjs-esp32s3-physical-canary/build-diag-module-weather2/build/libm.o
                                0x426 (size before relaxing)
 *fill*         0x423de0b2        0x2 
 .text.js_lrint
                0x423de0b4       0xca /Users/gavin/Documents/ChatGPT/worklouder-sdk-knob-1/experiments/mquickjs-esp32s3-physical-canary/build-diag-module-weather2/build/libm.o
                                 0xd6 (size before relaxing)
                0x423de0b4                js_lrint
 *fill*         0x423de17e        0x2 
 .text.js_fmod  0x423de180      0x20e /Users/gavin/Documents/ChatGPT/worklouder-sdk-knob-1/experiments/mquickjs-esp32s3-physical-canary/build-diag-module-weather2/build/libm.o
                                0x22a (size before relaxing)
                0x423de184                js_fmod
 *fill*         0x423de38e        0x2 
 .text.js_scalbn
                0x423de390       0xd8 /Users/gavin/Documents/ChatGPT/worklouder-sdk-knob-1/experiments/mquickjs-esp32s3-physical-canary/build-diag-module-weather2/build/libm.o
                                 0xf4 (size before relaxing)
                0x423de3a8                js_scalbn
 .text.kernel_exp
                0x423de468       0xbe /Users/gavin/Documents/ChatGPT/worklouder-sdk-knob-1/experiments/mquickjs-esp32s3-physical-canary/build-diag-module-weather2/build/libm.o
                                0x122 (size before relaxing)
 *fill*         0x423de526        0x2 
 .text.js_sqrt  0x423de528      0x14e /Users/gavin/Documents/ChatGPT/worklouder-sdk-knob-1/experiments/mquickjs-esp32s3-physical-canary/build-diag-module-weather2/build/libm.o
                                0x166 (size before relaxing)
                0x423de528                js_sqrt
 *fill*         0x423de676        0x2 
 .text.js_pow   0x423de678      0x588 /Users/gavin/Documents/ChatGPT/worklouder-sdk-knob-1/experiments/mquickjs-esp32s3-physical-canary/build-diag-module-weather2/build/libm.o
                                0x6e4 (size before relaxing)
                0x423de6c4                js_pow
 .text.sha256_block
                0x423dec00      0x1aa /Users/gavin/Documents/ChatGPT/worklouder-sdk-knob-1/experiments/mquickjs-esp32s3-physical-canary/build-diag-module-weather2/build/f2js.o
                                0x1ae (size before relaxing)
 *fill*         0x423dedaa        0x2 
 .text.canonical_utf8
                0x423dedac       0xa1 /Users/gavin/Documents/ChatGPT/worklouder-sdk-knob-1/experiments/mquickjs-esp32s3-physical-canary/build-diag-module-weather2/build/f2js.o
                                 0xa5 (size before relaxing)
 *fill*         0x423dee4d        0x3 
 .text.framer_f2js_sha256
                0x423dee50      0x141 /Users/gavin/Documents/ChatGPT/worklouder-sdk-knob-1/experiments/mquickjs-esp32s3-physical-canary/build-diag-module-weather2/build/f2js.o
                                0x15d (size before relaxing)
                0x423dee70                framer_f2js_sha256
 *fill*         0x423def91        0x3 
 .text.framer_f2js_admit
                0x423def94      0x989 /Users/gavin/Documents/ChatGPT/worklouder-sdk-knob-1/experiments/mquickjs-esp32s3-physical-canary/build-diag-module-weather2/build/f2js.o
                                0xac1 (size before relaxing)
                0x423defbc                framer_f2js_admit
 *fill*         0x423df91d        0x3 
 .text.owner_request_terminal_release
                0x423df920       0x5c /Users/gavin/Documents/ChatGPT/worklouder-sdk-knob-1/experiments/mquickjs-esp32s3-physical-canary/build-diag-module-weather2/build/resident.o
                                 0x64 (size before relaxing)
 .text.owner_enqueue_admitted
                0x423df97c      0x152 /Users/gavin/Documents/ChatGPT/worklouder-sdk-knob-1/experiments/mquickjs-esp32s3-physical-canary/build-diag-module-weather2/build/resident.o
                                0x17a (size before relaxing)
 *fill*         0x423dface        0x2 
 .text.framer_resident_mailbox_init
                0x423dfad0       0x18 /Users/gavin/Documents/ChatGPT/worklouder-sdk-knob-1/experiments/mquickjs-esp32s3-physical-canary/build-diag-module-weather2/build/resident.o
                                 0x20 (size before relaxing)
                0x423dfad0                framer_resident_mailbox_init
 .text.owner_publish
                0x423dfae8       0x82 /Users/gavin/Documents/ChatGPT/worklouder-sdk-knob-1/experiments/mquickjs-esp32s3-physical-canary/build-diag-module-weather2/build/resident.o
                                 0x9d (size before relaxing)
 *fill*         0x423dfb6a        0x2 
 .text.framer_resident_capability_init
                0x423dfb6c       0x18 /Users/gavin/Documents/ChatGPT/worklouder-sdk-knob-1/experiments/mquickjs-esp32s3-physical-canary/build-diag-module-weather2/build/resident.o
                                 0x20 (size before relaxing)
                0x423dfb6c                framer_resident_capability_init
 .text.framer_resident_owner_init_shell
                0x423dfb84       0x6a /Users/gavin/Documents/ChatGPT/worklouder-sdk-knob-1/experiments/mquickjs-esp32s3-physical-canary/build-diag-module-weather2/build/resident.o
                                 0x86 (size before relaxing)
                0x423dfb84                framer_resident_owner_init_shell
 *fill*         0x423dfbee        0x2 
 .text.framer_resident_owner_mark_module_mapped
                0x423dfbf0       0x1a /Users/gavin/Documents/ChatGPT/worklouder-sdk-knob-1/experiments/mquickjs-esp32s3-physical-canary/build-diag-module-weather2/build/resident.o
                                 0x22 (size before relaxing)
                0x423dfbf0                framer_resident_owner_mark_module_mapped
 *fill*         0x423dfc0a        0x2 
 .text.framer_resident_owner_enqueue
                0x423dfc0c       0x5e /Users/gavin/Documents/ChatGPT/worklouder-sdk-knob-1/experiments/mquickjs-esp32s3-physical-canary/build-diag-module-weather2/build/resident.o
                                 0x76 (size before relaxing)
                0x423dfc18                framer_resident_owner_enqueue
 *fill*         0x423dfc6a        0x2 
 .text.framer_resident_owner_enqueue_host_rpc_tagged
                0x423dfc6c       0x9d /Users/gavin/Documents/ChatGPT/worklouder-sdk-knob-1/experiments/mquickjs-esp32s3-physical-canary/build-diag-module-weather2/build/resident.o
                                 0xb5 (size before relaxing)
                0x423dfc70                framer_resident_owner_enqueue_host_rpc_tagged
 *fill*         0x423dfd09        0x3 
 .text.framer_resident_owner_enqueue_host_rpc
                0x423dfd0c       0x1a /Users/gavin/Documents/ChatGPT/worklouder-sdk-knob-1/experiments/mquickjs-esp32s3-physical-canary/build-diag-module-weather2/build/resident.o
                                 0x1e (size before relaxing)
                0x423dfd0c                framer_resident_owner_enqueue_host_rpc
 *fill*         0x423dfd26        0x2 
 .text.framer_resident_owner_notify_input
                0x423dfd28       0x2a /Users/gavin/Documents/ChatGPT/worklouder-sdk-knob-1/experiments/mquickjs-esp32s3-physical-canary/build-diag-module-weather2/build/resident.o
                                 0x3e (size before relaxing)
                0x423dfd28                framer_resident_owner_notify_input
 *fill*         0x423dfd52        0x2 
 .text.framer_resident_owner_input_after_stock
                0x423dfd54       0x57 /Users/gavin/Documents/ChatGPT/worklouder-sdk-knob-1/experiments/mquickjs-esp32s3-physical-canary/build-diag-module-weather2/build/resident.o
                                 0x6a (size before relaxing)
                0x423dfd54                framer_resident_owner_input_after_stock
 *fill*         0x423dfdab        0x1 
 .text.framer_resident_owner_input_poll_due
                0x423dfdac       0x36 /Users/gavin/Documents/ChatGPT/worklouder-sdk-knob-1/experiments/mquickjs-esp32s3-physical-canary/build-diag-module-weather2/build/resident.o
                                 0x4a (size before relaxing)
                0x423dfdac                framer_resident_owner_input_poll_due
 *fill*         0x423dfde2        0x2 
 .text.framer_resident_owner_step
                0x423dfde4      0x3f8 /Users/gavin/Documents/ChatGPT/worklouder-sdk-knob-1/experiments/mquickjs-esp32s3-physical-canary/build-diag-module-weather2/build/resident.o
                                0x428 (size before relaxing)
                0x423dfde4                framer_resident_owner_step
 .text.framer_resident_owner_begin_quiesce
                0x423e01dc      0x14e /Users/gavin/Documents/ChatGPT/worklouder-sdk-knob-1/experiments/mquickjs-esp32s3-physical-canary/build-diag-module-weather2/build/resident.o
                                0x172 (size before relaxing)
                0x423e01dc                framer_resident_owner_begin_quiesce
 *fill*         0x423e032a        0x2 
 .text.framer_resident_owner_stop_on_task
                0x423e032c      0x24e /Users/gavin/Documents/ChatGPT/worklouder-sdk-knob-1/experiments/mquickjs-esp32s3-physical-canary/build-diag-module-weather2/build/resident.o
                                0x286 (size before relaxing)
                0x423e032c                framer_resident_owner_stop_on_task
 *fill*         0x423e057a        0x2 
 .text.framer_resident_owner_boot_on_task
                0x423e057c      0x50a /Users/gavin/Documents/ChatGPT/worklouder-sdk-knob-1/experiments/mquickjs-esp32s3-physical-canary/build-diag-module-weather2/build/resident.o
                                0x59e (size before relaxing)
                0x423e0588                framer_resident_owner_boot_on_task
 *fill*         0x423e0a86        0x2 
 .text.framer_resident_owner_get_telemetry
                0x423e0a88       0xbe /Users/gavin/Documents/ChatGPT/worklouder-sdk-knob-1/experiments/mquickjs-esp32s3-physical-canary/build-diag-module-weather2/build/resident.o
                                 0xc6 (size before relaxing)
                0x423e0a88                framer_resident_owner_get_telemetry
 *fill*         0x423e0b46        0x2 
 .text.append_ascii
                0x423e0b48       0x20 /Users/gavin/Documents/ChatGPT/worklouder-sdk-knob-1/experiments/mquickjs-esp32s3-physical-canary/build-diag-module-weather2/build/target.o
                                 0x24 (size before relaxing)
 .text.append_i32
                0x423e0b68       0x68 /Users/gavin/Documents/ChatGPT/worklouder-sdk-knob-1/experiments/mquickjs-esp32s3-physical-canary/build-diag-module-weather2/build/target.o
                                 0x74 (size before relaxing)
 .text.target_pixels
                0x423e0bd0      0x1bc /Users/gavin/Documents/ChatGPT/worklouder-sdk-knob-1/experiments/mquickjs-esp32s3-physical-canary/build-diag-module-weather2/build/target.o
                                0x1c0 (size before relaxing)
 .text.framer_tf_crc32
                0x423e0d8c       0x43 /Users/gavin/Documents/ChatGPT/worklouder-sdk-knob-1/experiments/mquickjs-esp32s3-physical-canary/build-diag-module-weather2/build/target.o
                0x423e0d90                framer_tf_crc32
 *fill*         0x423e0dcf        0x1 
 .text.framer_tf_admit
                0x423e0dd0      0x676 /Users/gavin/Documents/ChatGPT/worklouder-sdk-knob-1/experiments/mquickjs-esp32s3-physical-canary/build-diag-module-weather2/build/target.o
                                0x712 (size before relaxing)
                0x423e0ddc                framer_tf_admit
 *fill*         0x423e1446        0x2 
 .text.render_internal
                0x423e1448      0x472 /Users/gavin/Documents/ChatGPT/worklouder-sdk-knob-1/experiments/mquickjs-esp32s3-physical-canary/build-diag-module-weather2/build/target.o
                                0x4ee (size before relaxing)
 *fill*         0x423e18ba        0x2 
 .text.framer_tf_render
                0x423e18bc       0x1c /Users/gavin/Documents/ChatGPT/worklouder-sdk-knob-1/experiments/mquickjs-esp32s3-physical-canary/build-diag-module-weather2/build/target.o
                                 0x24 (size before relaxing)
                0x423e18bc                framer_tf_render
 .text.append_text
                0x423e18d8       0x18 /Users/gavin/Documents/ChatGPT/worklouder-sdk-knob-1/experiments/mquickjs-esp32s3-physical-canary/build-diag-module-weather2/build/runtime-proof.o
                                 0x20 (size before relaxing)
 .text.append_hex32
                0x423e18f0       0x2e /Users/gavin/Documents/ChatGPT/worklouder-sdk-knob-1/experiments/mquickjs-esp32s3-physical-canary/build-diag-module-weather2/build/runtime-proof.o
                                 0x32 (size before relaxing)
 *fill*         0x423e191e        0x2 
 .text.append_hex64
                0x423e1920       0x1a /Users/gavin/Documents/ChatGPT/worklouder-sdk-knob-1/experiments/mquickjs-esp32s3-physical-canary/build-diag-module-weather2/build/runtime-proof.o
                                 0x26 (size before relaxing)
 *fill*         0x423e193a        0x2 
 .text.framer_runtime_rpc_init
                0x423e193c       0x52 /Users/gavin/Documents/ChatGPT/worklouder-sdk-knob-1/experiments/mquickjs-esp32s3-physical-canary/build-diag-module-weather2/build/runtime-proof.o
                                 0x76 (size before relaxing)
                0x423e1948                framer_runtime_rpc_init
 *fill*         0x423e198e        0x2 
 .text.framer_runtime_receipt_init
                0x423e1990       0x12 /Users/gavin/Documents/ChatGPT/worklouder-sdk-knob-1/experiments/mquickjs-esp32s3-physical-canary/build-diag-module-weather2/build/runtime-proof.o
                                 0x1a (size before relaxing)
                0x423e1990                framer_runtime_receipt_init
 *fill*         0x423e19a2        0x2 
 .text.framer_runtime_receipt_format
                0x423e19a4      0x12e /Users/gavin/Documents/ChatGPT/worklouder-sdk-knob-1/experiments/mquickjs-esp32s3-physical-canary/build-diag-module-weather2/build/runtime-proof.o
                                0x1be (size before relaxing)
                0x423e19d0                framer_runtime_receipt_format
 *fill*         0x423e1ad2        0x2 
 .text.framer_runtime_capability_format
                0x423e1ad4      0x1ee /Users/gavin/Documents/ChatGPT/worklouder-sdk-knob-1/experiments/mquickjs-esp32s3-physical-canary/build-diag-module-weather2/build/runtime-proof.o
                                0x286 (size before relaxing)
                0x423e1b20                framer_runtime_capability_format
 *fill*         0x423e1cc2        0x2 
 .text.framer_runtime_telemetry_format
                0x423e1cc4      0x42e /Users/gavin/Documents/ChatGPT/worklouder-sdk-knob-1/experiments/mquickjs-esp32s3-physical-canary/build-diag-module-weather2/build/runtime-proof.o
                                0x6ae (size before relaxing)
                0x423e1d2c                framer_runtime_telemetry_format
 *fill*         0x423e20f2        0x2 
 .text.framer_runtime_key_probe_init
                0x423e20f4        0xe /Users/gavin/Documents/ChatGPT/worklouder-sdk-knob-1/experiments/mquickjs-esp32s3-physical-canary/build-diag-module-weather2/build/runtime-proof.o
                                 0x16 (size before relaxing)
                0x423e20f4                framer_runtime_key_probe_init
 *fill*         0x423e2102        0x2 
 .text.framer_runtime_key_probe_commit
                0x423e2104       0x1c /Users/gavin/Documents/ChatGPT/worklouder-sdk-knob-1/experiments/mquickjs-esp32s3-physical-canary/build-diag-module-weather2/build/runtime-proof.o
                                 0x24 (size before relaxing)
                0x423e2104                framer_runtime_key_probe_commit
 .text.framer_runtime_visibility_init